******************************************************************************
                  TI ARM Linker Unix v20.2.4                   
******************************************************************************
>> Linked Fri Mar 12 21:34:49 2021

OUTPUT FILE NAME:   <Lab3.out>
ENTRY POINT SYMBOL: "_c_int00_noargs"  address: 00013ec5


MEMORY CONFIGURATION

         name            origin    length      used     unused   attr    fill
----------------------  --------  ---------  --------  --------  ----  --------
  MAIN                  00000000   00040000  00014534  0002bacc  R  X
  INFO                  00200000   00004000  00000000  00004000  R  X
  SRAM_CODE             01000000   00010000  0000752f  00008ad1  RW X
  SRAM_DATA             20000000   00010000  0000752f  00008ad1  RW  


SEGMENT ALLOCATION MAP

run origin  load origin   length   init length attrs members
----------  ----------- ---------- ----------- ----- -------
00000000    00000000    00014538   00014538    r-x
  00000000    00000000    000000e4   000000e4    r-- .intvecs
  000000e4    000000e4    00014212   00014212    r-x .text
  000142f8    000142f8    000001d6   000001d6    r-- .const
  000144d0    000144d0    00000068   00000068    r-- .cinit
20000000    20000000    00007330   00000000    rw-
  20000000    20000000    00006ed3   00000000    rw- .bss
  20006ed4    20006ed4    0000045c   00000000    rw- .data
2000fe00    2000fe00    00000200   00000000    rw-
  2000fe00    2000fe00    00000200   00000000    rw- .stack


SECTION ALLOCATION MAP

 output                                  attributes/
section   page    origin      length       input sections
--------  ----  ----------  ----------   ----------------
.intvecs   0    00000000    000000e4     
                  00000000    000000e4     startup_msp432p401r_ccs.obj (.intvecs:retain)

.text      0    000000e4    00014212     
                  000000e4    0000d5e0     bmi160.obj (.text)
                  0000d6c4    00001810     bme280.obj (.text)
                  0000eed4    00000c28     bmi160_support.obj (.text)
                  0000fafc    00000a4e     rtsv7M4_T_le_v4SPD16_eabi.lib : _printfi.c.obj (.text:__TI_printfi)
                  0001054a    00000002                                   : div0.asm.obj (.text)
                  0001054c    0000043c     G8RTOS_Scheduler.obj (.text)
                  00010988    00000360     i2c_driver.obj (.text)
                  00010ce8    00000334     system_msp432p401r.obj (.text)
                  0001101c    000002f8     BackChannelUart.obj (.text)
                  00011314    000002e0     bme280_support.obj (.text)
                  000115f4    000002d0     Threads.obj (.text)
                  000118c4    00000270     rtsv7M4_T_le_v4SPD16_eabi.lib : _printfi.c.obj (.text:_pconv_a)
                  00011b34    00000234     tmp007.obj (.text)
                  00011d68    000001f0     RGBLeds.obj (.text)
                  00011f58    000001d0     rtsv7M4_T_le_v4SPD16_eabi.lib : _printfi.c.obj (.text:_pconv_g)
                  00012128    000001b6                                   : fd_add_t2.asm.obj (.text)
                  000122de    00000002     --HOLE-- [fill = 0]
                  000122e0    0000019c     IPC.obj (.text)
                  0001247c    00000178     Joystick.obj (.text)
                  000125f4    0000013c     rtsv7M4_T_le_v4SPD16_eabi.lib : _printfi.c.obj (.text:_pconv_e)
                  00012730    00000136                                   : fd_div_t2.asm.obj (.text)
                  00012866    00000002     --HOLE-- [fill = 0]
                  00012868    00000124                                   : _printfi.c.obj (.text:fcvt)
                  0001298c    00000110                                   : s_scalbn.c.obj (.text:scalbn)
                  00012a9c    00000104     msp432p4xx_driverlib.lib : cs.o (.text:CS_getDCOFrequency)
                  00012ba0    000000fe     opt3001.obj (.text)
                  00012c9e    000000fc     rtsv7M4_T_le_v4SPD16_eabi.lib : fd_mul_t2.asm.obj (.text)
                  00012d9a    00000002     --HOLE-- [fill = 0]
                  00012d9c    000000e0     msp432p4xx_driverlib.lib : cs.o (.text:CS_initClockSignal)
                  00012e7c    000000dc                              : pcm.o (.text:__PCM_setPowerModeAdvanced)
                  00012f58    000000b1     rtsv7M4_T_le_v4SPD16_eabi.lib : _printfi.c.obj (.text:_ltostr)
                  00013009    00000003     --HOLE-- [fill = 0]
                  0001300c    000000b0     msp432p4xx_driverlib.lib : pcm.o (.text:__PCM_setCoreVoltageLevelAdvanced)
                  000130bc    000000a0     G8RTOS_Semaphores.obj (.text)
                  0001315c    0000009c     msp432p4xx_driverlib.lib : cs.o (.text:CS_startHFXTWithTimeout)
                  000131f8    0000009c                              : cs.o (.text:_CSComputeCLKFrequency)
                  00013294    0000009c     main.obj (.text)
                  00013330    0000009c     rtsv7M4_T_le_v4SPD16_eabi.lib : memcpy_t2.asm.obj (.text)
                  000133cc    00000096                                   : ull_div_t2.asm.obj (.text)
                  00013462    00000002     --HOLE-- [fill = 0]
                  00013464    00000094     msp432p4xx_driverlib.lib : uart.o (.text:UART_initModule)
                  000134f8    00000086     rtsv7M4_T_le_v4SPD16_eabi.lib : fd_cmp_t2.asm.obj (.text:__aeabi_cdcmple)
                  0001357e    00000086                                   : fd_cmp_t2.asm.obj (.text:__aeabi_cdrcmple)
                  00013604    00000084     ClockSys.obj (.text)
                  00013688    0000007a     rtsv7M4_T_le_v4SPD16_eabi.lib : memset_t2.asm.obj (.text)
                  00013702    00000002     --HOLE-- [fill = 0]
                  00013704    00000070     msp432p4xx_driverlib.lib : cs.o (.text:_CSGetHFXTFrequency)
                  00013774    0000006e     rtsv7M4_T_le_v4SPD16_eabi.lib : _printfi.c.obj (.text:_mcpy)
                  000137e2    0000006e                                   : ll_div_t2.asm.obj (.text)
                  00013850    00000068                                   : copy_decompress_lzss.c.obj (.text:decompress:lzss:__TI_decompress_lzss)
                  000138b8    00000064     msp432p4xx_driverlib.lib : interrupt.o (.text:Interrupt_disableInterrupt)
                  0001391c    00000064                              : interrupt.o (.text:Interrupt_enableInterrupt)
                  00013980    00000064     rtsv7M4_T_le_v4SPD16_eabi.lib : s_frexp.c.obj (.text:frexp)
                  000139e4    00000060     G8RTOS_SchedulerASM.obj (.text)
                  00013a44    00000056     rtsv7M4_T_le_v4SPD16_eabi.lib : _printfi.c.obj (.text:_pconv_f)
                  00013a9a    00000054                                   : _ltoa.c.obj (.text:__TI_ltoa)
                  00013aee    00000052                                   : _printfi.c.obj (.text:_ecpy)
                  00013b40    00000050     msp432p4xx_driverlib.lib : sysctl.o (.text:SysCtl_getTLVInfo)
                  00013b90    0000004c                              : gpio.o (.text:GPIO_setAsPeripheralModuleFunctionOutputPin)
                  00013bdc    0000004c                              : cs.o (.text:_CSGetDOCFrequency)
                  00013c28    0000004c     rtsv7M4_T_le_v4SPD16_eabi.lib : atoi.c.obj (.text:atoi)
                  00013c74    0000004c                                   : snprintf.c.obj (.text:snprintf)
                  00013cc0    00000048     msp432p4xx_driverlib.lib : gpio.o (.text:GPIO_setAsPeripheralModuleFunctionInputPin)
                  00013d08    00000048                              : cs.o (.text:_CSGetDividerValue)
                  00013d50    00000048     rtsv7M4_T_le_v4SPD16_eabi.lib : fd_toi_t2.asm.obj (.text)
                  00013d98    00000044                                   : autoinit.c.obj (.text:__TI_auto_init_nobinit_nopinit:__TI_auto_init_nobinit_nopinit)
                  00013ddc    0000003e     msp432p4xx_driverlib.lib : i2c.o (.text:I2C_initMaster)
                  00013e1a    0000003e     rtsv7M4_T_le_v4SPD16_eabi.lib : _printfi.c.obj (.text:_fcpy)
                  00013e58    00000038     msp432p4xx_driverlib.lib : i2c.o (.text:I2C_masterSendMultiByteStart)
                  00013e90    00000034     BSP.obj (.text)
                  00013ec4    00000034     rtsv7M4_T_le_v4SPD16_eabi.lib : boot_cortex_m.c.obj (.text:_c_int00_noargs:_c_int00_noargs)
                  00013ef8    00000030     msp432p4xx_driverlib.lib : i2c.o (.text:I2C_masterSendMultiByteStop)
                  00013f28    00000030     rtsv7M4_T_le_v4SPD16_eabi.lib : snprintf.c.obj (.text:_outs)
                  00013f58    0000002e                                   : i_tofd_t2.asm.obj (.text)
                  00013f86    0000002c     msp432p4xx_driverlib.lib : pcm.o (.text:PCM_getCoreVoltageLevel)
                  00013fb2    0000002a                              : pcm.o (.text:PCM_getPowerMode)
                  00013fdc    00000028                              : flash.o (.text:FlashCtl_setWaitState)
                  00014004    00000026     demo_sysctl.obj (.text)
                  0001402a    00000002     --HOLE-- [fill = 0]
                  0001402c    00000024     msp432p4xx_driverlib.lib : cs.o (.text:CS_clearInterruptFlag)
                  00014050    00000024                              : i2c.o (.text:I2C_masterSendMultiByteNext)
                  00014074    00000024                              : interrupt.o (.text:Interrupt_setPriority)
                  00014098    00000024                              : uart.o (.text:UART_transmitData)
                  000140bc    0000001c     rtsv7M4_T_le_v4SPD16_eabi.lib : memccpy.c.obj (.text:memccpy)
                  000140d8    0000001a                                   : s_copysign.c.obj (.text:copysign)
                  000140f2    00000002     --HOLE-- [fill = 0]
                  000140f4    00000018     msp432p4xx_driverlib.lib : cs.o (.text:CS_getMCLK)
                  0001410c    00000018                              : cs.o (.text:CS_getSMCLK)
                  00014124    00000018                              : wdt_a.o (.text:WDT_A_clearTimer)
                  0001413c    00000018                              : wdt_a.o (.text:WDT_A_holdTimer)
                  00014154    00000018     rtsv7M4_T_le_v4SPD16_eabi.lib : snprintf.c.obj (.text:_outc)
                  0001416c    00000018                                   : ll_mul_t2.asm.obj (.text)
                  00014184    00000016                                   : strchr.c.obj (.text:strchr)
                  0001419a    00000002     --HOLE-- [fill = 0]
                  0001419c    00000014     msp432p4xx_driverlib.lib : cs.o (.text:CS_setExternalClockSourceFrequency)
                  000141b0    00000014                              : i2c.o (.text:I2C_isBusBusy)
                  000141c4    00000014     rtsv7M4_T_le_v4SPD16_eabi.lib : strlen.c.obj (.text:strlen)
                  000141d8    00000012                                   : wcslen.c.obj (.text:wcslen)
                  000141ea    00000010     msp432p4xx_driverlib.lib : i2c.o (.text:I2C_masterReceiveStart)
                  000141fa    00000002     --HOLE-- [fill = 0]
                  000141fc    00000010                              : sysctl.o (.text:SysCtl_disableNMISource)
                  0001420c    00000010                              : sysctl.o (.text:SysCtl_enableNMISource)
                  0001421c    0000000e     G8RTOS_CriticalSection.obj (.text)
                  0001422a    0000000e     msp432p4xx_driverlib.lib : i2c.o (.text:I2C_clearInterruptFlag)
                  00014238    0000000e                              : i2c.o (.text:I2C_disableInterrupt)
                  00014246    0000000e     rtsv7M4_T_le_v4SPD16_eabi.lib : copy_decompress_none.c.obj (.text:decompress:none:__TI_decompress_none)
                  00014254    0000000e     startup_msp432p401r_ccs.obj (.text)
                  00014262    0000000c     msp432p4xx_driverlib.lib : i2c.o (.text:I2C_disableModule)
                  0001426e    0000000c                              : i2c.o (.text:I2C_enableModule)
                  0001427a    00000002     --HOLE-- [fill = 0]
                  0001427c    0000000c                              : pcm.o (.text:PCM_getPowerState)
                  00014288    0000000c                              : sysctl.o (.text:SysCtl_getNMISourceStatus)
                  00014294    0000000c                              : uart.o (.text:UART_enableModule)
                  000142a0    0000000c     rtsv7M4_T_le_v4SPD16_eabi.lib : copy_zero_init.c.obj (.text:decompress:ZI:__TI_zero_init)
                  000142ac    00000008     msp432p4xx_driverlib.lib : i2c.o (.text:I2C_enableInterrupt)
                  000142b4    00000008                              : pcm.o (.text:PCM_setCoreVoltageLevel)
                  000142bc    00000008                              : pcm.o (.text:PCM_setPowerMode)
                  000142c4    00000008     rtsv7M4_T_le_v4SPD16_eabi.lib : errno.c.obj (.text:__aeabi_errno_addr)
                  000142cc    00000006     msp432p4xx_driverlib.lib : cs.o (.text:CS_startHFXT)
                  000142d2    00000006                              : i2c.o (.text:I2C_getEnabledInterruptStatus)
                  000142d8    00000006                              : i2c.o (.text:I2C_getInterruptStatus)
                  000142de    00000006                              : i2c.o (.text:I2C_masterReceiveMultiByteNext)
                  000142e4    00000006     demo_sysctl.obj (.text:SysCtlDelay)
                  000142ea    00000004     msp432p4xx_driverlib.lib : i2c.o (.text:I2C_setSlaveAddress)
                  000142ee    00000004     rtsv7M4_T_le_v4SPD16_eabi.lib : pre_init.c.obj (.text:_system_pre_init)
                  000142f2    00000004                                   : exit.c.obj (.text:abort:abort)

.const     0    000142f8    000001d6     
                  000142f8    00000101     rtsv7M4_T_le_v4SPD16_eabi.lib : ctype.c.obj (.const:.string:_ctypes_)
                  000143f9    00000003     bmi160.obj (.const:.string:INVALID_OFFSET)
                  000143fc    00000050     msp432p4xx_driverlib.lib : interrupt.o (.const:g_pulRegs)
                  0001444c    00000040                              : interrupt.o (.const)
                  0001448c    00000024     BackChannelUart.obj (.const:backChannelUart115200Config)
                  000144b0    0000000c     bmi160.obj (.const:yas532_version_ac_coef)
                  000144bc    00000008     bmi160.obj (.const:v_calib_data$2)
                  000144c4    00000005     bme280_support.obj (.const:.string:$P$T0$1)
                  000144c9    00000005     bmi160.obj (.const:.string:v_correct_u8$1)

.cinit     0    000144d0    00000068     
                  000144d0    00000042     (.cinit..data.load) [load image, compression = lzss]
                  00014512    00000002     --HOLE-- [fill = 0]
                  00014514    0000000c     (__TI_handler_table)
                  00014520    00000008     (.cinit..bss.load) [load image, compression = zero_init]
                  00014528    00000010     (__TI_cinit_table)

.init_array 
*          0    00000000    00000000     UNINITIALIZED

.binit     0    00000000    00000000     

.bss       0    20000000    00006ed3     UNINITIALIZED
                  20000000    00006000     G8RTOS_Scheduler.obj (.bss:threadStacks)
                  20006000    0000036c     (.common:accel_fifo)
                  2000636c    0000036c     (.common:gyro_fifo)
                  200066d8    0000036c     (.common:mag_fifo)
                  20006a44    00000150     IPC.obj (.bss:fifoControlBlocks)
                  20006b94    00000100     BackChannelUart.obj (.bss:backChannelStringBuff)
                  20006c94    00000090     G8RTOS_Scheduler.obj (.bss:pthreadControlBlocks)
                  20006d24    00000090     G8RTOS_Scheduler.obj (.bss:threadControlBlocks)
                  20006db4    00000070     bmi160.obj (.bss:yas532_data)
                  20006e24    0000003c     (.common:bme280)
                  20006e60    00000014     (.common:s_bmi160)
                  20006e74    00000010     bmi160.obj (.bss:mag_trim)
                  20006e84    00000008     G8RTOS_Scheduler.obj (.bss)
                  20006e8c    00000006     (.common:accelxyz)
                  20006e92    00000006     (.common:gyroxyz)
                  20006e98    00000004     bme280.obj (.bss)
                  20006e9c    00000004     bmi160.obj (.bss)
                  20006ea0    00000004     tmp007.obj (.bss:buf)
                  20006ea4    00000004     (.common:ButtonFunction)
                  20006ea8    00000004     (.common:CurrentlyRunningThread)
                  20006eac    00000004     (.common:LEDMutex)
                  20006eb0    00000004     (.common:SystemTime)
                  20006eb4    00000004     (.common:g_ui32ByteCount)
                  20006eb8    00000004     (.common:hfxtFreq)
                  20006ebc    00000004     (.common:lfxtFreq)
                  20006ec0    00000004     (.common:pData)
                  20006ec4    00000004     (.common:sensorMutex)
                  20006ec8    00000004     (.common:temp_f)
                  20006ecc    00000003     bmi160.obj (.bss:akm_asa_data)
                  20006ecf    00000001     (.common:ui8DummyRead)
                  20006ed0    00000002     tmp007.obj (.bss)
                  20006ed2    00000001     (.common:ui8Status)

.data      0    20006ed4    0000045c     UNINITIALIZED
                  20006ed4    00000400     bmi160.obj (.data:v_fifo_data_u8)
                  200072d4    00000030     msp432p4xx_driverlib.lib : gpio.o (.data:GPIO_PORT_TO_BASE)
                  20007304    00000014     i2c_driver.obj (.data:i2cConfig)
                  20007318    00000008     bmi160.obj (.data)
                  20007320    00000005     Threads.obj (.data)
                  20007325    00000001     i2c_driver.obj (.data)
                  20007326    00000002     --HOLE--
                  20007328    00000004     rtsv7M4_T_le_v4SPD16_eabi.lib : errno.c.obj (.data)
                  2000732c    00000004     system_msp432p401r.obj (.data)

.stack     0    2000fe00    00000200     UNINITIALIZED
                  2000fe00    00000004     rtsv7M4_T_le_v4SPD16_eabi.lib : boot_cortex_m.c.obj (.stack)
                  2000fe04    000001fc     --HOLE--

__llvm_prf_cnts 
*          0    20000000    00000000     UNINITIALIZED

MODULE SUMMARY

       Module                        code    ro data   rw data
       ------                        ----    -------   -------
    ./
       system_msp432p401r.obj        820     0         8      
       startup_msp432p401r_ccs.obj   14      228       0      
       main.obj                      156     0         16     
    +--+-----------------------------+-------+---------+---------+
       Total:                        990     228       24     
                                                              
    ./BoardSupportPackage/src/
       bmi160.obj                    54752   28        7590   
       bme280.obj                    6160    0         8      
       bmi160_support.obj            3112    0         64     
       BackChannelUart.obj           760     36        512    
       i2c_driver.obj                864     0         62     
       bme280_support.obj            736     5         120    
       tmp007.obj                    564     0         12     
       RGBLeds.obj                   496     0         0      
       Joystick.obj                  376     0         8      
       opt3001.obj                   254     0         0      
       ClockSys.obj                  132     0         0      
       BSP.obj                       52      0         0      
       demo_sysctl.obj               44      0         0      
    +--+-----------------------------+-------+---------+---------+
       Total:                        68302   69        8376   
                                                              
    ./G8RTOS_Lab3/
       G8RTOS_Scheduler.obj          1084    0         49760  
       IPC.obj                       412     0         672    
       Threads.obj                   720     0         18     
       G8RTOS_Semaphores.obj         160     0         0      
       G8RTOS_SchedulerASM.obj       96      0         0      
       G8RTOS_CriticalSection.obj    14      0         0      
    +--+-----------------------------+-------+---------+---------+
       Total:                        2486    0         50450  
                                                              
    ../BoardSupportPackage/DriverLib/msp432p4xx_driverlib.lib
       cs.o                          1166    0         16     
       pcm.o                         510     0         0      
       interrupt.o                   236     144       0      
       i2c.o                         320     0         0      
       gpio.o                        148     0         96     
       uart.o                        196     0         0      
       sysctl.o                      124     0         0      
       wdt_a.o                       48      0         0      
       flash.o                       40      0         0      
    +--+-----------------------------+-------+---------+---------+
       Total:                        2788    144       112    
                                                              
    /home/sahil/ti/ccs1020/ccs/tools/compiler/ti-cgt-arm_20.2.4.LTS/lib/rtsv7M4_T_le_v4SPD16_eabi.lib
       _printfi.c.obj                4851    0         0      
       fd_add_t2.asm.obj             438     0         0      
       fd_div_t2.asm.obj             310     0         0      
       s_scalbn.c.obj                272     0         0      
       fd_cmp_t2.asm.obj             268     0         0      
       ctype.c.obj                   0       257       0      
       fd_mul_t2.asm.obj             252     0         0      
       memcpy_t2.asm.obj             156     0         0      
       ull_div_t2.asm.obj            150     0         0      
       snprintf.c.obj                148     0         0      
       memset_t2.asm.obj             122     0         0      
       ll_div_t2.asm.obj             110     0         0      
       copy_decompress_lzss.c.obj    104     0         0      
       s_frexp.c.obj                 100     0         0      
       _ltoa.c.obj                   84      0         0      
       atoi.c.obj                    76      0         0      
       fd_toi_t2.asm.obj             72      0         0      
       autoinit.c.obj                68      0         0      
       boot_cortex_m.c.obj           52      0         0      
       i_tofd_t2.asm.obj             46      0         0      
       memccpy.c.obj                 28      0         0      
       s_copysign.c.obj              26      0         0      
       ll_mul_t2.asm.obj             24      0         0      
       strchr.c.obj                  22      0         0      
       strlen.c.obj                  20      0         0      
       wcslen.c.obj                  18      0         0      
       errno.c.obj                   8       0         8      
       copy_decompress_none.c.obj    14      0         0      
       copy_zero_init.c.obj          12      0         0      
       exit.c.obj                    4       0         0      
       pre_init.c.obj                4       0         0      
       div0.asm.obj                  2       0         0      
    +--+-----------------------------+-------+---------+---------+
       Total:                        7861    257       8      
                                                              
       Stack:                        0       0         1024   
       Linker Generated:             0       102       0      
    +--+-----------------------------+-------+---------+---------+
       Grand Total:                  82427   800       59994  


LINKER GENERATED COPY TABLES

__TI_cinit_table @ 00014528 records: 2, size/record: 8, table size: 16
	.data: load addr=000144d0, load size=00000042 bytes, run addr=20006ed4, run size=0000045c bytes, compression=lzss
	.bss: load addr=00014520, load size=00000008 bytes, run addr=20000000, run size=00006ed3 bytes, compression=zero_init


LINKER GENERATED HANDLER TABLE

__TI_handler_table @ 00014514 records: 3, size/record: 4, table size: 12
	index: 0, handler: __TI_decompress_lzss
	index: 1, handler: __TI_decompress_none
	index: 2, handler: __TI_zero_init


GLOBAL SYMBOLS: SORTED ALPHABETICALLY BY Name 

address   name                                                  
-------   ----                                                  
00014261  ADC14_IRQHandler                                      
00014261  AES256_IRQHandler                                     
000114b5  BME280_I2C_bus_read                                   
00011489  BME280_I2C_bus_write                                  
000114e1  BME280_SPI_bus_read                                   
00011547  BME280_SPI_bus_write                                  
000115b7  BME280_delay_msek                                     
00013e91  BSP_InitBoard                                         
000110c1  BackChannelEventTrigger                               
0001103b  BackChannelInit                                       
000110d9  BackChannelOpt3001PrintRaw                            
00011057  BackChannelPrint                                      
000110a3  BackChannelPrintIntVariable                           
0001162b  BackgroundThread0                                     
00011679  BackgroundThread1                                     
000116a9  BackgroundThread2                                     
0001171f  BackgroundThread3                                     
0001178f  BackgroundThread4                                     
0001111b  BackupChannelBmi160PrintAccel                         
00011147  BackupChannelBmi160PrintGyro                          
00011173  BackupChannelBmi160PrintMag                           
000110f5  BackupChannelTmp007PrintRaw                           
00014261  BusFault_Handler                                      
20006ea4  ButtonFunction                                        
000142f3  C$$EXIT                                               
00014261  COMP_E0_IRQHandler                                    
00014261  COMP_E1_IRQHandler                                    
00014261  CS_IRQHandler                                         
0001402d  CS_clearInterruptFlag                                 
00012a9d  CS_getDCOFrequency                                    
000140f5  CS_getMCLK                                            
0001410d  CS_getSMCLK                                           
00012d9d  CS_initClockSignal                                    
0001419d  CS_setExternalClockSourceFrequency                    
000142cd  CS_startHFXT                                          
0001315d  CS_startHFXTWithTimeout                               
00013673  ClockSys_GetSysFreq                                   
00013605  ClockSys_SetMaxFreq                                   
20006ea8  CurrentlyRunningThread                                
00014261  DMA_ERR_IRQHandler                                    
00014261  DMA_INT0_IRQHandler                                   
00014261  DMA_INT1_IRQHandler                                   
00014261  DMA_INT2_IRQHandler                                   
00014261  DMA_INT3_IRQHandler                                   
00014261  DebugMon_Handler                                      
00014261  Default_Handler                                       
00014005  DelayMs                                               
0001255d  Disable_Joystick_Interrupt                            
00014261  EUSCIA0_IRQHandler                                    
00014261  EUSCIA1_IRQHandler                                    
00014261  EUSCIA2_IRQHandler                                    
00014261  EUSCIA3_IRQHandler                                    
00014261  EUSCIB0_IRQHandler                                    
00010c21  EUSCIB1_IRQHandler                                    
00010c21  EUSCIB1_IRQHandler                                    
00014261  EUSCIB2_IRQHandler                                    
00014261  EUSCIB3_IRQHandler                                    
00014225  EndCriticalSection                                    
00014261  FLCTL_IRQHandler                                      
00014261  FPU_IRQHandler                                        
00013fdd  FlashCtl_setWaitState                                 
00010819  G8RTOS_AddPThread                                     
000106e5  G8RTOS_AddThread                                      
0001069b  G8RTOS_Init                                           
000130bd  G8RTOS_InitSemaphore                                  
000106af  G8RTOS_Launch                                         
000105cd  G8RTOS_Scheduler                                      
00013113  G8RTOS_SignalSemaphore                                
000139e9  G8RTOS_Start                                          
000130d7  G8RTOS_WaitSemaphore                                  
00013cc1  GPIO_setAsPeripheralModuleFunctionInputPin            
00013b91  GPIO_setAsPeripheralModuleFunctionOutputPin           
00012573  GetJoystickCoordinates                                
00014261  HardFault_Handler                                     
0001422b  I2C_clearInterruptFlag                                
00014239  I2C_disableInterrupt                                  
00014263  I2C_disableModule                                     
000142ad  I2C_enableInterrupt                                   
0001426f  I2C_enableModule                                      
000142d3  I2C_getEnabledInterruptStatus                         
000142d9  I2C_getInterruptStatus                                
00013ddd  I2C_initMaster                                        
000141b1  I2C_isBusBusy                                         
000142df  I2C_masterReceiveMultiByteNext                        
000141eb  I2C_masterReceiveStart                                
00014051  I2C_masterSendMultiByteNext                           
00013e59  I2C_masterSendMultiByteStart                          
00013ef9  I2C_masterSendMultiByteStop                           
00011457  I2C_routine                                           
000142eb  I2C_setSlaveAddress                                   
000138b9  Interrupt_disableInterrupt                            
0001391d  Interrupt_enableInterrupt                             
00014075  Interrupt_setPriority                                 
000124a9  Joystick_Init_Without_Interrupt                       
00012507  Joystick_Push_Button_Init_With_Interrupt              
20006eac  LEDMutex                                              
00011d69  LP3943_LedModeSet                                     
00014261  MemManage_Handler                                     
00014261  NMI_Handler                                           
0001091d  OS_Sleep                                              
00014261  PCM_IRQHandler                                        
00013f87  PCM_getCoreVoltageLevel                               
00013fb3  PCM_getPowerMode                                      
0001427d  PCM_getPowerState                                     
000142b5  PCM_setCoreVoltageLevel                               
000142bd  PCM_setPowerMode                                      
00014261  PORT1_IRQHandler                                      
00014261  PORT2_IRQHandler                                      
00014261  PORT3_IRQHandler                                      
00014261  PORT4_IRQHandler                                      
00014261  PORT5_IRQHandler                                      
00014261  PORT6_IRQHandler                                      
00014261  PSS_IRQHandler                                        
00013a03  PendSV_Handler                                        
00013a03  PendSV_Handler                                        
00014261  RTC_C_IRQHandler                                      
00014255  Reset_Handler                                         
00011473  SPI_routine                                           
00014261  SVC_Handler                                           
0001421d  StartCriticalSection                                  
000142e5  SysCtlDelay                                           
000141fd  SysCtl_disableNMISource                               
0001420d  SysCtl_enableNMISource                                
00014289  SysCtl_getNMISourceStatus                             
00013b41  SysCtl_getTLVInfo                                     
000105fb  SysTick_Handler                                       
000105fb  SysTick_Handler                                       
2000732c  SystemCoreClock                                       
00010ce9  SystemCoreClockUpdate                                 
00010f61  SystemInit                                            
20006eb0  SystemTime                                            
00014261  T32_INT1_IRQHandler                                   
00014261  T32_INT2_IRQHandler                                   
00014261  T32_INTC_IRQHandler                                   
00014261  TA0_0_IRQHandler                                      
00014261  TA0_N_IRQHandler                                      
00014261  TA1_0_IRQHandler                                      
00014261  TA1_N_IRQHandler                                      
00014261  TA2_0_IRQHandler                                      
00014261  TA2_N_IRQHandler                                      
00014261  TA3_0_IRQHandler                                      
00014261  TA3_N_IRQHandler                                      
00014295  UART_enableModule                                     
00013465  UART_initModule                                       
00014099  UART_transmitData                                     
00014261  UsageFault_Handler                                    
20007318  V_bmm150_maual_auto_condition_u8                      
2000731c  V_fifo_time_U32                                       
4000480c  WDTCTL_SYM                                            
00014261  WDT_A_IRQHandler                                      
00014125  WDT_A_clearTimer                                      
0001413d  WDT_A_holdTimer                                       
00011863  YoloSwag                                              
20010000  __STACK_END                                           
00000200  __STACK_SIZE                                          
00014528  __TI_CINIT_Base                                       
00014538  __TI_CINIT_Limit                                      
00014514  __TI_Handler_Table_Base                               
00014520  __TI_Handler_Table_Limit                              
00013d99  __TI_auto_init_nobinit_nopinit                        
00013851  __TI_decompress_lzss                                  
00014247  __TI_decompress_none                                  
00013a9b  __TI_ltoa                                             
ffffffff  __TI_pprof_out_hndl                                   
0000fafd  __TI_printfi                                          
ffffffff  __TI_prof_data_size                                   
ffffffff  __TI_prof_data_start                                  
00000000  __TI_static_base__                                    
000142a1  __TI_zero_init                                        
000134f9  __aeabi_cdcmpeq                                       
000134f9  __aeabi_cdcmple                                       
0001357f  __aeabi_cdrcmple                                      
00013d51  __aeabi_d2iz                                          
00012133  __aeabi_dadd                                          
00012731  __aeabi_ddiv                                          
00012c9f  __aeabi_dmul                                          
00012129  __aeabi_dsub                                          
000142c5  __aeabi_errno_addr                                    
00013f59  __aeabi_i2d                                           
0001054b  __aeabi_idiv0                                         
0001054b  __aeabi_ldiv0                                         
000137e3  __aeabi_ldivmod                                       
0001416d  __aeabi_lmul                                          
00013689  __aeabi_memclr                                        
00013689  __aeabi_memclr4                                       
00013689  __aeabi_memclr8                                       
00013331  __aeabi_memcpy                                        
00013331  __aeabi_memcpy4                                       
00013331  __aeabi_memcpy8                                       
0001368b  __aeabi_memset                                        
0001368b  __aeabi_memset4                                       
0001368b  __aeabi_memset8                                       
000133cd  __aeabi_uldivmod                                      
ffffffff  __binit__                                             
ffffffff  __c_args__                                            
UNDEFED   __mpu_init                                            
2000fe00  __stack                                               
20000000  __start___llvm_prf_cnts                               
20000000  __stop___llvm_prf_cnts                                
00013ec5  _c_int00_noargs                                       
000142f8  _ctypes_                                              
UNDEFED   _system_post_cinit                                    
000142ef  _system_pre_init                                      
000142f3  abort                                                 
20006000  accel_fifo                                            
20006e8c  accelxyz                                              
00013c29  atoi                                                  
20007320  avg                                                   
ffffffff  binit                                                 
20006e24  bme280                                                
0000da03  bme280_compensate_humidity_int32                      
0000dab9  bme280_compensate_humidity_int32_sixteen_bit_output   
0000d87d  bme280_compensate_pressure_int32                      
0000ec41  bme280_compensate_pressure_int64                      
0000ee43  bme280_compensate_pressure_int64_twentyfour_bit_output
0000d77b  bme280_compensate_temperature_int32                   
0000d7f3  bme280_compensate_temperature_int32_sixteen_bit_output
0000ee5d  bme280_compute_wait_time                              
00011315  bme280_data_readout_template                          
0000dbd3  bme280_get_calib_param                                
0000e693  bme280_get_filter                                     
0000e9f7  bme280_get_forced_uncomp_pressure_temperature_humidity
0000e0ef  bme280_get_oversamp_humidity                          
0000df37  bme280_get_oversamp_pressure                          
0000dd75  bme280_get_oversamp_temperature                       
0000e2dd  bme280_get_power_mode                                 
0000e4e5  bme280_get_spi3                                       
0000e847  bme280_get_standby_durn                               
0000d6c5  bme280_init                                           
00011401  bme280_initialize_sensor                              
0000db73  bme280_read_pressure_temperature_humidity             
0000ebfb  bme280_read_register                                  
0000d9ad  bme280_read_uncomp_humidity                           
0000d81d  bme280_read_uncomp_pressure                           
0000dae1  bme280_read_uncomp_pressure_temperature_humidity      
0000d71b  bme280_read_uncomp_temperature                        
0000e6e3  bme280_set_filter                                     
0000e149  bme280_set_oversamp_humidity                          
0000df93  bme280_set_oversamp_pressure                          
0000ddd1  bme280_set_oversamp_temperature                       
0000e32b  bme280_set_power_mode                                 
0000e4a5  bme280_set_soft_rst                                   
0000e533  bme280_set_spi3                                       
0000e897  bme280_set_standby_durn                               
0000ebb5  bme280_write_register                                 
00007511  bmi160_accel_foc_trigger_xyz                          
0000ac11  bmi160_bmm150_mag_compensate_X                        
0000acbb  bmi160_bmm150_mag_compensate_Y                        
0000ad65  bmi160_bmm150_mag_compensate_Z                        
0000abb5  bmi160_bmm150_mag_compensate_xyz                      
0000ae05  bmi160_bmm150_mag_interface_init                      
0000b2a7  bmi160_bmm150_mag_set_power_mode                      
0000b0b1  bmi160_bmm150_mag_wakeup                              
0000c00d  bmi160_bst_akm_compensate_X                           
0000c03f  bmi160_bst_akm_compensate_Y                           
0000c071  bmi160_bst_akm_compensate_Z                           
0000c0a3  bmi160_bst_akm_compensate_xyz                         
0000bc05  bmi160_bst_akm_mag_interface_init                     
0000c0f1  bmi160_bst_akm_set_powermode                          
0000caa1  bmi160_bst_yamaha_yas532_calib_values                 
0000c47b  bmi160_bst_yamaha_yas532_mag_interface_init           
0000d4e1  bmi160_bst_yas532_acquisition_command_register        
0000c911  bmi160_bst_yas532_magnetic_measure_set_offset         
0000d069  bmi160_bst_yas532_measurement_xyz_data                
0000cef5  bmi160_bst_yas532_normal_measurement_data             
0000c7b1  bmi160_bst_yas532_set_initial_values                  
0000d5a5  bmi160_bst_yas532_set_offset                          
0000ce59  bmi160_bst_yas532_xy1y2_to_linear                     
000095c1  bmi160_clear_step_counter                             
0000ef11  bmi160_config_running_mode                            
0000fac1  bmi160_delay_ms                                       
00001805  bmi160_fifo_data                                      
000017a5  bmi160_fifo_length                                    
0000191d  bmi160_get_accel_bw                                   
00000e21  bmi160_get_accel_data_rdy                             
000021f7  bmi160_get_accel_fifo_filter_data                     
000086ab  bmi160_get_accel_offset_compensation_xaxis            
00008791  bmi160_get_accel_offset_compensation_yaxis            
0000887b  bmi160_get_accel_offset_compensation_zaxis            
00008edb  bmi160_get_accel_offset_enable                        
0000183f  bmi160_get_accel_output_data_rate                     
00000481  bmi160_get_accel_power_mode_stat                      
00001ad9  bmi160_get_accel_range                                
0000829d  bmi160_get_accel_selftest_amp                         
000080e7  bmi160_get_accel_selftest_axis                        
000081bf  bmi160_get_accel_selftest_sign                        
000019ff  bmi160_get_accel_under_sampling_parameter             
00000d85  bmi160_get_data_rdy_mag                               
000002b5  bmi160_get_drop_cmd_err                               
00000219  bmi160_get_err_code                                   
00000351  bmi160_get_error_status                               
000001cd  bmi160_get_fatal_err                                  
000028a5  bmi160_get_fifo_accel_enable                          
0000212f  bmi160_get_fifo_down_accel                            
00001f87  bmi160_get_fifo_down_gyro                             
00002985  bmi160_get_fifo_gyro_enable                           
000026f1  bmi160_get_fifo_header_enable                         
000027cb  bmi160_get_fifo_mag_enable                            
0000235f  bmi160_get_fifo_stop_on_full                          
000025ff  bmi160_get_fifo_tag_intr1_enable                      
00002511  bmi160_get_fifo_tag_intr2_enable                      
00002437  bmi160_get_fifo_time_enable                           
000022d1  bmi160_get_fifo_wm                                    
000070db  bmi160_get_foc_accel_x                                
00007001  bmi160_get_foc_accel_y                                
00006f3b  bmi160_get_foc_accel_z                                
0000775b  bmi160_get_foc_gyro_enable                            
00000ce5  bmi160_get_foc_rdy                                    
00001ce5  bmi160_get_gyro_bw                                    
00000dd3  bmi160_get_gyro_data_rdy                              
00002055  bmi160_get_gyro_fifo_filter_data                      
00008961  bmi160_get_gyro_offset_compensation_xaxis             
00008b31  bmi160_get_gyro_offset_compensation_yaxis             
00008d09  bmi160_get_gyro_offset_compensation_zaxis             
00008fab  bmi160_get_gyro_offset_enable                         
00001bc9  bmi160_get_gyro_output_data_rate                      
00000433  bmi160_get_gyro_power_mode_stat                       
00001dbf  bmi160_get_gyro_range                                 
00000c49  bmi160_get_gyro_selftest                              
00008377  bmi160_get_gyro_selftest_start                        
00007f33  bmi160_get_gyro_sleep_state                           
00007d7b  bmi160_get_gyro_sleep_trigger                         
0000800d  bmi160_get_gyro_wakeup_intr                           
00007e53  bmi160_get_gyro_wakeup_trigger                        
00002a5f  bmi160_get_i2c_device_addr                            
00000267  bmi160_get_i2c_fail_err                               
00007bc7  bmi160_get_i2c_wdt_enable                             
00007ae7  bmi160_get_i2c_wdt_select                             
00007ca1  bmi160_get_if_mode                                    
000041f3  bmi160_get_input_enable                               
000046ed  bmi160_get_intr_any_motion                            
00005dbf  bmi160_get_intr_any_motion_durn                       
00005f53  bmi160_get_intr_any_motion_thres                      
00005519  bmi160_get_intr_data_rdy                              
00004a31  bmi160_get_intr_double_tap                            
00003ae5  bmi160_get_intr_edge_ctrl                             
00002f23  bmi160_get_intr_enable_0                              
00003393  bmi160_get_intr_enable_1                              
000037fb  bmi160_get_intr_enable_2                              
000051fd  bmi160_get_intr_fifo_full                             
00005389  bmi160_get_intr_fifo_wm                               
00004ee1  bmi160_get_intr_flat                                  
00006d83  bmi160_get_intr_flat_hold                             
00006e63  bmi160_get_intr_flat_hyst                             
00006cab  bmi160_get_intr_flat_theta                            
00004561  bmi160_get_intr_high_g                                
00005cb3  bmi160_get_intr_high_g_durn                           
00005beb  bmi160_get_intr_high_g_hyst                           
00005d39  bmi160_get_intr_high_g_thres                          
00003c6d  bmi160_get_intr_level                                 
0000437f  bmi160_get_intr_low_g                                 
00005937  bmi160_get_intr_low_g_durn                            
00005a43  bmi160_get_intr_low_g_hyst                            
00005b11  bmi160_get_intr_low_g_mode                            
000059bd  bmi160_get_intr_low_g_thres                           
0000577f  bmi160_get_intr_low_high_source                       
0000585d  bmi160_get_intr_motion_source                         
000048a5  bmi160_get_intr_nomotion                              
00004d4f  bmi160_get_intr_orient                                
00006bd1  bmi160_get_intr_orient_axes_enable                    
00006879  bmi160_get_intr_orient_blocking                       
00006953  bmi160_get_intr_orient_hyst                           
0000679b  bmi160_get_intr_orient_mode                           
00006a1b  bmi160_get_intr_orient_theta                          
00006af3  bmi160_get_intr_orient_ud_enable                      
00003dff  bmi160_get_intr_output_type                           
0000506d  bmi160_get_intr_pmu_trig                              
000062f1  bmi160_get_intr_significant_motion_proof              
0000613d  bmi160_get_intr_significant_motion_select             
00006217  bmi160_get_intr_significant_motion_skip               
00004bc3  bmi160_get_intr_single_tap                            
00005e8b  bmi160_get_intr_slow_no_motion_durn                   
0000605f  bmi160_get_intr_slow_no_motion_select                 
00005fd9  bmi160_get_intr_slow_no_motion_thres                  
000063cb  bmi160_get_intr_tap_durn                              
000065fb  bmi160_get_intr_tap_quiet                             
00006521  bmi160_get_intr_tap_shock                             
000056a5  bmi160_get_intr_tap_source                            
000066d5  bmi160_get_intr_tap_thres                             
0000411b  bmi160_get_latch_intr                                 
00002b27  bmi160_get_mag_burst                                  
00000303  bmi160_get_mag_dada_rdy_err                           
00002cb9  bmi160_get_mag_manual_enable                          
00000c97  bmi160_get_mag_manual_operation_stat                  
00002bed  bmi160_get_mag_offset                                 
00001e97  bmi160_get_mag_output_data_rate                       
000003e1  bmi160_get_mag_power_mode_stat                        
00002d91  bmi160_get_mag_read_addr                              
00002e17  bmi160_get_mag_write_addr                             
00002e9d  bmi160_get_mag_write_data                             
000085e3  bmi160_get_nvm_counter                                
00007935  bmi160_get_nvm_prog_enable                            
00000d33  bmi160_get_nvm_rdy                                    
00003f8b  bmi160_get_output_enable                              
00009701  bmi160_get_paging_enable                              
0000d6ab  bmi160_get_ptr                                        
000097db  bmi160_get_pullup_configuration                       
00000bed  bmi160_get_sensor_time                                
00008517  bmi160_get_spare0_trim                                
00007a0f  bmi160_get_spi3                                       
00008451  bmi160_get_spi_enable                                 
00000f09  bmi160_get_stat0_any_motion_intr                      
00000fa5  bmi160_get_stat0_double_tap_intr                      
00001095  bmi160_get_stat0_flat_intr                            
00001041  bmi160_get_stat0_orient_intr                          
00000f57  bmi160_get_stat0_pmu_trigger_intr                     
00000ebb  bmi160_get_stat0_significant_intr                     
00000ff3  bmi160_get_stat0_single_tap_intr                      
00000e6f  bmi160_get_stat0_step_intr                            
0000117f  bmi160_get_stat1_data_rdy_intr                        
000011cd  bmi160_get_stat1_fifo_full_intr                       
0000121b  bmi160_get_stat1_fifo_wm_intr                         
000010e3  bmi160_get_stat1_high_g_intr                          
00001131  bmi160_get_stat1_low_g_intr                           
00001269  bmi160_get_stat1_nomotion_intr                        
000012b7  bmi160_get_stat2_any_motion_first_x                   
00001303  bmi160_get_stat2_any_motion_first_y                   
00001351  bmi160_get_stat2_any_motion_first_z                   
000013a5  bmi160_get_stat2_any_motion_sign                      
000013f3  bmi160_get_stat2_tap_first_x                          
00001441  bmi160_get_stat2_tap_first_y                          
0000148f  bmi160_get_stat2_tap_first_z                          
000014dd  bmi160_get_stat2_tap_sign                             
00001703  bmi160_get_stat3_flat                                 
0000152b  bmi160_get_stat3_high_g_first_x                       
00001577  bmi160_get_stat3_high_g_first_y                       
000015c5  bmi160_get_stat3_high_g_first_z                       
00001613  bmi160_get_stat3_high_g_sign                          
00001661  bmi160_get_stat3_orient_xy                            
000016b5  bmi160_get_stat3_orient_z                             
000090c7  bmi160_get_step_config                                
00009299  bmi160_get_step_counter_enable                        
00003a15  bmi160_get_step_detector_enable                       
00009627  bmi160_get_target_page                                
00001751  bmi160_get_temp                                       
0000fa27  bmi160_i2c_burst_read                                 
0000f9fb  bmi160_i2c_bus_read                                   
0000fa59  bmi160_i2c_bus_write                                  
000000e5  bmi160_init                                           
0000eed5  bmi160_initialize_sensor                              
0000f949  bmi160_interrupt_configuration                        
000093f1  bmi160_map_significant_motion_intr                    
000094d9  bmi160_map_step_detector_intr                         
00000a7d  bmi160_read_accel_x                                   
00000b79  bmi160_read_accel_xyz                                 
00000ad1  bmi160_read_accel_y                                   
00000b25  bmi160_read_accel_z                                   
0000b761  bmi160_read_bmm150_mag_trim                           
0000bf25  bmi160_read_bst_akm_sensitivity_data                  
000098b9  bmi160_read_fifo_header_data                          
0000a289  bmi160_read_fifo_headerless_mode                      
00000909  bmi160_read_gyro_x                                    
00000a05  bmi160_read_gyro_xyz                                  
0000095d  bmi160_read_gyro_y                                    
000009b1  bmi160_read_gyro_z                                    
000006d9  bmi160_read_mag_r                                     
000004cf  bmi160_read_mag_x                                     
00000743  bmi160_read_mag_xyz                                   
0000084d  bmi160_read_mag_xyzr                                  
0000057d  bmi160_read_mag_y                                     
0000062b  bmi160_read_mag_z                                     
00000189  bmi160_read_reg                                       
00009073  bmi160_read_step_count                                
0000196b  bmi160_set_accel_bw                                   
00002245  bmi160_set_accel_fifo_filter_data                     
000071b9  bmi160_set_accel_foc_trigger                          
000086f7  bmi160_set_accel_offset_compensation_xaxis            
000087dd  bmi160_set_accel_offset_compensation_yaxis            
000088c7  bmi160_set_accel_offset_compensation_zaxis            
00008f29  bmi160_set_accel_offset_enable                        
0000188b  bmi160_set_accel_output_data_rate                     
00001b25  bmi160_set_accel_range                                
000082eb  bmi160_set_accel_selftest_amp                         
00008133  bmi160_set_accel_selftest_axis                        
00008211  bmi160_set_accel_selftest_sign                        
00001a4d  bmi160_set_accel_under_sampling_parameter             
0000b181  bmi160_set_bmm150_mag_and_secondary_if_power_mode     
0000b405  bmi160_set_bmm150_mag_presetmode                      
0000c315  bmi160_set_bst_akm_and_secondary_if_powermode         
000095ed  bmi160_set_command_register                           
000028f3  bmi160_set_fifo_accel_enable                          
0000217d  bmi160_set_fifo_down_accel                            
00001fd3  bmi160_set_fifo_down_gyro                             
000029d3  bmi160_set_fifo_gyro_enable                           
0000273f  bmi160_set_fifo_header_enable                         
00002819  bmi160_set_fifo_mag_enable                            
000023ab  bmi160_set_fifo_stop_on_full                          
00002651  bmi160_set_fifo_tag_intr1_enable                      
0000255f  bmi160_set_fifo_tag_intr2_enable                      
00002485  bmi160_set_fifo_time_enable                           
00002325  bmi160_set_fifo_wm                                    
00007129  bmi160_set_foc_accel_x                                
0000704f  bmi160_set_foc_accel_y                                
00006f87  bmi160_set_foc_accel_z                                
000077a9  bmi160_set_foc_gyro_enable                            
00001d33  bmi160_set_gyro_bw                                    
000020a3  bmi160_set_gyro_fifo_filter_data                      
00008a15  bmi160_set_gyro_offset_compensation_xaxis             
00008bed  bmi160_set_gyro_offset_compensation_yaxis             
00008dbf  bmi160_set_gyro_offset_compensation_zaxis             
00008ff9  bmi160_set_gyro_offset_enable                         
00001c15  bmi160_set_gyro_output_data_rate                      
00001e0b  bmi160_set_gyro_range                                 
000083c5  bmi160_set_gyro_selftest_start                        
00007f81  bmi160_set_gyro_sleep_state                           
00007dc7  bmi160_set_gyro_sleep_trigger                         
0000805b  bmi160_set_gyro_wakeup_intr                           
00007ea1  bmi160_set_gyro_wakeup_trigger                        
00002aad  bmi160_set_i2c_device_addr                            
00007c15  bmi160_set_i2c_wdt_enable                             
00007b35  bmi160_set_i2c_wdt_select                             
00007cef  bmi160_set_if_mode                                    
0000428d  bmi160_set_input_enable                               
00004787  bmi160_set_intr_any_motion                            
00005e0b  bmi160_set_intr_any_motion_durn                       
00005f9f  bmi160_set_intr_any_motion_thres                      
000055b3  bmi160_set_intr_data_rdy                              
00004acb  bmi160_set_intr_double_tap                            
00003b7b  bmi160_set_intr_edge_ctrl                             
000030b9  bmi160_set_intr_enable_0                              
00003521  bmi160_set_intr_enable_1                              
000038c3  bmi160_set_intr_enable_2                              
00005297  bmi160_set_intr_fifo_full                             
00005423  bmi160_set_intr_fifo_wm                               
00004f7b  bmi160_set_intr_flat                                  
00006dd1  bmi160_set_intr_flat_hold                             
00006eaf  bmi160_set_intr_flat_hyst                             
00006cf7  bmi160_set_intr_flat_theta                            
000045fb  bmi160_set_intr_high_g                                
00005cff  bmi160_set_intr_high_g_durn                           
00005c39  bmi160_set_intr_high_g_hyst                           
00005d85  bmi160_set_intr_high_g_thres                          
00003d07  bmi160_set_intr_level                                 
00004413  bmi160_set_intr_low_g                                 
00005983  bmi160_set_intr_low_g_durn                            
00005a8f  bmi160_set_intr_low_g_hyst                            
00005b5f  bmi160_set_intr_low_g_mode                            
00005a09  bmi160_set_intr_low_g_thres                           
000057d1  bmi160_set_intr_low_high_source                       
000058ab  bmi160_set_intr_motion_source                         
0000493f  bmi160_set_intr_nomotion                              
00004de9  bmi160_set_intr_orient                                
00006c1f  bmi160_set_intr_orient_axes_enable                    
000068c7  bmi160_set_intr_orient_blocking                       
000069a1  bmi160_set_intr_orient_hyst                           
000067ed  bmi160_set_intr_orient_mode                           
00006a67  bmi160_set_intr_orient_theta                          
00006b45  bmi160_set_intr_orient_ud_enable                      
00003e99  bmi160_set_intr_output_type                           
00005103  bmi160_set_intr_pmu_trig                              
0000633f  bmi160_set_intr_significant_motion_proof              
0000618b  bmi160_set_intr_significant_motion_select             
00006265  bmi160_set_intr_significant_motion_skip               
00004c5d  bmi160_set_intr_single_tap                            
00005ed9  bmi160_set_intr_slow_no_motion_durn                   
000060ab  bmi160_set_intr_slow_no_motion_select                 
00006025  bmi160_set_intr_slow_no_motion_thres                  
00006417  bmi160_set_intr_tap_durn                              
00006649  bmi160_set_intr_tap_quiet                             
0000656f  bmi160_set_intr_tap_shock                             
000056f3  bmi160_set_intr_tap_source                            
00006721  bmi160_set_intr_tap_thres                             
00004167  bmi160_set_latch_intr                                 
00002b73  bmi160_set_mag_burst                                  
00002d07  bmi160_set_mag_manual_enable                          
00002c3b  bmi160_set_mag_offset                                 
00001ee3  bmi160_set_mag_output_data_rate                       
00002ddd  bmi160_set_mag_read_addr                              
00002e63  bmi160_set_mag_write_addr                             
00002ee9  bmi160_set_mag_write_data                             
00008631  bmi160_set_nvm_counter                                
00007983  bmi160_set_nvm_prog_enable                            
00004025  bmi160_set_output_enable                              
0000974f  bmi160_set_paging_enable                              
00009829  bmi160_set_pullup_configuration                       
00008569  bmi160_set_spare0_trim                                
00007a5b  bmi160_set_spi3                                       
0000849d  bmi160_set_spi_enable                                 
00009185  bmi160_set_step_config                                
000092e7  bmi160_set_step_counter_enable                        
00003a6b  bmi160_set_step_detector_enable                       
00009373  bmi160_set_step_mode                                  
00009675  bmi160_set_target_page                                
0000fa85  bmi160_spi_bus_read                                   
0000faa3  bmi160_spi_bus_write                                  
00000145  bmi160_write_reg                                      
20007325  burstMode                                             
000140d9  copysign                                              
000140d9  copysignl                                             
20007328  errno                                                 
20007324  flag                                                  
00013981  frexp                                                 
00013981  frexpl                                                
20006eb4  g_ui32ByteCount                                       
2000636c  gyro_fifo                                             
20006e92  gyroxyz                                               
20007304  i2cConfig                                             
0000f9c3  i2c_routine                                           
000109c7  initI2C                                               
000122e1  init_Fifo                                             
00011ee3  init_RGBLEDS                                          
00000000  interruptVectors                                      
0001298d  ldexp                                                 
0001298d  ldexpl                                                
200066d8  mag_fifo                                              
00013295  main                                                  
000140bd  memccpy                                               
00013331  memcpy                                                
00013691  memset                                                
20006ec0  pData                                                 
00011865  pthread0                                              
0001187d  pthread1                                              
00010b49  readBurstI2C                                          
00010a7b  readI2C                                               
00012347  read_Fifo                                             
20006e60  s_bmi160                                              
0001298d  scalbn                                                
0001298d  scalbnl                                               
20006ec4  sensorMutex                                           
00012bad  sensorOpt3001Enable                                   
00012ba1  sensorOpt3001Init                                     
00012bd9  sensorOpt3001Read                                     
00012c3d  sensorOpt3001Test                                     
00011b3f  sensorTmp007Enable                                    
00011ba9  sensorTmp007EnableInterruptConversion                 
00011b35  sensorTmp007Init                                      
00011bf3  sensorTmp007Read                                      
00011cb1  sensorTmp007Test                                      
00013c75  snprintf                                              
0000f9e5  spi_routine                                           
00014185  strchr                                                
000141c5  strlen                                                
20006ec8  temp_f                                                
20006ecf  ui8DummyRead                                          
20006ed2  ui8Status                                             
20006ed4  v_fifo_data_u8                                        
000141d9  wcslen                                                
000109e5  writeI2C                                              
000123c3  write_FIfo                                            


GLOBAL SYMBOLS: SORTED BY Symbol Address 

address   name                                                  
-------   ----                                                  
00000000  __TI_static_base__                                    
00000000  interruptVectors                                      
000000e5  bmi160_init                                           
00000145  bmi160_write_reg                                      
00000189  bmi160_read_reg                                       
000001cd  bmi160_get_fatal_err                                  
00000200  __STACK_SIZE                                          
00000219  bmi160_get_err_code                                   
00000267  bmi160_get_i2c_fail_err                               
000002b5  bmi160_get_drop_cmd_err                               
00000303  bmi160_get_mag_dada_rdy_err                           
00000351  bmi160_get_error_status                               
000003e1  bmi160_get_mag_power_mode_stat                        
00000433  bmi160_get_gyro_power_mode_stat                       
00000481  bmi160_get_accel_power_mode_stat                      
000004cf  bmi160_read_mag_x                                     
0000057d  bmi160_read_mag_y                                     
0000062b  bmi160_read_mag_z                                     
000006d9  bmi160_read_mag_r                                     
00000743  bmi160_read_mag_xyz                                   
0000084d  bmi160_read_mag_xyzr                                  
00000909  bmi160_read_gyro_x                                    
0000095d  bmi160_read_gyro_y                                    
000009b1  bmi160_read_gyro_z                                    
00000a05  bmi160_read_gyro_xyz                                  
00000a7d  bmi160_read_accel_x                                   
00000ad1  bmi160_read_accel_y                                   
00000b25  bmi160_read_accel_z                                   
00000b79  bmi160_read_accel_xyz                                 
00000bed  bmi160_get_sensor_time                                
00000c49  bmi160_get_gyro_selftest                              
00000c97  bmi160_get_mag_manual_operation_stat                  
00000ce5  bmi160_get_foc_rdy                                    
00000d33  bmi160_get_nvm_rdy                                    
00000d85  bmi160_get_data_rdy_mag                               
00000dd3  bmi160_get_gyro_data_rdy                              
00000e21  bmi160_get_accel_data_rdy                             
00000e6f  bmi160_get_stat0_step_intr                            
00000ebb  bmi160_get_stat0_significant_intr                     
00000f09  bmi160_get_stat0_any_motion_intr                      
00000f57  bmi160_get_stat0_pmu_trigger_intr                     
00000fa5  bmi160_get_stat0_double_tap_intr                      
00000ff3  bmi160_get_stat0_single_tap_intr                      
00001041  bmi160_get_stat0_orient_intr                          
00001095  bmi160_get_stat0_flat_intr                            
000010e3  bmi160_get_stat1_high_g_intr                          
00001131  bmi160_get_stat1_low_g_intr                           
0000117f  bmi160_get_stat1_data_rdy_intr                        
000011cd  bmi160_get_stat1_fifo_full_intr                       
0000121b  bmi160_get_stat1_fifo_wm_intr                         
00001269  bmi160_get_stat1_nomotion_intr                        
000012b7  bmi160_get_stat2_any_motion_first_x                   
00001303  bmi160_get_stat2_any_motion_first_y                   
00001351  bmi160_get_stat2_any_motion_first_z                   
000013a5  bmi160_get_stat2_any_motion_sign                      
000013f3  bmi160_get_stat2_tap_first_x                          
00001441  bmi160_get_stat2_tap_first_y                          
0000148f  bmi160_get_stat2_tap_first_z                          
000014dd  bmi160_get_stat2_tap_sign                             
0000152b  bmi160_get_stat3_high_g_first_x                       
00001577  bmi160_get_stat3_high_g_first_y                       
000015c5  bmi160_get_stat3_high_g_first_z                       
00001613  bmi160_get_stat3_high_g_sign                          
00001661  bmi160_get_stat3_orient_xy                            
000016b5  bmi160_get_stat3_orient_z                             
00001703  bmi160_get_stat3_flat                                 
00001751  bmi160_get_temp                                       
000017a5  bmi160_fifo_length                                    
00001805  bmi160_fifo_data                                      
0000183f  bmi160_get_accel_output_data_rate                     
0000188b  bmi160_set_accel_output_data_rate                     
0000191d  bmi160_get_accel_bw                                   
0000196b  bmi160_set_accel_bw                                   
000019ff  bmi160_get_accel_under_sampling_parameter             
00001a4d  bmi160_set_accel_under_sampling_parameter             
00001ad9  bmi160_get_accel_range                                
00001b25  bmi160_set_accel_range                                
00001bc9  bmi160_get_gyro_output_data_rate                      
00001c15  bmi160_set_gyro_output_data_rate                      
00001ce5  bmi160_get_gyro_bw                                    
00001d33  bmi160_set_gyro_bw                                    
00001dbf  bmi160_get_gyro_range                                 
00001e0b  bmi160_set_gyro_range                                 
00001e97  bmi160_get_mag_output_data_rate                       
00001ee3  bmi160_set_mag_output_data_rate                       
00001f87  bmi160_get_fifo_down_gyro                             
00001fd3  bmi160_set_fifo_down_gyro                             
00002055  bmi160_get_gyro_fifo_filter_data                      
000020a3  bmi160_set_gyro_fifo_filter_data                      
0000212f  bmi160_get_fifo_down_accel                            
0000217d  bmi160_set_fifo_down_accel                            
000021f7  bmi160_get_accel_fifo_filter_data                     
00002245  bmi160_set_accel_fifo_filter_data                     
000022d1  bmi160_get_fifo_wm                                    
00002325  bmi160_set_fifo_wm                                    
0000235f  bmi160_get_fifo_stop_on_full                          
000023ab  bmi160_set_fifo_stop_on_full                          
00002437  bmi160_get_fifo_time_enable                           
00002485  bmi160_set_fifo_time_enable                           
00002511  bmi160_get_fifo_tag_intr2_enable                      
0000255f  bmi160_set_fifo_tag_intr2_enable                      
000025ff  bmi160_get_fifo_tag_intr1_enable                      
00002651  bmi160_set_fifo_tag_intr1_enable                      
000026f1  bmi160_get_fifo_header_enable                         
0000273f  bmi160_set_fifo_header_enable                         
000027cb  bmi160_get_fifo_mag_enable                            
00002819  bmi160_set_fifo_mag_enable                            
000028a5  bmi160_get_fifo_accel_enable                          
000028f3  bmi160_set_fifo_accel_enable                          
00002985  bmi160_get_fifo_gyro_enable                           
000029d3  bmi160_set_fifo_gyro_enable                           
00002a5f  bmi160_get_i2c_device_addr                            
00002aad  bmi160_set_i2c_device_addr                            
00002b27  bmi160_get_mag_burst                                  
00002b73  bmi160_set_mag_burst                                  
00002bed  bmi160_get_mag_offset                                 
00002c3b  bmi160_set_mag_offset                                 
00002cb9  bmi160_get_mag_manual_enable                          
00002d07  bmi160_set_mag_manual_enable                          
00002d91  bmi160_get_mag_read_addr                              
00002ddd  bmi160_set_mag_read_addr                              
00002e17  bmi160_get_mag_write_addr                             
00002e63  bmi160_set_mag_write_addr                             
00002e9d  bmi160_get_mag_write_data                             
00002ee9  bmi160_set_mag_write_data                             
00002f23  bmi160_get_intr_enable_0                              
000030b9  bmi160_set_intr_enable_0                              
00003393  bmi160_get_intr_enable_1                              
00003521  bmi160_set_intr_enable_1                              
000037fb  bmi160_get_intr_enable_2                              
000038c3  bmi160_set_intr_enable_2                              
00003a15  bmi160_get_step_detector_enable                       
00003a6b  bmi160_set_step_detector_enable                       
00003ae5  bmi160_get_intr_edge_ctrl                             
00003b7b  bmi160_set_intr_edge_ctrl                             
00003c6d  bmi160_get_intr_level                                 
00003d07  bmi160_set_intr_level                                 
00003dff  bmi160_get_intr_output_type                           
00003e99  bmi160_set_intr_output_type                           
00003f8b  bmi160_get_output_enable                              
00004025  bmi160_set_output_enable                              
0000411b  bmi160_get_latch_intr                                 
00004167  bmi160_set_latch_intr                                 
000041f3  bmi160_get_input_enable                               
0000428d  bmi160_set_input_enable                               
0000437f  bmi160_get_intr_low_g                                 
00004413  bmi160_set_intr_low_g                                 
00004561  bmi160_get_intr_high_g                                
000045fb  bmi160_set_intr_high_g                                
000046ed  bmi160_get_intr_any_motion                            
00004787  bmi160_set_intr_any_motion                            
000048a5  bmi160_get_intr_nomotion                              
0000493f  bmi160_set_intr_nomotion                              
00004a31  bmi160_get_intr_double_tap                            
00004acb  bmi160_set_intr_double_tap                            
00004bc3  bmi160_get_intr_single_tap                            
00004c5d  bmi160_set_intr_single_tap                            
00004d4f  bmi160_get_intr_orient                                
00004de9  bmi160_set_intr_orient                                
00004ee1  bmi160_get_intr_flat                                  
00004f7b  bmi160_set_intr_flat                                  
0000506d  bmi160_get_intr_pmu_trig                              
00005103  bmi160_set_intr_pmu_trig                              
000051fd  bmi160_get_intr_fifo_full                             
00005297  bmi160_set_intr_fifo_full                             
00005389  bmi160_get_intr_fifo_wm                               
00005423  bmi160_set_intr_fifo_wm                               
00005519  bmi160_get_intr_data_rdy                              
000055b3  bmi160_set_intr_data_rdy                              
000056a5  bmi160_get_intr_tap_source                            
000056f3  bmi160_set_intr_tap_source                            
0000577f  bmi160_get_intr_low_high_source                       
000057d1  bmi160_set_intr_low_high_source                       
0000585d  bmi160_get_intr_motion_source                         
000058ab  bmi160_set_intr_motion_source                         
00005937  bmi160_get_intr_low_g_durn                            
00005983  bmi160_set_intr_low_g_durn                            
000059bd  bmi160_get_intr_low_g_thres                           
00005a09  bmi160_set_intr_low_g_thres                           
00005a43  bmi160_get_intr_low_g_hyst                            
00005a8f  bmi160_set_intr_low_g_hyst                            
00005b11  bmi160_get_intr_low_g_mode                            
00005b5f  bmi160_set_intr_low_g_mode                            
00005beb  bmi160_get_intr_high_g_hyst                           
00005c39  bmi160_set_intr_high_g_hyst                           
00005cb3  bmi160_get_intr_high_g_durn                           
00005cff  bmi160_set_intr_high_g_durn                           
00005d39  bmi160_get_intr_high_g_thres                          
00005d85  bmi160_set_intr_high_g_thres                          
00005dbf  bmi160_get_intr_any_motion_durn                       
00005e0b  bmi160_set_intr_any_motion_durn                       
00005e8b  bmi160_get_intr_slow_no_motion_durn                   
00005ed9  bmi160_set_intr_slow_no_motion_durn                   
00005f53  bmi160_get_intr_any_motion_thres                      
00005f9f  bmi160_set_intr_any_motion_thres                      
00005fd9  bmi160_get_intr_slow_no_motion_thres                  
00006025  bmi160_set_intr_slow_no_motion_thres                  
0000605f  bmi160_get_intr_slow_no_motion_select                 
000060ab  bmi160_set_intr_slow_no_motion_select                 
0000613d  bmi160_get_intr_significant_motion_select             
0000618b  bmi160_set_intr_significant_motion_select             
00006217  bmi160_get_intr_significant_motion_skip               
00006265  bmi160_set_intr_significant_motion_skip               
[...]
0000d4e1  bmi160_bst_yas532_acquisition_command_register        
0000d5a5  bmi160_bst_yas532_set_offset                          
0000d6ab  bmi160_get_ptr                                        
0000d6c5  bme280_init                                           
0000d71b  bme280_read_uncomp_temperature                        
0000d77b  bme280_compensate_temperature_int32                   
0000d7f3  bme280_compensate_temperature_int32_sixteen_bit_output
0000d81d  bme280_read_uncomp_pressure                           
0000d87d  bme280_compensate_pressure_int32                      
0000d9ad  bme280_read_uncomp_humidity                           
0000da03  bme280_compensate_humidity_int32                      
0000dab9  bme280_compensate_humidity_int32_sixteen_bit_output   
0000dae1  bme280_read_uncomp_pressure_temperature_humidity      
0000db73  bme280_read_pressure_temperature_humidity             
0000dbd3  bme280_get_calib_param                                
0000dd75  bme280_get_oversamp_temperature                       
0000ddd1  bme280_set_oversamp_temperature                       
0000df37  bme280_get_oversamp_pressure                          
0000df93  bme280_set_oversamp_pressure                          
0000e0ef  bme280_get_oversamp_humidity                          
0000e149  bme280_set_oversamp_humidity                          
0000e2dd  bme280_get_power_mode                                 
0000e32b  bme280_set_power_mode                                 
0000e4a5  bme280_set_soft_rst                                   
0000e4e5  bme280_get_spi3                                       
0000e533  bme280_set_spi3                                       
0000e693  bme280_get_filter                                     
0000e6e3  bme280_set_filter                                     
0000e847  bme280_get_standby_durn                               
0000e897  bme280_set_standby_durn                               
0000e9f7  bme280_get_forced_uncomp_pressure_temperature_humidity
0000ebb5  bme280_write_register                                 
0000ebfb  bme280_read_register                                  
0000ec41  bme280_compensate_pressure_int64                      
0000ee43  bme280_compensate_pressure_int64_twentyfour_bit_output
0000ee5d  bme280_compute_wait_time                              
0000eed5  bmi160_initialize_sensor                              
0000ef11  bmi160_config_running_mode                            
0000f949  bmi160_interrupt_configuration                        
0000f9c3  i2c_routine                                           
0000f9e5  spi_routine                                           
0000f9fb  bmi160_i2c_bus_read                                   
0000fa27  bmi160_i2c_burst_read                                 
0000fa59  bmi160_i2c_bus_write                                  
0000fa85  bmi160_spi_bus_read                                   
0000faa3  bmi160_spi_bus_write                                  
0000fac1  bmi160_delay_ms                                       
0000fafd  __TI_printfi                                          
0001054b  __aeabi_idiv0                                         
0001054b  __aeabi_ldiv0                                         
000105cd  G8RTOS_Scheduler                                      
000105fb  SysTick_Handler                                       
000105fb  SysTick_Handler                                       
0001069b  G8RTOS_Init                                           
000106af  G8RTOS_Launch                                         
000106e5  G8RTOS_AddThread                                      
00010819  G8RTOS_AddPThread                                     
0001091d  OS_Sleep                                              
000109c7  initI2C                                               
000109e5  writeI2C                                              
00010a7b  readI2C                                               
00010b49  readBurstI2C                                          
00010c21  EUSCIB1_IRQHandler                                    
00010c21  EUSCIB1_IRQHandler                                    
00010ce9  SystemCoreClockUpdate                                 
00010f61  SystemInit                                            
0001103b  BackChannelInit                                       
00011057  BackChannelPrint                                      
000110a3  BackChannelPrintIntVariable                           
000110c1  BackChannelEventTrigger                               
000110d9  BackChannelOpt3001PrintRaw                            
000110f5  BackupChannelTmp007PrintRaw                           
0001111b  BackupChannelBmi160PrintAccel                         
00011147  BackupChannelBmi160PrintGyro                          
00011173  BackupChannelBmi160PrintMag                           
00011315  bme280_data_readout_template                          
00011401  bme280_initialize_sensor                              
00011457  I2C_routine                                           
00011473  SPI_routine                                           
00011489  BME280_I2C_bus_write                                  
000114b5  BME280_I2C_bus_read                                   
000114e1  BME280_SPI_bus_read                                   
00011547  BME280_SPI_bus_write                                  
000115b7  BME280_delay_msek                                     
0001162b  BackgroundThread0                                     
00011679  BackgroundThread1                                     
000116a9  BackgroundThread2                                     
0001171f  BackgroundThread3                                     
0001178f  BackgroundThread4                                     
00011863  YoloSwag                                              
00011865  pthread0                                              
0001187d  pthread1                                              
00011b35  sensorTmp007Init                                      
00011b3f  sensorTmp007Enable                                    
00011ba9  sensorTmp007EnableInterruptConversion                 
00011bf3  sensorTmp007Read                                      
00011cb1  sensorTmp007Test                                      
00011d69  LP3943_LedModeSet                                     
00011ee3  init_RGBLEDS                                          
00012129  __aeabi_dsub                                          
00012133  __aeabi_dadd                                          
000122e1  init_Fifo                                             
00012347  read_Fifo                                             
000123c3  write_FIfo                                            
000124a9  Joystick_Init_Without_Interrupt                       
00012507  Joystick_Push_Button_Init_With_Interrupt              
0001255d  Disable_Joystick_Interrupt                            
00012573  GetJoystickCoordinates                                
00012731  __aeabi_ddiv                                          
0001298d  ldexp                                                 
0001298d  ldexpl                                                
0001298d  scalbn                                                
0001298d  scalbnl                                               
00012a9d  CS_getDCOFrequency                                    
00012ba1  sensorOpt3001Init                                     
00012bad  sensorOpt3001Enable                                   
00012bd9  sensorOpt3001Read                                     
00012c3d  sensorOpt3001Test                                     
00012c9f  __aeabi_dmul                                          
00012d9d  CS_initClockSignal                                    
000130bd  G8RTOS_InitSemaphore                                  
000130d7  G8RTOS_WaitSemaphore                                  
00013113  G8RTOS_SignalSemaphore                                
0001315d  CS_startHFXTWithTimeout                               
00013295  main                                                  
00013331  __aeabi_memcpy                                        
00013331  __aeabi_memcpy4                                       
00013331  __aeabi_memcpy8                                       
00013331  memcpy                                                
000133cd  __aeabi_uldivmod                                      
00013465  UART_initModule                                       
000134f9  __aeabi_cdcmpeq                                       
000134f9  __aeabi_cdcmple                                       
0001357f  __aeabi_cdrcmple                                      
00013605  ClockSys_SetMaxFreq                                   
00013673  ClockSys_GetSysFreq                                   
00013689  __aeabi_memclr                                        
00013689  __aeabi_memclr4                                       
00013689  __aeabi_memclr8                                       
0001368b  __aeabi_memset                                        
0001368b  __aeabi_memset4                                       
0001368b  __aeabi_memset8                                       
00013691  memset                                                
000137e3  __aeabi_ldivmod                                       
00013851  __TI_decompress_lzss                                  
000138b9  Interrupt_disableInterrupt                            
0001391d  Interrupt_enableInterrupt                             
00013981  frexp                                                 
00013981  frexpl                                                
000139e9  G8RTOS_Start                                          
00013a03  PendSV_Handler                                        
00013a03  PendSV_Handler                                        
00013a9b  __TI_ltoa                                             
00013b41  SysCtl_getTLVInfo                                     
00013b91  GPIO_setAsPeripheralModuleFunctionOutputPin           
00013c29  atoi                                                  
00013c75  snprintf                                              
00013cc1  GPIO_setAsPeripheralModuleFunctionInputPin            
00013d51  __aeabi_d2iz                                          
00013d99  __TI_auto_init_nobinit_nopinit                        
00013ddd  I2C_initMaster                                        
00013e59  I2C_masterSendMultiByteStart                          
00013e91  BSP_InitBoard                                         
00013ec5  _c_int00_noargs                                       
00013ef9  I2C_masterSendMultiByteStop                           
00013f59  __aeabi_i2d                                           
00013f87  PCM_getCoreVoltageLevel                               
00013fb3  PCM_getPowerMode                                      
00013fdd  FlashCtl_setWaitState                                 
00014005  DelayMs                                               
0001402d  CS_clearInterruptFlag                                 
00014051  I2C_masterSendMultiByteNext                           
00014075  Interrupt_setPriority                                 
00014099  UART_transmitData                                     
000140bd  memccpy                                               
000140d9  copysign                                              
000140d9  copysignl                                             
000140f5  CS_getMCLK                                            
0001410d  CS_getSMCLK                                           
00014125  WDT_A_clearTimer                                      
0001413d  WDT_A_holdTimer                                       
0001416d  __aeabi_lmul                                          
00014185  strchr                                                
0001419d  CS_setExternalClockSourceFrequency                    
000141b1  I2C_isBusBusy                                         
000141c5  strlen                                                
000141d9  wcslen                                                
000141eb  I2C_masterReceiveStart                                
000141fd  SysCtl_disableNMISource                               
0001420d  SysCtl_enableNMISource                                
0001421d  StartCriticalSection                                  
00014225  EndCriticalSection                                    
0001422b  I2C_clearInterruptFlag                                
00014239  I2C_disableInterrupt                                  
00014247  __TI_decompress_none                                  
00014255  Reset_Handler                                         
00014261  ADC14_IRQHandler                                      
00014261  AES256_IRQHandler                                     
00014261  BusFault_Handler                                      
00014261  COMP_E0_IRQHandler                                    
00014261  COMP_E1_IRQHandler                                    
00014261  CS_IRQHandler                                         
00014261  DMA_ERR_IRQHandler                                    
00014261  DMA_INT0_IRQHandler                                   
00014261  DMA_INT1_IRQHandler                                   
00014261  DMA_INT2_IRQHandler                                   
00014261  DMA_INT3_IRQHandler                                   
00014261  DebugMon_Handler                                      
00014261  Default_Handler                                       
00014261  EUSCIA0_IRQHandler                                    
00014261  EUSCIA1_IRQHandler                                    
00014261  EUSCIA2_IRQHandler                                    
00014261  EUSCIA3_IRQHandler                                    
00014261  EUSCIB0_IRQHandler                                    
00014261  EUSCIB2_IRQHandler                                    
00014261  EUSCIB3_IRQHandler                                    
00014261  FLCTL_IRQHandler                                      
00014261  FPU_IRQHandler                                        
00014261  HardFault_Handler                                     
00014261  MemManage_Handler                                     
00014261  NMI_Handler                                           
00014261  PCM_IRQHandler                                        
00014261  PORT1_IRQHandler                                      
00014261  PORT2_IRQHandler                                      
00014261  PORT3_IRQHandler                                      
00014261  PORT4_IRQHandler                                      
00014261  PORT5_IRQHandler                                      
00014261  PORT6_IRQHandler                                      
00014261  PSS_IRQHandler                                        
00014261  RTC_C_IRQHandler                                      
00014261  SVC_Handler                                           
00014261  T32_INT1_IRQHandler                                   
00014261  T32_INT2_IRQHandler                                   
00014261  T32_INTC_IRQHandler                                   
00014261  TA0_0_IRQHandler                                      
00014261  TA0_N_IRQHandler                                      
00014261  TA1_0_IRQHandler                                      
00014261  TA1_N_IRQHandler                                      
00014261  TA2_0_IRQHandler                                      
00014261  TA2_N_IRQHandler                                      
00014261  TA3_0_IRQHandler                                      
00014261  TA3_N_IRQHandler                                      
00014261  UsageFault_Handler                                    
00014261  WDT_A_IRQHandler                                      
00014263  I2C_disableModule                                     
0001426f  I2C_enableModule                                      
0001427d  PCM_getPowerState                                     
00014289  SysCtl_getNMISourceStatus                             
00014295  UART_enableModule                                     
000142a1  __TI_zero_init                                        
000142ad  I2C_enableInterrupt                                   
000142b5  PCM_setCoreVoltageLevel                               
000142bd  PCM_setPowerMode                                      
000142c5  __aeabi_errno_addr                                    
000142cd  CS_startHFXT                                          
000142d3  I2C_getEnabledInterruptStatus                         
000142d9  I2C_getInterruptStatus                                
000142df  I2C_masterReceiveMultiByteNext                        
000142e5  SysCtlDelay                                           
000142eb  I2C_setSlaveAddress                                   
000142ef  _system_pre_init                                      
000142f3  C$$EXIT                                               
000142f3  abort                                                 
000142f8  _ctypes_                                              
00014514  __TI_Handler_Table_Base                               
00014520  __TI_Handler_Table_Limit                              
00014528  __TI_CINIT_Base                                       
00014538  __TI_CINIT_Limit                                      
20000000  __start___llvm_prf_cnts                               
20000000  __stop___llvm_prf_cnts                                
20006000  accel_fifo                                            
2000636c  gyro_fifo                                             
200066d8  mag_fifo                                              
20006e24  bme280                                                
20006e60  s_bmi160                                              
20006e8c  accelxyz                                              
20006e92  gyroxyz                                               
20006ea4  ButtonFunction                                        
20006ea8  CurrentlyRunningThread                                
20006eac  LEDMutex                                              
20006eb0  SystemTime                                            
20006eb4  g_ui32ByteCount                                       
20006ec0  pData                                                 
20006ec4  sensorMutex                                           
20006ec8  temp_f                                                
20006ecf  ui8DummyRead                                          
20006ed2  ui8Status                                             
20006ed4  v_fifo_data_u8                                        
20007304  i2cConfig                                             
20007318  V_bmm150_maual_auto_condition_u8                      
2000731c  V_fifo_time_U32                                       
20007320  avg                                                   
20007324  flag                                                  
20007325  burstMode                                             
20007328  errno                                                 
2000732c  SystemCoreClock                                       
2000fe00  __stack                                               
20010000  __STACK_END                                           
4000480c  WDTCTL_SYM                                            
ffffffff  __TI_pprof_out_hndl                                   
ffffffff  __TI_prof_data_size                                   
ffffffff  __TI_prof_data_start                                  
ffffffff  __binit__                                             
ffffffff  __c_args__                                            
ffffffff  binit                                                 
UNDEFED   __mpu_init                                            
UNDEFED   _system_post_cinit                                    

[639 symbols]
