<?xml version="1.0" encoding="ISO-8859-1" ?>
<link_info>
   <banner>TI ARM Linker Unix v20.2.4.LTS</banner>
   <copyright>Copyright (c) 1996-2018 Texas Instruments Incorporated</copyright>
   <link_time>0x604c24c9</link_time>
   <link_errors>0x0</link_errors>
   <output_file>Lab3.out</output_file>
   <entry_point>
      <name>_c_int00_noargs</name>
      <address>0x13ec5</address>
   </entry_point>
   <input_file_list>
      <input_file id="fl-2">
         <path>./</path>
         <kind>object</kind>
         <file>main.obj</file>
         <name>main.obj</name>
      </input_file>
      <input_file id="fl-3">
         <path>./</path>
         <kind>object</kind>
         <file>startup_msp432p401r_ccs.obj</file>
         <name>startup_msp432p401r_ccs.obj</name>
      </input_file>
      <input_file id="fl-4">
         <path>./</path>
         <kind>object</kind>
         <file>system_msp432p401r.obj</file>
         <name>system_msp432p401r.obj</name>
      </input_file>
      <input_file id="fl-5">
         <path>./BoardSupportPackage/src/</path>
         <kind>object</kind>
         <file>AsciiLib.obj</file>
         <name>AsciiLib.obj</name>
      </input_file>
      <input_file id="fl-6">
         <path>./BoardSupportPackage/src/</path>
         <kind>object</kind>
         <file>BSP.obj</file>
         <name>BSP.obj</name>
      </input_file>
      <input_file id="fl-7">
         <path>./BoardSupportPackage/src/</path>
         <kind>object</kind>
         <file>BackChannelUart.obj</file>
         <name>BackChannelUart.obj</name>
      </input_file>
      <input_file id="fl-8">
         <path>./BoardSupportPackage/src/</path>
         <kind>object</kind>
         <file>ClockSys.obj</file>
         <name>ClockSys.obj</name>
      </input_file>
      <input_file id="fl-9">
         <path>./BoardSupportPackage/src/</path>
         <kind>object</kind>
         <file>Joystick.obj</file>
         <name>Joystick.obj</name>
      </input_file>
      <input_file id="fl-a">
         <path>./BoardSupportPackage/src/</path>
         <kind>object</kind>
         <file>RGBLeds.obj</file>
         <name>RGBLeds.obj</name>
      </input_file>
      <input_file id="fl-b">
         <path>./BoardSupportPackage/src/</path>
         <kind>object</kind>
         <file>bme280.obj</file>
         <name>bme280.obj</name>
      </input_file>
      <input_file id="fl-c">
         <path>./BoardSupportPackage/src/</path>
         <kind>object</kind>
         <file>bme280_support.obj</file>
         <name>bme280_support.obj</name>
      </input_file>
      <input_file id="fl-d">
         <path>./BoardSupportPackage/src/</path>
         <kind>object</kind>
         <file>bmi160.obj</file>
         <name>bmi160.obj</name>
      </input_file>
      <input_file id="fl-e">
         <path>./BoardSupportPackage/src/</path>
         <kind>object</kind>
         <file>bmi160_support.obj</file>
         <name>bmi160_support.obj</name>
      </input_file>
      <input_file id="fl-f">
         <path>./BoardSupportPackage/src/</path>
         <kind>object</kind>
         <file>demo_sysctl.obj</file>
         <name>demo_sysctl.obj</name>
      </input_file>
      <input_file id="fl-10">
         <path>./BoardSupportPackage/src/</path>
         <kind>object</kind>
         <file>i2c_driver.obj</file>
         <name>i2c_driver.obj</name>
      </input_file>
      <input_file id="fl-11">
         <path>./BoardSupportPackage/src/</path>
         <kind>object</kind>
         <file>opt3001.obj</file>
         <name>opt3001.obj</name>
      </input_file>
      <input_file id="fl-12">
         <path>./BoardSupportPackage/src/</path>
         <kind>object</kind>
         <file>tmp007.obj</file>
         <name>tmp007.obj</name>
      </input_file>
      <input_file id="fl-13">
         <path>./G8RTOS_Lab3/</path>
         <kind>object</kind>
         <file>G8RTOS_CriticalSection.obj</file>
         <name>G8RTOS_CriticalSection.obj</name>
      </input_file>
      <input_file id="fl-14">
         <path>./G8RTOS_Lab3/</path>
         <kind>object</kind>
         <file>G8RTOS_Scheduler.obj</file>
         <name>G8RTOS_Scheduler.obj</name>
      </input_file>
      <input_file id="fl-15">
         <path>./G8RTOS_Lab3/</path>
         <kind>object</kind>
         <file>G8RTOS_SchedulerASM.obj</file>
         <name>G8RTOS_SchedulerASM.obj</name>
      </input_file>
      <input_file id="fl-16">
         <path>./G8RTOS_Lab3/</path>
         <kind>object</kind>
         <file>G8RTOS_Semaphores.obj</file>
         <name>G8RTOS_Semaphores.obj</name>
      </input_file>
      <input_file id="fl-17">
         <path>./G8RTOS_Lab3/</path>
         <kind>object</kind>
         <file>IPC.obj</file>
         <name>IPC.obj</name>
      </input_file>
      <input_file id="fl-18">
         <path>./G8RTOS_Lab3/</path>
         <kind>object</kind>
         <file>Threads.obj</file>
         <name>Threads.obj</name>
      </input_file>
      <input_file id="fl-1e">
         <kind>object</kind>
         <file>&lt;internal&gt;</file>
         <name>&lt;internal&gt;</name>
      </input_file>
      <input_file id="fl-1f">
         <path>../BoardSupportPackage/DriverLib/</path>
         <kind>archive</kind>
         <file>msp432p4xx_driverlib.lib</file>
         <name>cs.o</name>
      </input_file>
      <input_file id="fl-20">
         <path>../BoardSupportPackage/DriverLib/</path>
         <kind>archive</kind>
         <file>msp432p4xx_driverlib.lib</file>
         <name>flash.o</name>
      </input_file>
      <input_file id="fl-21">
         <path>../BoardSupportPackage/DriverLib/</path>
         <kind>archive</kind>
         <file>msp432p4xx_driverlib.lib</file>
         <name>gpio.o</name>
      </input_file>
      <input_file id="fl-22">
         <path>../BoardSupportPackage/DriverLib/</path>
         <kind>archive</kind>
         <file>msp432p4xx_driverlib.lib</file>
         <name>i2c.o</name>
      </input_file>
      <input_file id="fl-23">
         <path>../BoardSupportPackage/DriverLib/</path>
         <kind>archive</kind>
         <file>msp432p4xx_driverlib.lib</file>
         <name>interrupt.o</name>
      </input_file>
      <input_file id="fl-24">
         <path>../BoardSupportPackage/DriverLib/</path>
         <kind>archive</kind>
         <file>msp432p4xx_driverlib.lib</file>
         <name>pcm.o</name>
      </input_file>
      <input_file id="fl-25">
         <path>../BoardSupportPackage/DriverLib/</path>
         <kind>archive</kind>
         <file>msp432p4xx_driverlib.lib</file>
         <name>rtc_c.o</name>
      </input_file>
      <input_file id="fl-26">
         <path>../BoardSupportPackage/DriverLib/</path>
         <kind>archive</kind>
         <file>msp432p4xx_driverlib.lib</file>
         <name>sysctl.o</name>
      </input_file>
      <input_file id="fl-27">
         <path>../BoardSupportPackage/DriverLib/</path>
         <kind>archive</kind>
         <file>msp432p4xx_driverlib.lib</file>
         <name>uart.o</name>
      </input_file>
      <input_file id="fl-28">
         <path>../BoardSupportPackage/DriverLib/</path>
         <kind>archive</kind>
         <file>msp432p4xx_driverlib.lib</file>
         <name>wdt_a.o</name>
      </input_file>
      <input_file id="fl-29">
         <path>../BoardSupportPackage/DriverLib/</path>
         <kind>archive</kind>
         <file>msp432p4xx_driverlib.lib</file>
         <name>cpu.o</name>
      </input_file>
      <input_file id="fl-df">
         <path>/home/sahil/ti/ccs1020/ccs/tools/compiler/ti-cgt-arm_20.2.4.LTS/lib/</path>
         <kind>archive</kind>
         <file>rtsv7M4_T_le_v4SPD16_eabi.lib</file>
         <name>snprintf.c.obj</name>
      </input_file>
      <input_file id="fl-e0">
         <path>/home/sahil/ti/ccs1020/ccs/tools/compiler/ti-cgt-arm_20.2.4.LTS/lib/</path>
         <kind>archive</kind>
         <file>rtsv7M4_T_le_v4SPD16_eabi.lib</file>
         <name>ll_div_t2.asm.obj</name>
      </input_file>
      <input_file id="fl-e1">
         <path>/home/sahil/ti/ccs1020/ccs/tools/compiler/ti-cgt-arm_20.2.4.LTS/lib/</path>
         <kind>archive</kind>
         <file>rtsv7M4_T_le_v4SPD16_eabi.lib</file>
         <name>ull_div_t2.asm.obj</name>
      </input_file>
      <input_file id="fl-e2">
         <path>/home/sahil/ti/ccs1020/ccs/tools/compiler/ti-cgt-arm_20.2.4.LTS/lib/</path>
         <kind>archive</kind>
         <file>rtsv7M4_T_le_v4SPD16_eabi.lib</file>
         <name>memset_t2.asm.obj</name>
      </input_file>
      <input_file id="fl-e3">
         <path>/home/sahil/ti/ccs1020/ccs/tools/compiler/ti-cgt-arm_20.2.4.LTS/lib/</path>
         <kind>archive</kind>
         <file>rtsv7M4_T_le_v4SPD16_eabi.lib</file>
         <name>ll_mul_t2.asm.obj</name>
      </input_file>
      <input_file id="fl-e4">
         <path>/home/sahil/ti/ccs1020/ccs/tools/compiler/ti-cgt-arm_20.2.4.LTS/lib/</path>
         <kind>archive</kind>
         <file>rtsv7M4_T_le_v4SPD16_eabi.lib</file>
         <name>memcpy_t2.asm.obj</name>
      </input_file>
      <input_file id="fl-e5">
         <path>/home/sahil/ti/ccs1020/ccs/tools/compiler/ti-cgt-arm_20.2.4.LTS/lib/</path>
         <kind>archive</kind>
         <file>rtsv7M4_T_le_v4SPD16_eabi.lib</file>
         <name>copy_zero_init.c.obj</name>
      </input_file>
      <input_file id="fl-e6">
         <path>/home/sahil/ti/ccs1020/ccs/tools/compiler/ti-cgt-arm_20.2.4.LTS/lib/</path>
         <kind>archive</kind>
         <file>rtsv7M4_T_le_v4SPD16_eabi.lib</file>
         <name>copy_decompress_none.c.obj</name>
      </input_file>
      <input_file id="fl-e7">
         <path>/home/sahil/ti/ccs1020/ccs/tools/compiler/ti-cgt-arm_20.2.4.LTS/lib/</path>
         <kind>archive</kind>
         <file>rtsv7M4_T_le_v4SPD16_eabi.lib</file>
         <name>copy_decompress_lzss.c.obj</name>
      </input_file>
      <input_file id="fl-e8">
         <path>/home/sahil/ti/ccs1020/ccs/tools/compiler/ti-cgt-arm_20.2.4.LTS/lib/</path>
         <kind>archive</kind>
         <file>rtsv7M4_T_le_v4SPD16_eabi.lib</file>
         <name>boot_cortex_m.c.obj</name>
      </input_file>
      <input_file id="fl-e9">
         <path>/home/sahil/ti/ccs1020/ccs/tools/compiler/ti-cgt-arm_20.2.4.LTS/lib/</path>
         <kind>archive</kind>
         <file>rtsv7M4_T_le_v4SPD16_eabi.lib</file>
         <name>_printfi.c.obj</name>
      </input_file>
      <input_file id="fl-ea">
         <path>/home/sahil/ti/ccs1020/ccs/tools/compiler/ti-cgt-arm_20.2.4.LTS/lib/</path>
         <kind>archive</kind>
         <file>rtsv7M4_T_le_v4SPD16_eabi.lib</file>
         <name>s_frexp.c.obj</name>
      </input_file>
      <input_file id="fl-eb">
         <path>/home/sahil/ti/ccs1020/ccs/tools/compiler/ti-cgt-arm_20.2.4.LTS/lib/</path>
         <kind>archive</kind>
         <file>rtsv7M4_T_le_v4SPD16_eabi.lib</file>
         <name>s_scalbn.c.obj</name>
      </input_file>
      <input_file id="fl-ec">
         <path>/home/sahil/ti/ccs1020/ccs/tools/compiler/ti-cgt-arm_20.2.4.LTS/lib/</path>
         <kind>archive</kind>
         <file>rtsv7M4_T_le_v4SPD16_eabi.lib</file>
         <name>s_copysign.c.obj</name>
      </input_file>
      <input_file id="fl-ed">
         <path>/home/sahil/ti/ccs1020/ccs/tools/compiler/ti-cgt-arm_20.2.4.LTS/lib/</path>
         <kind>archive</kind>
         <file>rtsv7M4_T_le_v4SPD16_eabi.lib</file>
         <name>div0.asm.obj</name>
      </input_file>
      <input_file id="fl-ee">
         <path>/home/sahil/ti/ccs1020/ccs/tools/compiler/ti-cgt-arm_20.2.4.LTS/lib/</path>
         <kind>archive</kind>
         <file>rtsv7M4_T_le_v4SPD16_eabi.lib</file>
         <name>fd_add_t2.asm.obj</name>
      </input_file>
      <input_file id="fl-ef">
         <path>/home/sahil/ti/ccs1020/ccs/tools/compiler/ti-cgt-arm_20.2.4.LTS/lib/</path>
         <kind>archive</kind>
         <file>rtsv7M4_T_le_v4SPD16_eabi.lib</file>
         <name>fd_cmp_t2.asm.obj</name>
      </input_file>
      <input_file id="fl-f0">
         <path>/home/sahil/ti/ccs1020/ccs/tools/compiler/ti-cgt-arm_20.2.4.LTS/lib/</path>
         <kind>archive</kind>
         <file>rtsv7M4_T_le_v4SPD16_eabi.lib</file>
         <name>fd_div_t2.asm.obj</name>
      </input_file>
      <input_file id="fl-f1">
         <path>/home/sahil/ti/ccs1020/ccs/tools/compiler/ti-cgt-arm_20.2.4.LTS/lib/</path>
         <kind>archive</kind>
         <file>rtsv7M4_T_le_v4SPD16_eabi.lib</file>
         <name>fd_mul_t2.asm.obj</name>
      </input_file>
      <input_file id="fl-f2">
         <path>/home/sahil/ti/ccs1020/ccs/tools/compiler/ti-cgt-arm_20.2.4.LTS/lib/</path>
         <kind>archive</kind>
         <file>rtsv7M4_T_le_v4SPD16_eabi.lib</file>
         <name>fd_toi_t2.asm.obj</name>
      </input_file>
      <input_file id="fl-f3">
         <path>/home/sahil/ti/ccs1020/ccs/tools/compiler/ti-cgt-arm_20.2.4.LTS/lib/</path>
         <kind>archive</kind>
         <file>rtsv7M4_T_le_v4SPD16_eabi.lib</file>
         <name>i_tofd_t2.asm.obj</name>
      </input_file>
      <input_file id="fl-f4">
         <path>/home/sahil/ti/ccs1020/ccs/tools/compiler/ti-cgt-arm_20.2.4.LTS/lib/</path>
         <kind>archive</kind>
         <file>rtsv7M4_T_le_v4SPD16_eabi.lib</file>
         <name>autoinit.c.obj</name>
      </input_file>
      <input_file id="fl-f5">
         <path>/home/sahil/ti/ccs1020/ccs/tools/compiler/ti-cgt-arm_20.2.4.LTS/lib/</path>
         <kind>archive</kind>
         <file>rtsv7M4_T_le_v4SPD16_eabi.lib</file>
         <name>pre_init.c.obj</name>
      </input_file>
      <input_file id="fl-f6">
         <path>/home/sahil/ti/ccs1020/ccs/tools/compiler/ti-cgt-arm_20.2.4.LTS/lib/</path>
         <kind>archive</kind>
         <file>rtsv7M4_T_le_v4SPD16_eabi.lib</file>
         <name>cpy_tbl.c.obj</name>
      </input_file>
      <input_file id="fl-f7">
         <path>/home/sahil/ti/ccs1020/ccs/tools/compiler/ti-cgt-arm_20.2.4.LTS/lib/</path>
         <kind>archive</kind>
         <file>rtsv7M4_T_le_v4SPD16_eabi.lib</file>
         <name>exit.c.obj</name>
      </input_file>
      <input_file id="fl-f8">
         <path>/home/sahil/ti/ccs1020/ccs/tools/compiler/ti-cgt-arm_20.2.4.LTS/lib/</path>
         <kind>archive</kind>
         <file>rtsv7M4_T_le_v4SPD16_eabi.lib</file>
         <name>_lock.c.obj</name>
      </input_file>
      <input_file id="fl-f9">
         <path>/home/sahil/ti/ccs1020/ccs/tools/compiler/ti-cgt-arm_20.2.4.LTS/lib/</path>
         <kind>archive</kind>
         <file>rtsv7M4_T_le_v4SPD16_eabi.lib</file>
         <name>_ltoa.c.obj</name>
      </input_file>
      <input_file id="fl-fa">
         <path>/home/sahil/ti/ccs1020/ccs/tools/compiler/ti-cgt-arm_20.2.4.LTS/lib/</path>
         <kind>archive</kind>
         <file>rtsv7M4_T_le_v4SPD16_eabi.lib</file>
         <name>args_main.c.obj</name>
      </input_file>
      <input_file id="fl-fb">
         <path>/home/sahil/ti/ccs1020/ccs/tools/compiler/ti-cgt-arm_20.2.4.LTS/lib/</path>
         <kind>archive</kind>
         <file>rtsv7M4_T_le_v4SPD16_eabi.lib</file>
         <name>atoi.c.obj</name>
      </input_file>
      <input_file id="fl-fc">
         <path>/home/sahil/ti/ccs1020/ccs/tools/compiler/ti-cgt-arm_20.2.4.LTS/lib/</path>
         <kind>archive</kind>
         <file>rtsv7M4_T_le_v4SPD16_eabi.lib</file>
         <name>ctype.c.obj</name>
      </input_file>
      <input_file id="fl-fd">
         <path>/home/sahil/ti/ccs1020/ccs/tools/compiler/ti-cgt-arm_20.2.4.LTS/lib/</path>
         <kind>archive</kind>
         <file>rtsv7M4_T_le_v4SPD16_eabi.lib</file>
         <name>memccpy.c.obj</name>
      </input_file>
      <input_file id="fl-fe">
         <path>/home/sahil/ti/ccs1020/ccs/tools/compiler/ti-cgt-arm_20.2.4.LTS/lib/</path>
         <kind>archive</kind>
         <file>rtsv7M4_T_le_v4SPD16_eabi.lib</file>
         <name>strchr.c.obj</name>
      </input_file>
      <input_file id="fl-ff">
         <path>/home/sahil/ti/ccs1020/ccs/tools/compiler/ti-cgt-arm_20.2.4.LTS/lib/</path>
         <kind>archive</kind>
         <file>rtsv7M4_T_le_v4SPD16_eabi.lib</file>
         <name>strlen.c.obj</name>
      </input_file>
      <input_file id="fl-100">
         <path>/home/sahil/ti/ccs1020/ccs/tools/compiler/ti-cgt-arm_20.2.4.LTS/lib/</path>
         <kind>archive</kind>
         <file>rtsv7M4_T_le_v4SPD16_eabi.lib</file>
         <name>errno.c.obj</name>
      </input_file>
      <input_file id="fl-101">
         <path>/home/sahil/ti/ccs1020/ccs/tools/compiler/ti-cgt-arm_20.2.4.LTS/lib/</path>
         <kind>archive</kind>
         <file>rtsv7M4_T_le_v4SPD16_eabi.lib</file>
         <name>wcslen.c.obj</name>
      </input_file>
   </input_file_list>
   <object_component_list>
      <object_component id="oc-26">
         <name>.intvecs:retain</name>
         <load_address>0x0</load_address>
         <run_address>0x0</run_address>
         <size>0xe4</size>
         <input_file_ref idref="fl-3"/>
      </object_component>
      <object_component id="oc-2e3">
         <name>.text</name>
         <load_address>0xe4</load_address>
         <run_address>0xe4</run_address>
         <size>0xd5e0</size>
         <input_file_ref idref="fl-d"/>
      </object_component>
      <object_component id="oc-2a9">
         <name>.text</name>
         <load_address>0xd6c4</load_address>
         <run_address>0xd6c4</run_address>
         <size>0x1810</size>
         <input_file_ref idref="fl-b"/>
      </object_component>
      <object_component id="oc-218">
         <name>.text</name>
         <load_address>0xeed4</load_address>
         <run_address>0xeed4</run_address>
         <size>0xc28</size>
         <input_file_ref idref="fl-e"/>
      </object_component>
      <object_component id="oc-3f6">
         <name>.text:__TI_printfi</name>
         <load_address>0xfafc</load_address>
         <run_address>0xfafc</run_address>
         <size>0xa4e</size>
         <input_file_ref idref="fl-e9"/>
      </object_component>
      <object_component id="oc-485">
         <name>.text</name>
         <load_address>0x1054a</load_address>
         <run_address>0x1054a</run_address>
         <size>0x2</size>
         <input_file_ref idref="fl-ed"/>
      </object_component>
      <object_component id="oc-72">
         <name>.text</name>
         <load_address>0x1054c</load_address>
         <run_address>0x1054c</run_address>
         <size>0x43c</size>
         <input_file_ref idref="fl-14"/>
      </object_component>
      <object_component id="oc-78">
         <name>.text</name>
         <load_address>0x10988</load_address>
         <run_address>0x10988</run_address>
         <size>0x360</size>
         <input_file_ref idref="fl-10"/>
      </object_component>
      <object_component id="oc-b6">
         <name>.text</name>
         <load_address>0x10ce8</load_address>
         <run_address>0x10ce8</run_address>
         <size>0x334</size>
         <input_file_ref idref="fl-4"/>
      </object_component>
      <object_component id="oc-22a">
         <name>.text</name>
         <load_address>0x1101c</load_address>
         <run_address>0x1101c</run_address>
         <size>0x2f8</size>
         <input_file_ref idref="fl-7"/>
      </object_component>
      <object_component id="oc-224">
         <name>.text</name>
         <load_address>0x11314</load_address>
         <run_address>0x11314</run_address>
         <size>0x2e0</size>
         <input_file_ref idref="fl-c"/>
      </object_component>
      <object_component id="oc-19e">
         <name>.text</name>
         <load_address>0x115f4</load_address>
         <run_address>0x115f4</run_address>
         <size>0x2d0</size>
         <input_file_ref idref="fl-18"/>
      </object_component>
      <object_component id="oc-4e5">
         <name>.text:_pconv_a</name>
         <load_address>0x118c4</load_address>
         <run_address>0x118c4</run_address>
         <size>0x270</size>
         <input_file_ref idref="fl-e9"/>
      </object_component>
      <object_component id="oc-212">
         <name>.text</name>
         <load_address>0x11b34</load_address>
         <run_address>0x11b34</run_address>
         <size>0x234</size>
         <input_file_ref idref="fl-12"/>
      </object_component>
      <object_component id="oc-230">
         <name>.text</name>
         <load_address>0x11d68</load_address>
         <run_address>0x11d68</run_address>
         <size>0x1f0</size>
         <input_file_ref idref="fl-a"/>
      </object_component>
      <object_component id="oc-4d3">
         <name>.text:_pconv_g</name>
         <load_address>0x11f58</load_address>
         <run_address>0x11f58</run_address>
         <size>0x1d0</size>
         <input_file_ref idref="fl-e9"/>
      </object_component>
      <object_component id="oc-54a">
         <name>.text</name>
         <load_address>0x12128</load_address>
         <run_address>0x12128</run_address>
         <size>0x1b6</size>
         <input_file_ref idref="fl-ee"/>
      </object_component>
      <object_component id="oc-18c">
         <name>.text</name>
         <load_address>0x122e0</load_address>
         <run_address>0x122e0</run_address>
         <size>0x19c</size>
         <input_file_ref idref="fl-17"/>
      </object_component>
      <object_component id="oc-21e">
         <name>.text</name>
         <load_address>0x1247c</load_address>
         <run_address>0x1247c</run_address>
         <size>0x178</size>
         <input_file_ref idref="fl-9"/>
      </object_component>
      <object_component id="oc-4df">
         <name>.text:_pconv_e</name>
         <load_address>0x125f4</load_address>
         <run_address>0x125f4</run_address>
         <size>0x13c</size>
         <input_file_ref idref="fl-e9"/>
      </object_component>
      <object_component id="oc-530">
         <name>.text</name>
         <load_address>0x12730</load_address>
         <run_address>0x12730</run_address>
         <size>0x136</size>
         <input_file_ref idref="fl-f0"/>
      </object_component>
      <object_component id="oc-55c">
         <name>.text:fcvt</name>
         <load_address>0x12868</load_address>
         <run_address>0x12868</run_address>
         <size>0x124</size>
         <input_file_ref idref="fl-e9"/>
      </object_component>
      <object_component id="oc-570">
         <name>.text:scalbn</name>
         <load_address>0x1298c</load_address>
         <run_address>0x1298c</run_address>
         <size>0x110</size>
         <input_file_ref idref="fl-eb"/>
      </object_component>
      <object_component id="oc-35a">
         <name>.text:CS_getDCOFrequency</name>
         <load_address>0x12a9c</load_address>
         <run_address>0x12a9c</run_address>
         <size>0x104</size>
         <input_file_ref idref="fl-1f"/>
      </object_component>
      <object_component id="oc-20c">
         <name>.text</name>
         <load_address>0x12ba0</load_address>
         <run_address>0x12ba0</run_address>
         <size>0xfe</size>
         <input_file_ref idref="fl-11"/>
      </object_component>
      <object_component id="oc-52b">
         <name>.text</name>
         <load_address>0x12c9e</load_address>
         <run_address>0x12c9e</run_address>
         <size>0xfc</size>
         <input_file_ref idref="fl-f1"/>
      </object_component>
      <object_component id="oc-24f">
         <name>.text:CS_initClockSignal</name>
         <load_address>0x12d9c</load_address>
         <run_address>0x12d9c</run_address>
         <size>0xe0</size>
         <input_file_ref idref="fl-1f"/>
      </object_component>
      <object_component id="oc-510">
         <name>.text:__PCM_setPowerModeAdvanced</name>
         <load_address>0x12e7c</load_address>
         <run_address>0x12e7c</run_address>
         <size>0xdc</size>
         <input_file_ref idref="fl-24"/>
      </object_component>
      <object_component id="oc-4c8">
         <name>.text:_ltostr</name>
         <load_address>0x12f58</load_address>
         <run_address>0x12f58</run_address>
         <size>0xb1</size>
         <input_file_ref idref="fl-e9"/>
      </object_component>
      <object_component id="oc-33d">
         <name>.text:__PCM_setCoreVoltageLevelAdvanced</name>
         <load_address>0x1300c</load_address>
         <run_address>0x1300c</run_address>
         <size>0xb0</size>
         <input_file_ref idref="fl-24"/>
      </object_component>
      <object_component id="oc-192">
         <name>.text</name>
         <load_address>0x130bc</load_address>
         <run_address>0x130bc</run_address>
         <size>0xa0</size>
         <input_file_ref idref="fl-16"/>
      </object_component>
      <object_component id="oc-34b">
         <name>.text:CS_startHFXTWithTimeout</name>
         <load_address>0x1315c</load_address>
         <run_address>0x1315c</run_address>
         <size>0x9c</size>
         <input_file_ref idref="fl-1f"/>
      </object_component>
      <object_component id="oc-269">
         <name>.text:_CSComputeCLKFrequency</name>
         <load_address>0x131f8</load_address>
         <run_address>0x131f8</run_address>
         <size>0x9c</size>
         <input_file_ref idref="fl-1f"/>
      </object_component>
      <object_component id="oc-a4">
         <name>.text</name>
         <load_address>0x13294</load_address>
         <run_address>0x13294</run_address>
         <size>0x9c</size>
         <input_file_ref idref="fl-2"/>
      </object_component>
      <object_component id="oc-37">
         <name>.text</name>
         <load_address>0x13330</load_address>
         <run_address>0x13330</run_address>
         <size>0x9c</size>
         <input_file_ref idref="fl-e4"/>
      </object_component>
      <object_component id="oc-48a">
         <name>.text</name>
         <load_address>0x133cc</load_address>
         <run_address>0x133cc</run_address>
         <size>0x96</size>
         <input_file_ref idref="fl-e1"/>
      </object_component>
      <object_component id="oc-31c">
         <name>.text:UART_initModule</name>
         <load_address>0x13464</load_address>
         <run_address>0x13464</run_address>
         <size>0x94</size>
         <input_file_ref idref="fl-27"/>
      </object_component>
      <object_component id="oc-4ce">
         <name>.text:__aeabi_cdcmple</name>
         <load_address>0x134f8</load_address>
         <run_address>0x134f8</run_address>
         <size>0x86</size>
         <input_file_ref idref="fl-ef"/>
      </object_component>
      <object_component id="oc-535">
         <name>.text:__aeabi_cdrcmple</name>
         <load_address>0x1357e</load_address>
         <run_address>0x1357e</run_address>
         <size>0x86</size>
         <input_file_ref idref="fl-ef"/>
      </object_component>
      <object_component id="oc-ce">
         <name>.text</name>
         <load_address>0x13604</load_address>
         <run_address>0x13604</run_address>
         <size>0x84</size>
         <input_file_ref idref="fl-8"/>
      </object_component>
      <object_component id="oc-98">
         <name>.text</name>
         <load_address>0x13688</load_address>
         <run_address>0x13688</run_address>
         <size>0x7a</size>
         <input_file_ref idref="fl-e2"/>
      </object_component>
      <object_component id="oc-45f">
         <name>.text:_CSGetHFXTFrequency</name>
         <load_address>0x13704</load_address>
         <run_address>0x13704</run_address>
         <size>0x70</size>
         <input_file_ref idref="fl-1f"/>
      </object_component>
      <object_component id="oc-555">
         <name>.text:_mcpy</name>
         <load_address>0x13774</load_address>
         <run_address>0x13774</run_address>
         <size>0x6e</size>
         <input_file_ref idref="fl-e9"/>
      </object_component>
      <object_component id="oc-386">
         <name>.text</name>
         <load_address>0x137e2</load_address>
         <run_address>0x137e2</run_address>
         <size>0x6e</size>
         <input_file_ref idref="fl-e0"/>
      </object_component>
      <object_component id="oc-17">
         <name>.text:decompress:lzss:__TI_decompress_lzss</name>
         <load_address>0x13850</load_address>
         <run_address>0x13850</run_address>
         <size>0x68</size>
         <input_file_ref idref="fl-e7"/>
      </object_component>
      <object_component id="oc-133">
         <name>.text:Interrupt_disableInterrupt</name>
         <load_address>0x138b8</load_address>
         <run_address>0x138b8</run_address>
         <size>0x64</size>
         <input_file_ref idref="fl-23"/>
      </object_component>
      <object_component id="oc-127">
         <name>.text:Interrupt_enableInterrupt</name>
         <load_address>0x1391c</load_address>
         <run_address>0x1391c</run_address>
         <size>0x64</size>
         <input_file_ref idref="fl-23"/>
      </object_component>
      <object_component id="oc-56a">
         <name>.text:frexp</name>
         <load_address>0x13980</load_address>
         <run_address>0x13980</run_address>
         <size>0x64</size>
         <input_file_ref idref="fl-ea"/>
      </object_component>
      <object_component id="oc-6d">
         <name>.text</name>
         <load_address>0x139e4</load_address>
         <run_address>0x139e4</run_address>
         <size>0x60</size>
         <input_file_ref idref="fl-15"/>
      </object_component>
      <object_component id="oc-4d9">
         <name>.text:_pconv_f</name>
         <load_address>0x13a44</load_address>
         <run_address>0x13a44</run_address>
         <size>0x56</size>
         <input_file_ref idref="fl-e9"/>
      </object_component>
      <object_component id="oc-53f">
         <name>.text:__TI_ltoa</name>
         <load_address>0x13a9a</load_address>
         <run_address>0x13a9a</run_address>
         <size>0x54</size>
         <input_file_ref idref="fl-f9"/>
      </object_component>
      <object_component id="oc-54f">
         <name>.text:_ecpy</name>
         <load_address>0x13aee</load_address>
         <run_address>0x13aee</run_address>
         <size>0x52</size>
         <input_file_ref idref="fl-e9"/>
      </object_component>
      <object_component id="oc-473">
         <name>.text:SysCtl_getTLVInfo</name>
         <load_address>0x13b40</load_address>
         <run_address>0x13b40</run_address>
         <size>0x50</size>
         <input_file_ref idref="fl-26"/>
      </object_component>
      <object_component id="oc-f7">
         <name>.text:GPIO_setAsPeripheralModuleFunctionOutputPin</name>
         <load_address>0x13b90</load_address>
         <run_address>0x13b90</run_address>
         <size>0x4c</size>
         <input_file_ref idref="fl-21"/>
      </object_component>
      <object_component id="oc-46d">
         <name>.text:_CSGetDOCFrequency</name>
         <load_address>0x13bdc</load_address>
         <run_address>0x13bdc</run_address>
         <size>0x4c</size>
         <input_file_ref idref="fl-1f"/>
      </object_component>
      <object_component id="oc-4c2">
         <name>.text:atoi</name>
         <load_address>0x13c28</load_address>
         <run_address>0x13c28</run_address>
         <size>0x4c</size>
         <input_file_ref idref="fl-fb"/>
      </object_component>
      <object_component id="oc-328">
         <name>.text:snprintf</name>
         <load_address>0x13c74</load_address>
         <run_address>0x13c74</run_address>
         <size>0x4c</size>
         <input_file_ref idref="fl-df"/>
      </object_component>
      <object_component id="oc-316">
         <name>.text:GPIO_setAsPeripheralModuleFunctionInputPin</name>
         <load_address>0x13cc0</load_address>
         <run_address>0x13cc0</run_address>
         <size>0x48</size>
         <input_file_ref idref="fl-21"/>
      </object_component>
      <object_component id="oc-354">
         <name>.text:_CSGetDividerValue</name>
         <load_address>0x13d08</load_address>
         <run_address>0x13d08</run_address>
         <size>0x48</size>
         <input_file_ref idref="fl-1f"/>
      </object_component>
      <object_component id="oc-53a">
         <name>.text</name>
         <load_address>0x13d50</load_address>
         <run_address>0x13d50</run_address>
         <size>0x48</size>
         <input_file_ref idref="fl-f2"/>
      </object_component>
      <object_component id="oc-1b1">
         <name>.text:__TI_auto_init_nobinit_nopinit:__TI_auto_init_nobinit_nopinit</name>
         <load_address>0x13d98</load_address>
         <run_address>0x13d98</run_address>
         <size>0x44</size>
         <input_file_ref idref="fl-f4"/>
      </object_component>
      <object_component id="oc-109">
         <name>.text:I2C_initMaster</name>
         <load_address>0x13ddc</load_address>
         <run_address>0x13ddc</run_address>
         <size>0x3e</size>
         <input_file_ref idref="fl-22"/>
      </object_component>
      <object_component id="oc-562">
         <name>.text:_fcpy</name>
         <load_address>0x13e1a</load_address>
         <run_address>0x13e1a</run_address>
         <size>0x3e</size>
         <input_file_ref idref="fl-e9"/>
      </object_component>
      <object_component id="oc-121">
         <name>.text:I2C_masterSendMultiByteStart</name>
         <load_address>0x13e58</load_address>
         <run_address>0x13e58</run_address>
         <size>0x38</size>
         <input_file_ref idref="fl-22"/>
      </object_component>
      <object_component id="oc-c8">
         <name>.text</name>
         <load_address>0x13e90</load_address>
         <run_address>0x13e90</run_address>
         <size>0x34</size>
         <input_file_ref idref="fl-6"/>
      </object_component>
      <object_component id="oc-55">
         <name>.text:_c_int00_noargs:_c_int00_noargs</name>
         <load_address>0x13ec4</load_address>
         <run_address>0x13ec4</run_address>
         <size>0x34</size>
         <input_file_ref idref="fl-e8"/>
      </object_component>
      <object_component id="oc-151">
         <name>.text:I2C_masterSendMultiByteStop</name>
         <load_address>0x13ef8</load_address>
         <run_address>0x13ef8</run_address>
         <size>0x30</size>
         <input_file_ref idref="fl-22"/>
      </object_component>
      <object_component id="oc-3fc">
         <name>.text:_outs</name>
         <load_address>0x13f28</load_address>
         <run_address>0x13f28</run_address>
         <size>0x30</size>
         <input_file_ref idref="fl-df"/>
      </object_component>
      <object_component id="oc-545">
         <name>.text</name>
         <load_address>0x13f58</load_address>
         <run_address>0x13f58</run_address>
         <size>0x2e</size>
         <input_file_ref idref="fl-f3"/>
      </object_component>
      <object_component id="oc-436">
         <name>.text:PCM_getCoreVoltageLevel</name>
         <load_address>0x13f86</load_address>
         <run_address>0x13f86</run_address>
         <size>0x2c</size>
         <input_file_ref idref="fl-24"/>
      </object_component>
      <object_component id="oc-430">
         <name>.text:PCM_getPowerMode</name>
         <load_address>0x13fb2</load_address>
         <run_address>0x13fb2</run_address>
         <size>0x2a</size>
         <input_file_ref idref="fl-24"/>
      </object_component>
      <object_component id="oc-243">
         <name>.text:FlashCtl_setWaitState</name>
         <load_address>0x13fdc</load_address>
         <run_address>0x13fdc</run_address>
         <size>0x28</size>
         <input_file_ref idref="fl-20"/>
      </object_component>
      <object_component id="oc-2ee">
         <name>.text</name>
         <load_address>0x14004</load_address>
         <run_address>0x14004</run_address>
         <size>0x26</size>
         <input_file_ref idref="fl-f"/>
      </object_component>
      <object_component id="oc-360">
         <name>.text:CS_clearInterruptFlag</name>
         <load_address>0x1402c</load_address>
         <run_address>0x1402c</run_address>
         <size>0x24</size>
         <input_file_ref idref="fl-1f"/>
      </object_component>
      <object_component id="oc-15d">
         <name>.text:I2C_masterSendMultiByteNext</name>
         <load_address>0x14050</load_address>
         <run_address>0x14050</run_address>
         <size>0x24</size>
         <input_file_ref idref="fl-22"/>
      </object_component>
      <object_component id="oc-2ff">
         <name>.text:Interrupt_setPriority</name>
         <load_address>0x14074</load_address>
         <run_address>0x14074</run_address>
         <size>0x24</size>
         <input_file_ref idref="fl-23"/>
      </object_component>
      <object_component id="oc-310">
         <name>.text:UART_transmitData</name>
         <load_address>0x14098</load_address>
         <run_address>0x14098</run_address>
         <size>0x24</size>
         <input_file_ref idref="fl-27"/>
      </object_component>
      <object_component id="oc-4eb">
         <name>.text:memccpy</name>
         <load_address>0x140bc</load_address>
         <run_address>0x140bc</run_address>
         <size>0x1c</size>
         <input_file_ref idref="fl-fd"/>
      </object_component>
      <object_component id="oc-5b4">
         <name>.text:copysign</name>
         <load_address>0x140d8</load_address>
         <run_address>0x140d8</run_address>
         <size>0x1a</size>
         <input_file_ref idref="fl-ec"/>
      </object_component>
      <object_component id="oc-255">
         <name>.text:CS_getMCLK</name>
         <load_address>0x140f4</load_address>
         <run_address>0x140f4</run_address>
         <size>0x18</size>
         <input_file_ref idref="fl-1f"/>
      </object_component>
      <object_component id="oc-f1">
         <name>.text:CS_getSMCLK</name>
         <load_address>0x1410c</load_address>
         <run_address>0x1410c</run_address>
         <size>0x18</size>
         <input_file_ref idref="fl-1f"/>
      </object_component>
      <object_component id="oc-200">
         <name>.text:WDT_A_clearTimer</name>
         <load_address>0x14124</load_address>
         <run_address>0x14124</run_address>
         <size>0x18</size>
         <input_file_ref idref="fl-28"/>
      </object_component>
      <object_component id="oc-206">
         <name>.text:WDT_A_holdTimer</name>
         <load_address>0x1413c</load_address>
         <run_address>0x1413c</run_address>
         <size>0x18</size>
         <input_file_ref idref="fl-28"/>
      </object_component>
      <object_component id="oc-402">
         <name>.text:_outc</name>
         <load_address>0x14154</load_address>
         <run_address>0x14154</run_address>
         <size>0x18</size>
         <input_file_ref idref="fl-df"/>
      </object_component>
      <object_component id="oc-381">
         <name>.text</name>
         <load_address>0x1416c</load_address>
         <run_address>0x1416c</run_address>
         <size>0x18</size>
         <input_file_ref idref="fl-e3"/>
      </object_component>
      <object_component id="oc-576">
         <name>.text:strchr</name>
         <load_address>0x14184</load_address>
         <run_address>0x14184</run_address>
         <size>0x16</size>
         <input_file_ref idref="fl-fe"/>
      </object_component>
      <object_component id="oc-23d">
         <name>.text:CS_setExternalClockSourceFrequency</name>
         <load_address>0x1419c</load_address>
         <run_address>0x1419c</run_address>
         <size>0x14</size>
         <input_file_ref idref="fl-1f"/>
      </object_component>
      <object_component id="oc-fd">
         <name>.text:I2C_isBusBusy</name>
         <load_address>0x141b0</load_address>
         <run_address>0x141b0</run_address>
         <size>0x14</size>
         <input_file_ref idref="fl-22"/>
      </object_component>
      <object_component id="oc-4bc">
         <name>.text:strlen</name>
         <load_address>0x141c4</load_address>
         <run_address>0x141c4</run_address>
         <size>0x14</size>
         <input_file_ref idref="fl-ff"/>
      </object_component>
      <object_component id="oc-4f1">
         <name>.text:wcslen</name>
         <load_address>0x141d8</load_address>
         <run_address>0x141d8</run_address>
         <size>0x12</size>
         <input_file_ref idref="fl-101"/>
      </object_component>
      <object_component id="oc-13f">
         <name>.text:I2C_masterReceiveStart</name>
         <load_address>0x141ea</load_address>
         <run_address>0x141ea</run_address>
         <size>0x10</size>
         <input_file_ref idref="fl-22"/>
      </object_component>
      <object_component id="oc-459">
         <name>.text:SysCtl_disableNMISource</name>
         <load_address>0x141fc</load_address>
         <run_address>0x141fc</run_address>
         <size>0x10</size>
         <input_file_ref idref="fl-26"/>
      </object_component>
      <object_component id="oc-465">
         <name>.text:SysCtl_enableNMISource</name>
         <load_address>0x1420c</load_address>
         <run_address>0x1420c</run_address>
         <size>0x10</size>
         <input_file_ref idref="fl-26"/>
      </object_component>
      <object_component id="oc-c2">
         <name>.text</name>
         <load_address>0x1421c</load_address>
         <run_address>0x1421c</run_address>
         <size>0xe</size>
         <input_file_ref idref="fl-13"/>
      </object_component>
      <object_component id="oc-14b">
         <name>.text:I2C_clearInterruptFlag</name>
         <load_address>0x1422a</load_address>
         <run_address>0x1422a</run_address>
         <size>0xe</size>
         <input_file_ref idref="fl-22"/>
      </object_component>
      <object_component id="oc-12d">
         <name>.text:I2C_disableInterrupt</name>
         <load_address>0x14238</load_address>
         <run_address>0x14238</run_address>
         <size>0xe</size>
         <input_file_ref idref="fl-22"/>
      </object_component>
      <object_component id="oc-1d">
         <name>.text:decompress:none:__TI_decompress_none</name>
         <load_address>0x14246</load_address>
         <run_address>0x14246</run_address>
         <size>0xe</size>
         <input_file_ref idref="fl-e6"/>
      </object_component>
      <object_component id="oc-67">
         <name>.text</name>
         <load_address>0x14254</load_address>
         <run_address>0x14254</run_address>
         <size>0xe</size>
         <input_file_ref idref="fl-3"/>
      </object_component>
      <object_component id="oc-103">
         <name>.text:I2C_disableModule</name>
         <load_address>0x14262</load_address>
         <run_address>0x14262</run_address>
         <size>0xc</size>
         <input_file_ref idref="fl-22"/>
      </object_component>
      <object_component id="oc-115">
         <name>.text:I2C_enableModule</name>
         <load_address>0x1426e</load_address>
         <run_address>0x1426e</run_address>
         <size>0xc</size>
         <input_file_ref idref="fl-22"/>
      </object_component>
      <object_component id="oc-43c">
         <name>.text:PCM_getPowerState</name>
         <load_address>0x1427c</load_address>
         <run_address>0x1427c</run_address>
         <size>0xc</size>
         <input_file_ref idref="fl-24"/>
      </object_component>
      <object_component id="oc-453">
         <name>.text:SysCtl_getNMISourceStatus</name>
         <load_address>0x14288</load_address>
         <run_address>0x14288</run_address>
         <size>0xc</size>
         <input_file_ref idref="fl-26"/>
      </object_component>
      <object_component id="oc-322">
         <name>.text:UART_enableModule</name>
         <load_address>0x14294</load_address>
         <run_address>0x14294</run_address>
         <size>0xc</size>
         <input_file_ref idref="fl-27"/>
      </object_component>
      <object_component id="oc-49">
         <name>.text:decompress:ZI:__TI_zero_init</name>
         <load_address>0x142a0</load_address>
         <run_address>0x142a0</run_address>
         <size>0xc</size>
         <input_file_ref idref="fl-e5"/>
      </object_component>
      <object_component id="oc-11b">
         <name>.text:I2C_enableInterrupt</name>
         <load_address>0x142ac</load_address>
         <run_address>0x142ac</run_address>
         <size>0x8</size>
         <input_file_ref idref="fl-22"/>
      </object_component>
      <object_component id="oc-237">
         <name>.text:PCM_setCoreVoltageLevel</name>
         <load_address>0x142b4</load_address>
         <run_address>0x142b4</run_address>
         <size>0x8</size>
         <input_file_ref idref="fl-24"/>
      </object_component>
      <object_component id="oc-442">
         <name>.text:PCM_setPowerMode</name>
         <load_address>0x142bc</load_address>
         <run_address>0x142bc</run_address>
         <size>0x8</size>
         <input_file_ref idref="fl-24"/>
      </object_component>
      <object_component id="oc-4f7">
         <name>.text:__aeabi_errno_addr</name>
         <load_address>0x142c4</load_address>
         <run_address>0x142c4</run_address>
         <size>0x8</size>
         <input_file_ref idref="fl-100"/>
      </object_component>
      <object_component id="oc-249">
         <name>.text:CS_startHFXT</name>
         <load_address>0x142cc</load_address>
         <run_address>0x142cc</run_address>
         <size>0x6</size>
         <input_file_ref idref="fl-1f"/>
      </object_component>
      <object_component id="oc-145">
         <name>.text:I2C_getEnabledInterruptStatus</name>
         <load_address>0x142d2</load_address>
         <run_address>0x142d2</run_address>
         <size>0x6</size>
         <input_file_ref idref="fl-22"/>
      </object_component>
      <object_component id="oc-139">
         <name>.text:I2C_getInterruptStatus</name>
         <load_address>0x142d8</load_address>
         <run_address>0x142d8</run_address>
         <size>0x6</size>
         <input_file_ref idref="fl-22"/>
      </object_component>
      <object_component id="oc-157">
         <name>.text:I2C_masterReceiveMultiByteNext</name>
         <load_address>0x142de</load_address>
         <run_address>0x142de</run_address>
         <size>0x6</size>
         <input_file_ref idref="fl-22"/>
      </object_component>
      <object_component id="oc-3e0">
         <name>.text:SysCtlDelay</name>
         <load_address>0x142e4</load_address>
         <run_address>0x142e4</run_address>
         <size>0x6</size>
         <input_file_ref idref="fl-f"/>
      </object_component>
      <object_component id="oc-10f">
         <name>.text:I2C_setSlaveAddress</name>
         <load_address>0x142ea</load_address>
         <run_address>0x142ea</run_address>
         <size>0x4</size>
         <input_file_ref idref="fl-22"/>
      </object_component>
      <object_component id="oc-9e">
         <name>.text:_system_pre_init</name>
         <load_address>0x142ee</load_address>
         <run_address>0x142ee</run_address>
         <size>0x4</size>
         <input_file_ref idref="fl-f5"/>
      </object_component>
      <object_component id="oc-1a5">
         <name>.text:abort:abort</name>
         <load_address>0x142f2</load_address>
         <run_address>0x142f2</run_address>
         <size>0x4</size>
         <input_file_ref idref="fl-f7"/>
      </object_component>
      <object_component id="oc-524">
         <name>.const:.string:_ctypes_</name>
         <load_address>0x142f8</load_address>
         <run_address>0x142f8</run_address>
         <size>0x101</size>
         <input_file_ref idref="fl-fc"/>
      </object_component>
      <object_component id="oc-3d1">
         <name>.const:.string:INVALID_OFFSET</name>
         <load_address>0x143f9</load_address>
         <run_address>0x143f9</run_address>
         <size>0x3</size>
         <input_file_ref idref="fl-d"/>
      </object_component>
      <object_component id="oc-3e2">
         <name>.const:g_pulRegs</name>
         <load_address>0x143fc</load_address>
         <run_address>0x143fc</run_address>
         <size>0x50</size>
         <input_file_ref idref="fl-23"/>
      </object_component>
      <object_component id="oc-282">
         <name>.const</name>
         <load_address>0x1444c</load_address>
         <run_address>0x1444c</run_address>
         <size>0x40</size>
         <input_file_ref idref="fl-23"/>
      </object_component>
      <object_component id="oc-32e">
         <name>.const:backChannelUart115200Config</name>
         <load_address>0x1448c</load_address>
         <run_address>0x1448c</run_address>
         <size>0x24</size>
         <input_file_ref idref="fl-7"/>
      </object_component>
      <object_component id="oc-3d4">
         <name>.const:yas532_version_ac_coef</name>
         <load_address>0x144b0</load_address>
         <run_address>0x144b0</run_address>
         <size>0xc</size>
         <input_file_ref idref="fl-d"/>
      </object_component>
      <object_component id="oc-3d8">
         <name>.const:v_calib_data$2</name>
         <load_address>0x144bc</load_address>
         <run_address>0x144bc</run_address>
         <size>0x8</size>
         <input_file_ref idref="fl-d"/>
      </object_component>
      <object_component id="oc-30c">
         <name>.const:.string:$P$T0$1</name>
         <load_address>0x144c4</load_address>
         <run_address>0x144c4</run_address>
         <size>0x5</size>
         <input_file_ref idref="fl-c"/>
      </object_component>
      <object_component id="oc-3d7">
         <name>.const:.string:v_correct_u8$1</name>
         <load_address>0x144c9</load_address>
         <run_address>0x144c9</run_address>
         <size>0x5</size>
         <input_file_ref idref="fl-d"/>
      </object_component>
      <object_component id="oc-611">
         <name>.cinit..data.load</name>
         <load_address>0x144d0</load_address>
         <run_address>0x144d0</run_address>
         <size>0x42</size>
      </object_component>
      <object_component id="oc-60f">
         <name>__TI_handler_table</name>
         <load_address>0x14514</load_address>
         <run_address>0x14514</run_address>
         <size>0xc</size>
      </object_component>
      <object_component id="oc-612">
         <name>.cinit..bss.load</name>
         <load_address>0x14520</load_address>
         <run_address>0x14520</run_address>
         <size>0x8</size>
      </object_component>
      <object_component id="oc-610">
         <name>__TI_cinit_table</name>
         <load_address>0x14528</load_address>
         <run_address>0x14528</run_address>
         <size>0x10</size>
      </object_component>
      <object_component id="oc-5e3">
         <name>.binit</name>
         <load_address>0x0</load_address>
         <run_address>0x0</run_address>
         <size>0x0</size>
      </object_component>
      <object_component id="oc-1e3">
         <name>.data</name>
         <load_address>0x2000732c</load_address>
         <run_address>0x2000732c</run_address>
         <size>0x4</size>
         <input_file_ref idref="fl-4"/>
      </object_component>
      <object_component id="oc-3c5">
         <name>.data</name>
         <load_address>0x20007318</load_address>
         <run_address>0x20007318</run_address>
         <size>0x8</size>
         <input_file_ref idref="fl-d"/>
      </object_component>
      <object_component id="oc-3bd">
         <name>.data:v_fifo_data_u8</name>
         <load_address>0x20006ed4</load_address>
         <run_address>0x20006ed4</run_address>
         <size>0x400</size>
         <input_file_ref idref="fl-d"/>
      </object_component>
      <object_component id="oc-16b">
         <name>.data</name>
         <load_address>0x20007325</load_address>
         <run_address>0x20007325</run_address>
         <size>0x1</size>
         <input_file_ref idref="fl-10"/>
      </object_component>
      <object_component id="oc-163">
         <name>.data:i2cConfig</name>
         <load_address>0x20007304</load_address>
         <run_address>0x20007304</run_address>
         <size>0x14</size>
         <input_file_ref idref="fl-10"/>
      </object_component>
      <object_component id="oc-2af">
         <name>.data</name>
         <load_address>0x20007320</load_address>
         <run_address>0x20007320</run_address>
         <size>0x5</size>
         <input_file_ref idref="fl-18"/>
      </object_component>
      <object_component id="oc-275">
         <name>.data:GPIO_PORT_TO_BASE</name>
         <load_address>0x200072d4</load_address>
         <run_address>0x200072d4</run_address>
         <size>0x30</size>
         <input_file_ref idref="fl-21"/>
      </object_component>
      <object_component id="oc-586">
         <name>.data</name>
         <load_address>0x20007328</load_address>
         <run_address>0x20007328</run_address>
         <size>0x4</size>
         <input_file_ref idref="fl-100"/>
      </object_component>
      <object_component id="oc-331">
         <name>.bss:backChannelStringBuff</name>
         <uninitialized>true</uninitialized>
         <run_address>0x20006b94</run_address>
         <size>0x100</size>
         <input_file_ref idref="fl-7"/>
      </object_component>
      <object_component id="oc-37e">
         <name>.bss</name>
         <uninitialized>true</uninitialized>
         <run_address>0x20006e98</run_address>
         <size>0x4</size>
         <input_file_ref idref="fl-b"/>
      </object_component>
      <object_component id="oc-3ba">
         <name>.bss</name>
         <uninitialized>true</uninitialized>
         <run_address>0x20006e9c</run_address>
         <size>0x4</size>
         <input_file_ref idref="fl-d"/>
      </object_component>
      <object_component id="oc-3c8">
         <name>.bss:mag_trim</name>
         <uninitialized>true</uninitialized>
         <run_address>0x20006e74</run_address>
         <size>0x10</size>
         <input_file_ref idref="fl-d"/>
      </object_component>
      <object_component id="oc-3cb">
         <name>.bss:akm_asa_data</name>
         <uninitialized>true</uninitialized>
         <run_address>0x20006ecc</run_address>
         <size>0x3</size>
         <input_file_ref idref="fl-d"/>
      </object_component>
      <object_component id="oc-3ce">
         <name>.bss:yas532_data</name>
         <uninitialized>true</uninitialized>
         <run_address>0x20006db4</run_address>
         <size>0x70</size>
         <input_file_ref idref="fl-d"/>
      </object_component>
      <object_component id="oc-2de">
         <name>.bss:buf</name>
         <uninitialized>true</uninitialized>
         <run_address>0x20006ea0</run_address>
         <size>0x4</size>
         <input_file_ref idref="fl-12"/>
      </object_component>
      <object_component id="oc-2db">
         <name>.bss</name>
         <uninitialized>true</uninitialized>
         <run_address>0x20006ed0</run_address>
         <size>0x2</size>
         <input_file_ref idref="fl-12"/>
      </object_component>
      <object_component id="oc-db">
         <name>.bss:threadControlBlocks</name>
         <uninitialized>true</uninitialized>
         <run_address>0x20006d24</run_address>
         <size>0x90</size>
         <input_file_ref idref="fl-14"/>
      </object_component>
      <object_component id="oc-de">
         <name>.bss:threadStacks</name>
         <uninitialized>true</uninitialized>
         <run_address>0x20000000</run_address>
         <size>0x6000</size>
         <input_file_ref idref="fl-14"/>
      </object_component>
      <object_component id="oc-d5">
         <name>.bss:pthreadControlBlocks</name>
         <uninitialized>true</uninitialized>
         <run_address>0x20006c94</run_address>
         <size>0x90</size>
         <input_file_ref idref="fl-14"/>
      </object_component>
      <object_component id="oc-d8">
         <name>.bss</name>
         <uninitialized>true</uninitialized>
         <run_address>0x20006e84</run_address>
         <size>0x8</size>
         <input_file_ref idref="fl-14"/>
      </object_component>
      <object_component id="oc-2a0">
         <name>.bss:fifoControlBlocks</name>
         <uninitialized>true</uninitialized>
         <run_address>0x20006a44</run_address>
         <size>0x150</size>
         <input_file_ref idref="fl-17"/>
      </object_component>
      <object_component id="oc-19d">
         <name>.common:sensorMutex</name>
         <uninitialized>true</uninitialized>
         <run_address>0x20006ec4</run_address>
         <size>0x4</size>
      </object_component>
      <object_component id="oc-198">
         <name>.common:LEDMutex</name>
         <uninitialized>true</uninitialized>
         <run_address>0x20006eac</run_address>
         <size>0x4</size>
      </object_component>
      <object_component id="oc-305">
         <name>.common:ButtonFunction</name>
         <uninitialized>true</uninitialized>
         <run_address>0x20006ea4</run_address>
         <size>0x4</size>
      </object_component>
      <object_component id="oc-309">
         <name>.common:bme280</name>
         <uninitialized>true</uninitialized>
         <run_address>0x20006e24</run_address>
         <size>0x3c</size>
      </object_component>
      <object_component id="oc-3c0">
         <name>.common:accel_fifo</name>
         <uninitialized>true</uninitialized>
         <run_address>0x20006000</run_address>
         <size>0x36c</size>
      </object_component>
      <object_component id="oc-3c3">
         <name>.common:gyro_fifo</name>
         <uninitialized>true</uninitialized>
         <run_address>0x2000636c</run_address>
         <size>0x36c</size>
      </object_component>
      <object_component id="oc-3c4">
         <name>.common:mag_fifo</name>
         <uninitialized>true</uninitialized>
         <run_address>0x200066d8</run_address>
         <size>0x36c</size>
      </object_component>
      <object_component id="oc-2e9">
         <name>.common:s_bmi160</name>
         <uninitialized>true</uninitialized>
         <run_address>0x20006e60</run_address>
         <size>0x14</size>
      </object_component>
      <object_component id="oc-2ec">
         <name>.common:gyroxyz</name>
         <uninitialized>true</uninitialized>
         <run_address>0x20006e92</run_address>
         <size>0x6</size>
      </object_component>
      <object_component id="oc-2ed">
         <name>.common:accelxyz</name>
         <uninitialized>true</uninitialized>
         <run_address>0x20006e8c</run_address>
         <size>0x6</size>
      </object_component>
      <object_component id="oc-169">
         <name>.common:ui8Status</name>
         <uninitialized>true</uninitialized>
         <run_address>0x20006ed2</run_address>
         <size>0x1</size>
      </object_component>
      <object_component id="oc-166">
         <name>.common:pData</name>
         <uninitialized>true</uninitialized>
         <run_address>0x20006ec0</run_address>
         <size>0x4</size>
      </object_component>
      <object_component id="oc-16e">
         <name>.common:ui8DummyRead</name>
         <uninitialized>true</uninitialized>
         <run_address>0x20006ecf</run_address>
         <size>0x1</size>
      </object_component>
      <object_component id="oc-16a">
         <name>.common:g_ui32ByteCount</name>
         <uninitialized>true</uninitialized>
         <run_address>0x20006eb4</run_address>
         <size>0x4</size>
      </object_component>
      <object_component id="oc-bd">
         <name>.common:CurrentlyRunningThread</name>
         <uninitialized>true</uninitialized>
         <run_address>0x20006ea8</run_address>
         <size>0x4</size>
      </object_component>
      <object_component id="oc-d4">
         <name>.common:SystemTime</name>
         <uninitialized>true</uninitialized>
         <run_address>0x20006eb0</run_address>
         <size>0x4</size>
      </object_component>
      <object_component id="oc-2b2">
         <name>.common:temp_f</name>
         <uninitialized>true</uninitialized>
         <run_address>0x20006ec8</run_address>
         <size>0x4</size>
      </object_component>
      <object_component id="oc-347">
         <name>.common:hfxtFreq</name>
         <uninitialized>true</uninitialized>
         <run_address>0x20006eb8</run_address>
         <size>0x4</size>
      </object_component>
      <object_component id="oc-344">
         <name>.common:lfxtFreq</name>
         <uninitialized>true</uninitialized>
         <run_address>0x20006ebc</run_address>
         <size>0x4</size>
      </object_component>
      <object_component id="oc-29">
         <name>.stack</name>
         <uninitialized>true</uninitialized>
         <run_address>0x2000fe00</run_address>
         <size>0x4</size>
         <input_file_ref idref="fl-e8"/>
      </object_component>
      <object_component id="oc-614">
         <name>.stack</name>
         <uninitialized>true</uninitialized>
         <run_address>0x2000fe00</run_address>
         <size>0x0</size>
      </object_component>
      <object_component id="oc-199">
         <name>.debug_info</name>
         <load_address>0x0</load_address>
         <run_address>0x0</run_address>
         <size>0x7c5</size>
         <input_file_ref idref="fl-2"/>
      </object_component>
      <object_component id="oc-a5">
         <name>.debug_info</name>
         <load_address>0x7c5</load_address>
         <run_address>0x7c5</run_address>
         <size>0x234</size>
         <input_file_ref idref="fl-2"/>
      </object_component>
      <object_component id="oc-ec">
         <name>.debug_info</name>
         <load_address>0x9f9</load_address>
         <run_address>0x9f9</run_address>
         <size>0x37e2</size>
         <input_file_ref idref="fl-2"/>
      </object_component>
      <object_component id="oc-177">
         <name>.debug_info</name>
         <load_address>0x41db</load_address>
         <run_address>0x41db</run_address>
         <size>0x26b</size>
         <input_file_ref idref="fl-2"/>
      </object_component>
      <object_component id="oc-1e9">
         <name>.debug_info</name>
         <load_address>0x4446</load_address>
         <run_address>0x4446</run_address>
         <size>0x1055</size>
         <input_file_ref idref="fl-2"/>
      </object_component>
      <object_component id="oc-47d">
         <name>.debug_info</name>
         <load_address>0x549b</load_address>
         <run_address>0x549b</run_address>
         <size>0xb2</size>
         <input_file_ref idref="fl-2"/>
      </object_component>
      <object_component id="oc-32">
         <name>.debug_info</name>
         <load_address>0x554d</load_address>
         <run_address>0x554d</run_address>
         <size>0x84</size>
         <input_file_ref idref="fl-2"/>
      </object_component>
      <object_component id="oc-264">
         <name>.debug_info</name>
         <load_address>0x55d1</load_address>
         <run_address>0x55d1</run_address>
         <size>0x2a4</size>
         <input_file_ref idref="fl-2"/>
      </object_component>
      <object_component id="oc-170">
         <name>.debug_info</name>
         <load_address>0x5875</load_address>
         <run_address>0x5875</run_address>
         <size>0xef</size>
         <input_file_ref idref="fl-2"/>
      </object_component>
      <object_component id="oc-e2">
         <name>.debug_info</name>
         <load_address>0x5964</load_address>
         <run_address>0x5964</run_address>
         <size>0xbb</size>
         <input_file_ref idref="fl-2"/>
      </object_component>
      <object_component id="oc-1f3">
         <name>.debug_info</name>
         <load_address>0x5a1f</load_address>
         <run_address>0x5a1f</run_address>
         <size>0x2c</size>
         <input_file_ref idref="fl-2"/>
      </object_component>
      <object_component id="oc-80">
         <name>.debug_info</name>
         <load_address>0x5a4b</load_address>
         <run_address>0x5a4b</run_address>
         <size>0x2c3</size>
         <input_file_ref idref="fl-3"/>
      </object_component>
      <object_component id="oc-27">
         <name>.debug_info</name>
         <load_address>0x5d0e</load_address>
         <run_address>0x5d0e</run_address>
         <size>0xef</size>
         <input_file_ref idref="fl-3"/>
      </object_component>
      <object_component id="oc-68">
         <name>.debug_info</name>
         <load_address>0x5dfd</load_address>
         <run_address>0x5dfd</run_address>
         <size>0x1b6</size>
         <input_file_ref idref="fl-3"/>
      </object_component>
      <object_component id="oc-1e4">
         <name>.debug_info</name>
         <load_address>0x5fb3</load_address>
         <run_address>0x5fb3</run_address>
         <size>0xe8</size>
         <input_file_ref idref="fl-4"/>
      </object_component>
      <object_component id="oc-b7">
         <name>.debug_info</name>
         <load_address>0x609b</load_address>
         <run_address>0x609b</run_address>
         <size>0x25a</size>
         <input_file_ref idref="fl-4"/>
      </object_component>
      <object_component id="oc-183">
         <name>.debug_info</name>
         <load_address>0x62f5</load_address>
         <run_address>0x62f5</run_address>
         <size>0x2c</size>
         <input_file_ref idref="fl-5"/>
      </object_component>
      <object_component id="oc-2d6">
         <name>.debug_info</name>
         <load_address>0x6321</load_address>
         <run_address>0x6321</run_address>
         <size>0x812</size>
         <input_file_ref idref="fl-6"/>
      </object_component>
      <object_component id="oc-c9">
         <name>.debug_info</name>
         <load_address>0x6b33</load_address>
         <run_address>0x6b33</run_address>
         <size>0x25a</size>
         <input_file_ref idref="fl-6"/>
      </object_component>
      <object_component id="oc-336">
         <name>.debug_info</name>
         <load_address>0x6d8d</load_address>
         <run_address>0x6d8d</run_address>
         <size>0x51</size>
         <input_file_ref idref="fl-6"/>
      </object_component>
      <object_component id="oc-294">
         <name>.debug_info</name>
         <load_address>0x6dde</load_address>
         <run_address>0x6dde</run_address>
         <size>0x6c</size>
         <input_file_ref idref="fl-6"/>
      </object_component>
      <object_component id="oc-299">
         <name>.debug_info</name>
         <load_address>0x6e4a</load_address>
         <run_address>0x6e4a</run_address>
         <size>0x9a</size>
         <input_file_ref idref="fl-6"/>
      </object_component>
      <object_component id="oc-e7">
         <name>.debug_info</name>
         <load_address>0x6ee4</load_address>
         <run_address>0x6ee4</run_address>
         <size>0x8b</size>
         <input_file_ref idref="fl-6"/>
      </object_component>
      <object_component id="oc-1ee">
         <name>.debug_info</name>
         <load_address>0x6f6f</load_address>
         <run_address>0x6f6f</run_address>
         <size>0x338</size>
         <input_file_ref idref="fl-6"/>
      </object_component>
      <object_component id="oc-41f">
         <name>.debug_info</name>
         <load_address>0x72a7</load_address>
         <run_address>0x72a7</run_address>
         <size>0xee</size>
         <input_file_ref idref="fl-6"/>
      </object_component>
      <object_component id="oc-424">
         <name>.debug_info</name>
         <load_address>0x7395</load_address>
         <run_address>0x7395</run_address>
         <size>0x661</size>
         <input_file_ref idref="fl-6"/>
      </object_component>
      <object_component id="oc-335">
         <name>.debug_info</name>
         <load_address>0x79f6</load_address>
         <run_address>0x79f6</run_address>
         <size>0x7ab</size>
         <input_file_ref idref="fl-7"/>
      </object_component>
      <object_component id="oc-32f">
         <name>.debug_info</name>
         <load_address>0x81a1</load_address>
         <run_address>0x81a1</run_address>
         <size>0x114</size>
         <input_file_ref idref="fl-7"/>
      </object_component>
      <object_component id="oc-332">
         <name>.debug_info</name>
         <load_address>0x82b5</load_address>
         <run_address>0x82b5</run_address>
         <size>0x108</size>
         <input_file_ref idref="fl-7"/>
      </object_component>
      <object_component id="oc-22b">
         <name>.debug_info</name>
         <load_address>0x83bd</load_address>
         <run_address>0x83bd</run_address>
         <size>0xbb8</size>
         <input_file_ref idref="fl-7"/>
      </object_component>
      <object_component id="oc-429">
         <name>.debug_info</name>
         <load_address>0x8f75</load_address>
         <run_address>0x8f75</run_address>
         <size>0xcc</size>
         <input_file_ref idref="fl-7"/>
      </object_component>
      <object_component id="oc-414">
         <name>.debug_info</name>
         <load_address>0x9041</load_address>
         <run_address>0x9041</run_address>
         <size>0x2c</size>
         <input_file_ref idref="fl-7"/>
      </object_component>
      <object_component id="oc-cf">
         <name>.debug_info</name>
         <load_address>0x906d</load_address>
         <run_address>0x906d</run_address>
         <size>0x315</size>
         <input_file_ref idref="fl-8"/>
      </object_component>
      <object_component id="oc-306">
         <name>.debug_info</name>
         <load_address>0x9382</load_address>
         <run_address>0x9382</run_address>
         <size>0x5c7</size>
         <input_file_ref idref="fl-9"/>
      </object_component>
      <object_component id="oc-21f">
         <name>.debug_info</name>
         <load_address>0x9949</load_address>
         <run_address>0x9949</run_address>
         <size>0x53b</size>
         <input_file_ref idref="fl-9"/>
      </object_component>
      <object_component id="oc-33c">
         <name>.debug_info</name>
         <load_address>0x9e84</load_address>
         <run_address>0x9e84</run_address>
         <size>0x54e</size>
         <input_file_ref idref="fl-a"/>
      </object_component>
      <object_component id="oc-231">
         <name>.debug_info</name>
         <load_address>0xa3d2</load_address>
         <run_address>0xa3d2</run_address>
         <size>0x30a</size>
         <input_file_ref idref="fl-a"/>
      </object_component>
      <object_component id="oc-38c">
         <name>.debug_info</name>
         <load_address>0xa6dc</load_address>
         <run_address>0xa6dc</run_address>
         <size>0x301</size>
         <input_file_ref idref="fl-b"/>
      </object_component>
      <object_component id="oc-37f">
         <name>.debug_info</name>
         <load_address>0xa9dd</load_address>
         <run_address>0xa9dd</run_address>
         <size>0xe5</size>
         <input_file_ref idref="fl-b"/>
      </object_component>
      <object_component id="oc-2aa">
         <name>.debug_info</name>
         <load_address>0xaac2</load_address>
         <run_address>0xaac2</run_address>
         <size>0x3ad6</size>
         <input_file_ref idref="fl-b"/>
      </object_component>
      <object_component id="oc-30a">
         <name>.debug_info</name>
         <load_address>0xe598</load_address>
         <run_address>0xe598</run_address>
         <size>0xb50</size>
         <input_file_ref idref="fl-c"/>
      </object_component>
      <object_component id="oc-30d">
         <name>.debug_info</name>
         <load_address>0xf0e8</load_address>
         <run_address>0xf0e8</run_address>
         <size>0xec</size>
         <input_file_ref idref="fl-c"/>
      </object_component>
      <object_component id="oc-225">
         <name>.debug_info</name>
         <load_address>0xf1d4</load_address>
         <run_address>0xf1d4</run_address>
         <size>0xef9</size>
         <input_file_ref idref="fl-c"/>
      </object_component>
      <object_component id="oc-3ea">
         <name>.debug_info</name>
         <load_address>0x100cd</load_address>
         <run_address>0x100cd</run_address>
         <size>0x37e2</size>
         <input_file_ref idref="fl-c"/>
      </object_component>
      <object_component id="oc-3c1">
         <name>.debug_info</name>
         <load_address>0x138af</load_address>
         <run_address>0x138af</run_address>
         <size>0x4bc</size>
         <input_file_ref idref="fl-d"/>
      </object_component>
      <object_component id="oc-3d2">
         <name>.debug_info</name>
         <load_address>0x13d6b</load_address>
         <run_address>0x13d6b</run_address>
         <size>0xf2</size>
         <input_file_ref idref="fl-d"/>
      </object_component>
      <object_component id="oc-3bb">
         <name>.debug_info</name>
         <load_address>0x13e5d</load_address>
         <run_address>0x13e5d</run_address>
         <size>0xe5</size>
         <input_file_ref idref="fl-d"/>
      </object_component>
      <object_component id="oc-3c9">
         <name>.debug_info</name>
         <load_address>0x13f42</load_address>
         <run_address>0x13f42</run_address>
         <size>0xe5</size>
         <input_file_ref idref="fl-d"/>
      </object_component>
      <object_component id="oc-3c6">
         <name>.debug_info</name>
         <load_address>0x14027</load_address>
         <run_address>0x14027</run_address>
         <size>0x145</size>
         <input_file_ref idref="fl-d"/>
      </object_component>
      <object_component id="oc-3cc">
         <name>.debug_info</name>
         <load_address>0x1416c</load_address>
         <run_address>0x1416c</run_address>
         <size>0xed</size>
         <input_file_ref idref="fl-d"/>
      </object_component>
      <object_component id="oc-3be">
         <name>.debug_info</name>
         <load_address>0x14259</load_address>
         <run_address>0x14259</run_address>
         <size>0xf2</size>
         <input_file_ref idref="fl-d"/>
      </object_component>
      <object_component id="oc-3d5">
         <name>.debug_info</name>
         <load_address>0x1434b</load_address>
         <run_address>0x1434b</run_address>
         <size>0x101</size>
         <input_file_ref idref="fl-d"/>
      </object_component>
      <object_component id="oc-3cf">
         <name>.debug_info</name>
         <load_address>0x1444c</load_address>
         <run_address>0x1444c</run_address>
         <size>0xeb</size>
         <input_file_ref idref="fl-d"/>
      </object_component>
      <object_component id="oc-2e4">
         <name>.debug_info</name>
         <load_address>0x14537</load_address>
         <run_address>0x14537</run_address>
         <size>0x1ea60</size>
         <input_file_ref idref="fl-d"/>
      </object_component>
      <object_component id="oc-2f5">
         <name>.debug_info</name>
         <load_address>0x32f97</load_address>
         <run_address>0x32f97</run_address>
         <size>0x6d1</size>
         <input_file_ref idref="fl-d"/>
      </object_component>
      <object_component id="oc-2ea">
         <name>.debug_info</name>
         <load_address>0x33668</load_address>
         <run_address>0x33668</run_address>
         <size>0x1052</size>
         <input_file_ref idref="fl-e"/>
      </object_component>
      <object_component id="oc-219">
         <name>.debug_info</name>
         <load_address>0x346ba</load_address>
         <run_address>0x346ba</run_address>
         <size>0x1d0f</size>
         <input_file_ref idref="fl-e"/>
      </object_component>
      <object_component id="oc-2fa">
         <name>.debug_info</name>
         <load_address>0x363c9</load_address>
         <run_address>0x363c9</run_address>
         <size>0x7d</size>
         <input_file_ref idref="fl-e"/>
      </object_component>
      <object_component id="oc-3dc">
         <name>.debug_info</name>
         <load_address>0x36446</load_address>
         <run_address>0x36446</run_address>
         <size>0x28</size>
         <input_file_ref idref="fl-e"/>
      </object_component>
      <object_component id="oc-2ef">
         <name>.debug_info</name>
         <load_address>0x3646e</load_address>
         <run_address>0x3646e</run_address>
         <size>0x1ab</size>
         <input_file_ref idref="fl-f"/>
      </object_component>
      <object_component id="oc-167">
         <name>.debug_info</name>
         <load_address>0x36619</load_address>
         <run_address>0x36619</run_address>
         <size>0xafc</size>
         <input_file_ref idref="fl-10"/>
      </object_component>
      <object_component id="oc-16c">
         <name>.debug_info</name>
         <load_address>0x37115</load_address>
         <run_address>0x37115</run_address>
         <size>0xec</size>
         <input_file_ref idref="fl-10"/>
      </object_component>
      <object_component id="oc-164">
         <name>.debug_info</name>
         <load_address>0x37201</load_address>
         <run_address>0x37201</run_address>
         <size>0xec</size>
         <input_file_ref idref="fl-10"/>
      </object_component>
      <object_component id="oc-79">
         <name>.debug_info</name>
         <load_address>0x372ed</load_address>
         <run_address>0x372ed</run_address>
         <size>0xc22</size>
         <input_file_ref idref="fl-10"/>
      </object_component>
      <object_component id="oc-2da">
         <name>.debug_info</name>
         <load_address>0x37f0f</load_address>
         <run_address>0x37f0f</run_address>
         <size>0x5bd</size>
         <input_file_ref idref="fl-11"/>
      </object_component>
      <object_component id="oc-20d">
         <name>.debug_info</name>
         <load_address>0x384cc</load_address>
         <run_address>0x384cc</run_address>
         <size>0x40d</size>
         <input_file_ref idref="fl-11"/>
      </object_component>
      <object_component id="oc-2e2">
         <name>.debug_info</name>
         <load_address>0x388d9</load_address>
         <run_address>0x388d9</run_address>
         <size>0x5ca</size>
         <input_file_ref idref="fl-12"/>
      </object_component>
      <object_component id="oc-2df">
         <name>.debug_info</name>
         <load_address>0x38ea3</load_address>
         <run_address>0x38ea3</run_address>
         <size>0xdb</size>
         <input_file_ref idref="fl-12"/>
      </object_component>
      <object_component id="oc-2dc">
         <name>.debug_info</name>
         <load_address>0x38f7e</load_address>
         <run_address>0x38f7e</run_address>
         <size>0xdb</size>
         <input_file_ref idref="fl-12"/>
      </object_component>
      <object_component id="oc-213">
         <name>.debug_info</name>
         <load_address>0x39059</load_address>
         <run_address>0x39059</run_address>
         <size>0x596</size>
         <input_file_ref idref="fl-12"/>
      </object_component>
      <object_component id="oc-c3">
         <name>.debug_info</name>
         <load_address>0x395ef</load_address>
         <run_address>0x395ef</run_address>
         <size>0x149</size>
         <input_file_ref idref="fl-13"/>
      </object_component>
      <object_component id="oc-be">
         <name>.debug_info</name>
         <load_address>0x39738</load_address>
         <run_address>0x39738</run_address>
         <size>0x74e</size>
         <input_file_ref idref="fl-14"/>
      </object_component>
      <object_component id="oc-dc">
         <name>.debug_info</name>
         <load_address>0x39e86</load_address>
         <run_address>0x39e86</run_address>
         <size>0xf9</size>
         <input_file_ref idref="fl-14"/>
      </object_component>
      <object_component id="oc-df">
         <name>.debug_info</name>
         <load_address>0x39f7f</load_address>
         <run_address>0x39f7f</run_address>
         <size>0xeb</size>
         <input_file_ref idref="fl-14"/>
      </object_component>
      <object_component id="oc-d6">
         <name>.debug_info</name>
         <load_address>0x3a06a</load_address>
         <run_address>0x3a06a</run_address>
         <size>0xfb</size>
         <input_file_ref idref="fl-14"/>
      </object_component>
      <object_component id="oc-d9">
         <name>.debug_info</name>
         <load_address>0x3a165</load_address>
         <run_address>0x3a165</run_address>
         <size>0x121</size>
         <input_file_ref idref="fl-14"/>
      </object_component>
      <object_component id="oc-73">
         <name>.debug_info</name>
[...]
         <value>0x13cc1</value>
         <object_component_ref idref="oc-316"/>
      </symbol>
      <symbol id="sm-f7b">
         <name>I2C_masterSendMultiByteStop</name>
         <value>0x13ef9</value>
         <object_component_ref idref="oc-151"/>
      </symbol>
      <symbol id="sm-f7c">
         <name>I2C_masterSendMultiByteNext</name>
         <value>0x14051</value>
         <object_component_ref idref="oc-15d"/>
      </symbol>
      <symbol id="sm-f7d">
         <name>I2C_disableInterrupt</name>
         <value>0x14239</value>
         <object_component_ref idref="oc-12d"/>
      </symbol>
      <symbol id="sm-f7e">
         <name>I2C_masterSendMultiByteStart</name>
         <value>0x13e59</value>
         <object_component_ref idref="oc-121"/>
      </symbol>
      <symbol id="sm-f7f">
         <name>I2C_getEnabledInterruptStatus</name>
         <value>0x142d3</value>
         <object_component_ref idref="oc-145"/>
      </symbol>
      <symbol id="sm-f80">
         <name>I2C_masterReceiveMultiByteNext</name>
         <value>0x142df</value>
         <object_component_ref idref="oc-157"/>
      </symbol>
      <symbol id="sm-f81">
         <name>I2C_getInterruptStatus</name>
         <value>0x142d9</value>
         <object_component_ref idref="oc-139"/>
      </symbol>
      <symbol id="sm-f82">
         <name>I2C_isBusBusy</name>
         <value>0x141b1</value>
         <object_component_ref idref="oc-fd"/>
      </symbol>
      <symbol id="sm-f83">
         <name>I2C_enableModule</name>
         <value>0x1426f</value>
         <object_component_ref idref="oc-115"/>
      </symbol>
      <symbol id="sm-f84">
         <name>I2C_masterReceiveStart</name>
         <value>0x141eb</value>
         <object_component_ref idref="oc-13f"/>
      </symbol>
      <symbol id="sm-f85">
         <name>I2C_clearInterruptFlag</name>
         <value>0x1422b</value>
         <object_component_ref idref="oc-14b"/>
      </symbol>
      <symbol id="sm-f86">
         <name>I2C_setSlaveAddress</name>
         <value>0x142eb</value>
         <object_component_ref idref="oc-10f"/>
      </symbol>
      <symbol id="sm-f87">
         <name>I2C_initMaster</name>
         <value>0x13ddd</value>
         <object_component_ref idref="oc-109"/>
      </symbol>
      <symbol id="sm-f88">
         <name>I2C_enableInterrupt</name>
         <value>0x142ad</value>
         <object_component_ref idref="oc-11b"/>
      </symbol>
      <symbol id="sm-f89">
         <name>I2C_disableModule</name>
         <value>0x14263</value>
         <object_component_ref idref="oc-103"/>
      </symbol>
      <symbol id="sm-fd4">
         <name>Interrupt_disableInterrupt</name>
         <value>0x138b9</value>
         <object_component_ref idref="oc-133"/>
      </symbol>
      <symbol id="sm-fd5">
         <name>Interrupt_setPriority</name>
         <value>0x14075</value>
         <object_component_ref idref="oc-2ff"/>
      </symbol>
      <symbol id="sm-fd6">
         <name>Interrupt_enableInterrupt</name>
         <value>0x1391d</value>
         <object_component_ref idref="oc-127"/>
      </symbol>
      <symbol id="sm-103c">
         <name>PCM_setCoreVoltageLevel</name>
         <value>0x142b5</value>
         <object_component_ref idref="oc-237"/>
      </symbol>
      <symbol id="sm-103d">
         <name>PCM_getCoreVoltageLevel</name>
         <value>0x13f87</value>
         <object_component_ref idref="oc-436"/>
      </symbol>
      <symbol id="sm-103e">
         <name>PCM_getPowerMode</name>
         <value>0x13fb3</value>
         <object_component_ref idref="oc-430"/>
      </symbol>
      <symbol id="sm-103f">
         <name>PCM_getPowerState</name>
         <value>0x1427d</value>
         <object_component_ref idref="oc-43c"/>
      </symbol>
      <symbol id="sm-1040">
         <name>PCM_setPowerMode</name>
         <value>0x142bd</value>
         <object_component_ref idref="oc-442"/>
      </symbol>
      <symbol id="sm-1074">
         <name>SysCtl_getNMISourceStatus</name>
         <value>0x14289</value>
         <object_component_ref idref="oc-453"/>
      </symbol>
      <symbol id="sm-1075">
         <name>SysCtl_enableNMISource</name>
         <value>0x1420d</value>
         <object_component_ref idref="oc-465"/>
      </symbol>
      <symbol id="sm-1076">
         <name>SysCtl_disableNMISource</name>
         <value>0x141fd</value>
         <object_component_ref idref="oc-459"/>
      </symbol>
      <symbol id="sm-1077">
         <name>SysCtl_getTLVInfo</name>
         <value>0x13b41</value>
         <object_component_ref idref="oc-473"/>
      </symbol>
      <symbol id="sm-10a6">
         <name>UART_enableModule</name>
         <value>0x14295</value>
         <object_component_ref idref="oc-322"/>
      </symbol>
      <symbol id="sm-10a7">
         <name>UART_transmitData</name>
         <value>0x14099</value>
         <object_component_ref idref="oc-310"/>
      </symbol>
      <symbol id="sm-10a8">
         <name>UART_initModule</name>
         <value>0x13465</value>
         <object_component_ref idref="oc-31c"/>
      </symbol>
      <symbol id="sm-10be">
         <name>WDT_A_clearTimer</name>
         <value>0x14125</value>
         <object_component_ref idref="oc-200"/>
      </symbol>
      <symbol id="sm-10bf">
         <name>WDT_A_holdTimer</name>
         <value>0x1413d</value>
         <object_component_ref idref="oc-206"/>
      </symbol>
      <symbol id="sm-10ef">
         <name>snprintf</name>
         <value>0x13c75</value>
         <object_component_ref idref="oc-328"/>
      </symbol>
      <symbol id="sm-10fd">
         <name>__aeabi_ldivmod</name>
         <value>0x137e3</value>
         <object_component_ref idref="oc-386"/>
      </symbol>
      <symbol id="sm-110a">
         <name>__aeabi_uldivmod</name>
         <value>0x133cd</value>
         <object_component_ref idref="oc-48a"/>
      </symbol>
      <symbol id="sm-1119">
         <name>__aeabi_memset</name>
         <value>0x1368b</value>
         <object_component_ref idref="oc-98"/>
      </symbol>
      <symbol id="sm-111a">
         <name>memset</name>
         <value>0x13691</value>
         <object_component_ref idref="oc-98"/>
      </symbol>
      <symbol id="sm-111b">
         <name>__aeabi_memset8</name>
         <value>0x1368b</value>
         <object_component_ref idref="oc-98"/>
      </symbol>
      <symbol id="sm-111c">
         <name>__aeabi_memset4</name>
         <value>0x1368b</value>
         <object_component_ref idref="oc-98"/>
      </symbol>
      <symbol id="sm-111d">
         <name>__aeabi_memclr8</name>
         <value>0x13689</value>
         <object_component_ref idref="oc-98"/>
      </symbol>
      <symbol id="sm-111e">
         <name>__aeabi_memclr4</name>
         <value>0x13689</value>
         <object_component_ref idref="oc-98"/>
      </symbol>
      <symbol id="sm-111f">
         <name>__aeabi_memclr</name>
         <value>0x13689</value>
         <object_component_ref idref="oc-98"/>
      </symbol>
      <symbol id="sm-1128">
         <name>__aeabi_lmul</name>
         <value>0x1416d</value>
         <object_component_ref idref="oc-381"/>
      </symbol>
      <symbol id="sm-1143">
         <name>memcpy</name>
         <value>0x13331</value>
         <object_component_ref idref="oc-37"/>
      </symbol>
      <symbol id="sm-1144">
         <name>__aeabi_memcpy</name>
         <value>0x13331</value>
         <object_component_ref idref="oc-37"/>
      </symbol>
      <symbol id="sm-1145">
         <name>__aeabi_memcpy8</name>
         <value>0x13331</value>
         <object_component_ref idref="oc-37"/>
      </symbol>
      <symbol id="sm-1146">
         <name>__aeabi_memcpy4</name>
         <value>0x13331</value>
         <object_component_ref idref="oc-37"/>
      </symbol>
      <symbol id="sm-1158">
         <name>__TI_zero_init</name>
         <value>0x142a1</value>
         <object_component_ref idref="oc-49"/>
      </symbol>
      <symbol id="sm-116f">
         <name>__TI_decompress_none</name>
         <value>0x14247</value>
         <object_component_ref idref="oc-1d"/>
      </symbol>
      <symbol id="sm-1192">
         <name>__TI_decompress_lzss</name>
         <value>0x13851</value>
         <object_component_ref idref="oc-17"/>
      </symbol>
      <symbol id="sm-11a5">
         <name>__stack</name>
         <value>0x2000fe00</value>
         <object_component_ref idref="oc-29"/>
      </symbol>
      <symbol id="sm-11a6">
         <name>_c_int00_noargs</name>
         <value>0x13ec5</value>
         <object_component_ref idref="oc-55"/>
      </symbol>
      <symbol id="sm-130b">
         <name>__TI_printfi</name>
         <value>0xfafd</value>
         <object_component_ref idref="oc-3f6"/>
      </symbol>
      <symbol id="sm-132b">
         <name>frexpl</name>
         <value>0x13981</value>
         <object_component_ref idref="oc-56a"/>
      </symbol>
      <symbol id="sm-132c">
         <name>frexp</name>
         <value>0x13981</value>
         <object_component_ref idref="oc-56a"/>
      </symbol>
      <symbol id="sm-1349">
         <name>scalbn</name>
         <value>0x1298d</value>
         <object_component_ref idref="oc-570"/>
      </symbol>
      <symbol id="sm-134a">
         <name>scalbnl</name>
         <value>0x1298d</value>
         <object_component_ref idref="oc-570"/>
      </symbol>
      <symbol id="sm-134b">
         <name>ldexpl</name>
         <value>0x1298d</value>
         <object_component_ref idref="oc-570"/>
      </symbol>
      <symbol id="sm-134c">
         <name>ldexp</name>
         <value>0x1298d</value>
         <object_component_ref idref="oc-570"/>
      </symbol>
      <symbol id="sm-1356">
         <name>copysign</name>
         <value>0x140d9</value>
         <object_component_ref idref="oc-5b4"/>
      </symbol>
      <symbol id="sm-1357">
         <name>copysignl</name>
         <value>0x140d9</value>
         <object_component_ref idref="oc-5b4"/>
      </symbol>
      <symbol id="sm-1361">
         <name>__aeabi_idiv0</name>
         <value>0x1054b</value>
         <object_component_ref idref="oc-485"/>
      </symbol>
      <symbol id="sm-1362">
         <name>__aeabi_ldiv0</name>
         <value>0x1054b</value>
         <object_component_ref idref="oc-485"/>
      </symbol>
      <symbol id="sm-1379">
         <name>__aeabi_dsub</name>
         <value>0x12129</value>
         <object_component_ref idref="oc-54a"/>
      </symbol>
      <symbol id="sm-137a">
         <name>__aeabi_dadd</name>
         <value>0x12133</value>
         <object_component_ref idref="oc-54a"/>
      </symbol>
      <symbol id="sm-139c">
         <name>__aeabi_cdcmpeq</name>
         <value>0x134f9</value>
         <object_component_ref idref="oc-4ce"/>
      </symbol>
      <symbol id="sm-139d">
         <name>__aeabi_cdcmple</name>
         <value>0x134f9</value>
         <object_component_ref idref="oc-4ce"/>
      </symbol>
      <symbol id="sm-139e">
         <name>__aeabi_cdrcmple</name>
         <value>0x1357f</value>
         <object_component_ref idref="oc-535"/>
      </symbol>
      <symbol id="sm-13b2">
         <name>__aeabi_ddiv</name>
         <value>0x12731</value>
         <object_component_ref idref="oc-530"/>
      </symbol>
      <symbol id="sm-13bd">
         <name>__aeabi_dmul</name>
         <value>0x12c9f</value>
         <object_component_ref idref="oc-52b"/>
      </symbol>
      <symbol id="sm-13c7">
         <name>__aeabi_d2iz</name>
         <value>0x13d51</value>
         <object_component_ref idref="oc-53a"/>
      </symbol>
      <symbol id="sm-13d1">
         <name>__aeabi_i2d</name>
         <value>0x13f59</value>
         <object_component_ref idref="oc-545"/>
      </symbol>
      <symbol id="sm-13f9">
         <name>__TI_auto_init_nobinit_nopinit</name>
         <value>0x13d99</value>
         <object_component_ref idref="oc-1b1"/>
      </symbol>
      <symbol id="sm-1403">
         <name>_system_pre_init</name>
         <value>0x142ef</value>
         <object_component_ref idref="oc-9e"/>
      </symbol>
      <symbol id="sm-140f">
         <name>C$$EXIT</name>
         <value>0x142f3</value>
         <object_component_ref idref="oc-1a5"/>
      </symbol>
      <symbol id="sm-1410">
         <name>abort</name>
         <value>0x142f3</value>
         <object_component_ref idref="oc-1a5"/>
      </symbol>
      <symbol id="sm-1420">
         <name>__TI_ltoa</name>
         <value>0x13a9b</value>
         <object_component_ref idref="oc-53f"/>
      </symbol>
      <symbol id="sm-1437">
         <name>atoi</name>
         <value>0x13c29</value>
         <object_component_ref idref="oc-4c2"/>
      </symbol>
      <symbol id="sm-1442">
         <name>_ctypes_</name>
         <value>0x142f8</value>
         <object_component_ref idref="oc-524"/>
      </symbol>
      <symbol id="sm-1452">
         <name>memccpy</name>
         <value>0x140bd</value>
         <object_component_ref idref="oc-4eb"/>
      </symbol>
      <symbol id="sm-1462">
         <name>strchr</name>
         <value>0x14185</value>
         <object_component_ref idref="oc-576"/>
      </symbol>
      <symbol id="sm-1470">
         <name>strlen</name>
         <value>0x141c5</value>
         <object_component_ref idref="oc-4bc"/>
      </symbol>
      <symbol id="sm-1486">
         <name>__aeabi_errno_addr</name>
         <value>0x142c5</value>
         <object_component_ref idref="oc-4f7"/>
      </symbol>
      <symbol id="sm-1487">
         <name>errno</name>
         <value>0x20007328</value>
         <object_component_ref idref="oc-586"/>
      </symbol>
      <symbol id="sm-14a0">
         <name>wcslen</name>
         <value>0x141d9</value>
         <object_component_ref idref="oc-4f1"/>
      </symbol>
      <symbol id="sm-14a1">
         <name>__TI_static_base__</name>
         <value>0x0</value>
      </symbol>
      <symbol id="sm-14a4">
         <name>__mpu_init</name>
         <value>0x0</value>
      </symbol>
      <symbol id="sm-14a5">
         <name>_system_post_cinit</name>
         <value>0x0</value>
      </symbol>
      <symbol id="sm-14a6">
         <name>NMI_Handler</name>
         <value>0x14261</value>
      </symbol>
      <symbol id="sm-14a7">
         <name>HardFault_Handler</name>
         <value>0x14261</value>
      </symbol>
      <symbol id="sm-14a8">
         <name>MemManage_Handler</name>
         <value>0x14261</value>
      </symbol>
      <symbol id="sm-14a9">
         <name>BusFault_Handler</name>
         <value>0x14261</value>
      </symbol>
      <symbol id="sm-14aa">
         <name>UsageFault_Handler</name>
         <value>0x14261</value>
      </symbol>
      <symbol id="sm-14ab">
         <name>SVC_Handler</name>
         <value>0x14261</value>
      </symbol>
      <symbol id="sm-14ac">
         <name>DebugMon_Handler</name>
         <value>0x14261</value>
      </symbol>
      <symbol id="sm-14ad">
         <name>PendSV_Handler</name>
         <value>0x13a03</value>
      </symbol>
      <symbol id="sm-14ae">
         <name>SysTick_Handler</name>
         <value>0x105fb</value>
      </symbol>
      <symbol id="sm-14af">
         <name>PSS_IRQHandler</name>
         <value>0x14261</value>
      </symbol>
      <symbol id="sm-14b0">
         <name>CS_IRQHandler</name>
         <value>0x14261</value>
      </symbol>
      <symbol id="sm-14b1">
         <name>PCM_IRQHandler</name>
         <value>0x14261</value>
      </symbol>
      <symbol id="sm-14b2">
         <name>WDT_A_IRQHandler</name>
         <value>0x14261</value>
      </symbol>
      <symbol id="sm-14b3">
         <name>FPU_IRQHandler</name>
         <value>0x14261</value>
      </symbol>
      <symbol id="sm-14b4">
         <name>FLCTL_IRQHandler</name>
         <value>0x14261</value>
      </symbol>
      <symbol id="sm-14b5">
         <name>COMP_E0_IRQHandler</name>
         <value>0x14261</value>
      </symbol>
      <symbol id="sm-14b6">
         <name>COMP_E1_IRQHandler</name>
         <value>0x14261</value>
      </symbol>
      <symbol id="sm-14b7">
         <name>TA0_0_IRQHandler</name>
         <value>0x14261</value>
      </symbol>
      <symbol id="sm-14b8">
         <name>TA0_N_IRQHandler</name>
         <value>0x14261</value>
      </symbol>
      <symbol id="sm-14b9">
         <name>TA1_0_IRQHandler</name>
         <value>0x14261</value>
      </symbol>
      <symbol id="sm-14ba">
         <name>TA1_N_IRQHandler</name>
         <value>0x14261</value>
      </symbol>
      <symbol id="sm-14bb">
         <name>TA2_0_IRQHandler</name>
         <value>0x14261</value>
      </symbol>
      <symbol id="sm-14bc">
         <name>TA2_N_IRQHandler</name>
         <value>0x14261</value>
      </symbol>
      <symbol id="sm-14bd">
         <name>TA3_0_IRQHandler</name>
         <value>0x14261</value>
      </symbol>
      <symbol id="sm-14be">
         <name>TA3_N_IRQHandler</name>
         <value>0x14261</value>
      </symbol>
      <symbol id="sm-14bf">
         <name>EUSCIA0_IRQHandler</name>
         <value>0x14261</value>
      </symbol>
      <symbol id="sm-14c0">
         <name>EUSCIA1_IRQHandler</name>
         <value>0x14261</value>
      </symbol>
      <symbol id="sm-14c1">
         <name>EUSCIA2_IRQHandler</name>
         <value>0x14261</value>
      </symbol>
      <symbol id="sm-14c2">
         <name>EUSCIA3_IRQHandler</name>
         <value>0x14261</value>
      </symbol>
      <symbol id="sm-14c3">
         <name>EUSCIB0_IRQHandler</name>
         <value>0x14261</value>
      </symbol>
      <symbol id="sm-14c4">
         <name>EUSCIB1_IRQHandler</name>
         <value>0x10c21</value>
      </symbol>
      <symbol id="sm-14c5">
         <name>EUSCIB2_IRQHandler</name>
         <value>0x14261</value>
      </symbol>
      <symbol id="sm-14c6">
         <name>EUSCIB3_IRQHandler</name>
         <value>0x14261</value>
      </symbol>
      <symbol id="sm-14c7">
         <name>ADC14_IRQHandler</name>
         <value>0x14261</value>
      </symbol>
      <symbol id="sm-14c8">
         <name>T32_INT1_IRQHandler</name>
         <value>0x14261</value>
      </symbol>
      <symbol id="sm-14c9">
         <name>T32_INT2_IRQHandler</name>
         <value>0x14261</value>
      </symbol>
      <symbol id="sm-14ca">
         <name>T32_INTC_IRQHandler</name>
         <value>0x14261</value>
      </symbol>
      <symbol id="sm-14cb">
         <name>AES256_IRQHandler</name>
         <value>0x14261</value>
      </symbol>
      <symbol id="sm-14cc">
         <name>RTC_C_IRQHandler</name>
         <value>0x14261</value>
      </symbol>
      <symbol id="sm-14cd">
         <name>DMA_ERR_IRQHandler</name>
         <value>0x14261</value>
      </symbol>
      <symbol id="sm-14ce">
         <name>DMA_INT3_IRQHandler</name>
         <value>0x14261</value>
      </symbol>
      <symbol id="sm-14cf">
         <name>DMA_INT2_IRQHandler</name>
         <value>0x14261</value>
      </symbol>
      <symbol id="sm-14d0">
         <name>DMA_INT1_IRQHandler</name>
         <value>0x14261</value>
      </symbol>
      <symbol id="sm-14d1">
         <name>DMA_INT0_IRQHandler</name>
         <value>0x14261</value>
      </symbol>
      <symbol id="sm-14d2">
         <name>PORT1_IRQHandler</name>
         <value>0x14261</value>
      </symbol>
      <symbol id="sm-14d3">
         <name>PORT2_IRQHandler</name>
         <value>0x14261</value>
      </symbol>
      <symbol id="sm-14d4">
         <name>PORT3_IRQHandler</name>
         <value>0x14261</value>
      </symbol>
      <symbol id="sm-14d5">
         <name>PORT4_IRQHandler</name>
         <value>0x14261</value>
      </symbol>
      <symbol id="sm-14d6">
         <name>PORT5_IRQHandler</name>
         <value>0x14261</value>
      </symbol>
      <symbol id="sm-14d7">
         <name>PORT6_IRQHandler</name>
         <value>0x14261</value>
      </symbol>
   </symbol_table>
   <title>Link successful</title>
</link_info>
