******************************************************************************
                  TI ARM Linker Unix v20.2.4                   
******************************************************************************
>> Linked Thu Apr  1 18:25:40 2021

OUTPUT FILE NAME:   <Lab4.out>
ENTRY POINT SYMBOL: "_c_int00_noargs"  address: 000147f1


MEMORY CONFIGURATION

         name            origin    length      used     unused   attr    fill
----------------------  --------  ---------  --------  --------  ----  --------
  MAIN                  00000000   00040000  000155c4  0002aa3c  R  X
  INFO                  00200000   00004000  00000000  00004000  R  X
  SRAM_CODE             01000000   00010000  0000932f  00006cd1  RW X
  SRAM_DATA             20000000   00010000  0000932f  00006cd1  RW  


SEGMENT ALLOCATION MAP

run origin  load origin   length   init length attrs members
----------  ----------- ---------- ----------- ----- -------
00000000    00000000    000155c8   000155c8    r-x
  00000000    00000000    000000e4   000000e4    r-- .intvecs
  000000e4    000000e4    00014cb2   00014cb2    r-x .text
  00014d98    00014d98    000007c6   000007c6    r-- .const
  00015560    00015560    00000068   00000068    r-- .cinit
20000000    20000000    00009130   00000000    rw-
  20000000    20000000    00008cd3   00000000    rw- .bss
  20008cd4    20008cd4    0000045c   00000000    rw- .data
2000fe00    2000fe00    00000200   00000000    rw-
  2000fe00    2000fe00    00000200   00000000    rw- .stack


SECTION ALLOCATION MAP

 output                                  attributes/
section   page    origin      length       input sections
--------  ----  ----------  ----------   ----------------
.intvecs   0    00000000    000000e4     
                  00000000    000000e4     startup_msp432p401r_ccs.obj (.intvecs:retain)

.text      0    000000e4    00014cb2     
                  000000e4    0000d5e0     bmi160.obj (.text)
                  0000d6c4    00001810     bme280.obj (.text)
                  0000eed4    00000c28     bmi160_support.obj (.text)
                  0000fafc    00000a4e     rtsv7M4_T_le_v4SPD16_eabi.lib : _printfi.c.obj (.text:__TI_printfi)
                  0001054a    00000002                                   : div0.asm.obj (.text)
                  0001054c    00000758     G8RTOS_Scheduler.obj (.text)
                  00010ca4    000005b0     LCDLib.obj (.text)
                  00011254    00000360     i2c_driver.obj (.text)
                  000115b4    0000034c     quiz.obj (.text)
                  00011900    00000334     system_msp432p401r.obj (.text)
                  00011c34    000002f8     BackChannelUart.obj (.text)
                  00011f2c    000002e0     bme280_support.obj (.text)
                  0001220c    00000270     rtsv7M4_T_le_v4SPD16_eabi.lib : _printfi.c.obj (.text:_pconv_a)
                  0001247c    00000234     tmp007.obj (.text)
                  000126b0    000001f0     RGBLeds.obj (.text)
                  000128a0    000001d0     rtsv7M4_T_le_v4SPD16_eabi.lib : _printfi.c.obj (.text:_pconv_g)
                  00012a70    000001b6                                   : fd_add_t2.asm.obj (.text)
                  00012c26    00000002     --HOLE-- [fill = 0]
                  00012c28    00000178     Joystick.obj (.text)
                  00012da0    0000013c     rtsv7M4_T_le_v4SPD16_eabi.lib : _printfi.c.obj (.text:_pconv_e)
                  00012edc    00000136                                   : fd_div_t2.asm.obj (.text)
                  00013012    00000002     --HOLE-- [fill = 0]
                  00013014    00000124                                   : _printfi.c.obj (.text:fcvt)
                  00013138    00000110                                   : s_scalbn.c.obj (.text:scalbn)
                  00013248    00000104     msp432p4xx_driverlib.lib : cs.o (.text:CS_getDCOFrequency)
                  0001334c    000000fe     opt3001.obj (.text)
                  0001344a    000000fc     rtsv7M4_T_le_v4SPD16_eabi.lib : fd_mul_t2.asm.obj (.text)
                  00013546    00000002     --HOLE-- [fill = 0]
                  00013548    000000e0     msp432p4xx_driverlib.lib : cs.o (.text:CS_initClockSignal)
                  00013628    000000dc                              : pcm.o (.text:__PCM_setPowerModeAdvanced)
                  00013704    000000b1     rtsv7M4_T_le_v4SPD16_eabi.lib : _printfi.c.obj (.text:_ltostr)
                  000137b5    00000003     --HOLE-- [fill = 0]
                  000137b8    000000b0     msp432p4xx_driverlib.lib : pcm.o (.text:__PCM_setCoreVoltageLevelAdvanced)
                  00013868    000000a4     LCDLib.obj (.text:PutChar)
                  0001390c    000000a0     G8RTOS_Semaphores.obj (.text)
                  000139ac    0000009c     msp432p4xx_driverlib.lib : cs.o (.text:CS_startHFXTWithTimeout)
                  00013a48    0000009c                              : cs.o (.text:_CSComputeCLKFrequency)
                  00013ae4    0000009c     rtsv7M4_T_le_v4SPD16_eabi.lib : memcpy_t2.asm.obj (.text)
                  00013b80    00000096                                   : ull_div_t2.asm.obj (.text)
                  00013c16    00000002     --HOLE-- [fill = 0]
                  00013c18    00000094     msp432p4xx_driverlib.lib : uart.o (.text:UART_initModule)
                  00013cac    00000086     rtsv7M4_T_le_v4SPD16_eabi.lib : fd_cmp_t2.asm.obj (.text:__aeabi_cdcmple)
                  00013d32    00000086                                   : fd_cmp_t2.asm.obj (.text:__aeabi_cdrcmple)
                  00013db8    00000084     ClockSys.obj (.text)
                  00013e3c    0000007a     rtsv7M4_T_le_v4SPD16_eabi.lib : memset_t2.asm.obj (.text)
                  00013eb6    00000002     --HOLE-- [fill = 0]
                  00013eb8    00000070     msp432p4xx_driverlib.lib : cs.o (.text:_CSGetHFXTFrequency)
                  00013f28    0000006e     rtsv7M4_T_le_v4SPD16_eabi.lib : _printfi.c.obj (.text:_mcpy)
                  00013f96    0000006e                                   : ll_div_t2.asm.obj (.text)
                  00014004    00000068                                   : copy_decompress_lzss.c.obj (.text:decompress:lzss:__TI_decompress_lzss)
                  0001406c    00000064     msp432p4xx_driverlib.lib : interrupt.o (.text:Interrupt_disableInterrupt)
                  000140d0    00000064                              : interrupt.o (.text:Interrupt_enableInterrupt)
                  00014134    00000064     rtsv7M4_T_le_v4SPD16_eabi.lib : s_frexp.c.obj (.text:frexp)
                  00014198    00000060     G8RTOS_SchedulerASM.obj (.text)
                  000141f8    00000060     LCDLib.obj (.text:LCD_ReadData)
                  00014258    00000056     rtsv7M4_T_le_v4SPD16_eabi.lib : _printfi.c.obj (.text:_pconv_f)
                  000142ae    00000054                                   : _ltoa.c.obj (.text:__TI_ltoa)
                  00014302    00000002     --HOLE-- [fill = 0]
                  00014304    00000054     main.obj (.text)
                  00014358    00000052     rtsv7M4_T_le_v4SPD16_eabi.lib : _printfi.c.obj (.text:_ecpy)
                  000143aa    00000002     --HOLE-- [fill = 0]
                  000143ac    00000050     msp432p4xx_driverlib.lib : sysctl.o (.text:SysCtl_getTLVInfo)
                  000143fc    0000004c                              : gpio.o (.text:GPIO_setAsPeripheralModuleFunctionOutputPin)
                  00014448    0000004c                              : cs.o (.text:_CSGetDOCFrequency)
                  00014494    0000004c     rtsv7M4_T_le_v4SPD16_eabi.lib : atoi.c.obj (.text:atoi)
                  000144e0    0000004c                                   : snprintf.c.obj (.text:snprintf)
                  0001452c    00000048     msp432p4xx_driverlib.lib : gpio.o (.text:GPIO_setAsPeripheralModuleFunctionInputPin)
                  00014574    00000048                              : cs.o (.text:_CSGetDividerValue)
                  000145bc    00000048     rtsv7M4_T_le_v4SPD16_eabi.lib : fd_toi_t2.asm.obj (.text)
                  00014604    00000044                                   : autoinit.c.obj (.text:__TI_auto_init_nobinit_nopinit:__TI_auto_init_nobinit_nopinit)
                  00014648    00000040     AsciiLib.obj (.text)
                  00014688    00000040     BSP.obj (.text)
                  000146c8    00000040     LCDLib.obj (.text:LCD_WriteData)
                  00014708    0000003e     msp432p4xx_driverlib.lib : i2c.o (.text:I2C_initMaster)
                  00014746    0000003e     rtsv7M4_T_le_v4SPD16_eabi.lib : _printfi.c.obj (.text:_fcpy)
                  00014784    00000038     msp432p4xx_driverlib.lib : i2c.o (.text:I2C_masterSendMultiByteStart)
                  000147bc    00000034     LCDLib.obj (.text:LCD_WriteIndex)
                  000147f0    00000034     rtsv7M4_T_le_v4SPD16_eabi.lib : boot_cortex_m.c.obj (.text:_c_int00_noargs:_c_int00_noargs)
                  00014824    00000030     msp432p4xx_driverlib.lib : i2c.o (.text:I2C_masterSendMultiByteStop)
                  00014854    00000030     rtsv7M4_T_le_v4SPD16_eabi.lib : snprintf.c.obj (.text:_outs)
                  00014884    00000030     msp432p4xx_driverlib.lib : spi.o (.text:is_A_Module)
                  000148b4    0000002e     rtsv7M4_T_le_v4SPD16_eabi.lib : i_tofd_t2.asm.obj (.text)
                  000148e2    0000002c     msp432p4xx_driverlib.lib : pcm.o (.text:PCM_getCoreVoltageLevel)
                  0001490e    0000002a                              : pcm.o (.text:PCM_getPowerMode)
                  00014938    00000028                              : flash.o (.text:FlashCtl_setWaitState)
                  00014960    00000028     LCDLib.obj (.text:SPISendRecvByte)
                  00014988    00000026     demo_sysctl.obj (.text)
                  000149ae    00000002     --HOLE-- [fill = 0]
                  000149b0    00000024     msp432p4xx_driverlib.lib : cs.o (.text:CS_clearInterruptFlag)
                  000149d4    00000024                              : i2c.o (.text:I2C_masterSendMultiByteNext)
                  000149f8    00000024                              : interrupt.o (.text:Interrupt_setPriority)
                  00014a1c    00000024                              : uart.o (.text:UART_transmitData)
                  00014a40    00000020     LCDLib.obj (.text:LCD_SetCursor)
                  00014a60    00000020     LCDLib.obj (.text:LCD_Write_Data_Only)
                  00014a80    00000020     msp432p4xx_driverlib.lib : spi.o (.text:SPI_transmitData)
                  00014aa0    0000001c                              : spi.o (.text:EUSCI_A_SPI_isBusy)
                  00014abc    0000001c                              : spi.o (.text:EUSCI_B_SPI_isBusy)
                  00014ad8    0000001c     LCDLib.obj (.text:LCD_WriteReg)
                  00014af4    0000001c     rtsv7M4_T_le_v4SPD16_eabi.lib : memccpy.c.obj (.text:memccpy)
                  00014b10    0000001a     msp432p4xx_driverlib.lib : spi.o (.text:SPI_isBusy)
                  00014b2a    0000001a                              : spi.o (.text:SPI_receiveData)
                  00014b44    0000001a     rtsv7M4_T_le_v4SPD16_eabi.lib : s_copysign.c.obj (.text:copysign)
                  00014b5e    00000002     --HOLE-- [fill = 0]
                  00014b60    00000018     msp432p4xx_driverlib.lib : cs.o (.text:CS_getMCLK)
                  00014b78    00000018                              : cs.o (.text:CS_getSMCLK)
                  00014b90    00000018                              : wdt_a.o (.text:WDT_A_clearTimer)
                  00014ba8    00000018                              : wdt_a.o (.text:WDT_A_holdTimer)
                  00014bc0    00000018     rtsv7M4_T_le_v4SPD16_eabi.lib : snprintf.c.obj (.text:_outc)
                  00014bd8    00000018                                   : ll_mul_t2.asm.obj (.text)
                  00014bf0    00000016                                   : strchr.c.obj (.text:strchr)
                  00014c06    00000002     --HOLE-- [fill = 0]
                  00014c08    00000014     msp432p4xx_driverlib.lib : cs.o (.text:CS_setExternalClockSourceFrequency)
                  00014c1c    00000014                              : i2c.o (.text:I2C_isBusBusy)
                  00014c30    00000014     rtsv7M4_T_le_v4SPD16_eabi.lib : strcpy.c.obj (.text:strcpy)
                  00014c44    00000014                                   : strlen.c.obj (.text:strlen)
                  00014c58    00000012                                   : wcslen.c.obj (.text:wcslen)
                  00014c6a    00000010     msp432p4xx_driverlib.lib : i2c.o (.text:I2C_masterReceiveStart)
                  00014c7a    00000002     --HOLE-- [fill = 0]
                  00014c7c    00000010                              : sysctl.o (.text:SysCtl_disableNMISource)
                  00014c8c    00000010                              : sysctl.o (.text:SysCtl_enableNMISource)
                  00014c9c    0000000e     G8RTOS_CriticalSection.obj (.text)
                  00014caa    0000000e     msp432p4xx_driverlib.lib : i2c.o (.text:I2C_clearInterruptFlag)
                  00014cb8    0000000e                              : i2c.o (.text:I2C_disableInterrupt)
                  00014cc6    0000000e     rtsv7M4_T_le_v4SPD16_eabi.lib : copy_decompress_none.c.obj (.text:decompress:none:__TI_decompress_none)
                  00014cd4    0000000e     startup_msp432p401r_ccs.obj (.text)
                  00014ce2    0000000c     msp432p4xx_driverlib.lib : i2c.o (.text:I2C_disableModule)
                  00014cee    0000000c                              : i2c.o (.text:I2C_enableModule)
                  00014cfa    00000002     --HOLE-- [fill = 0]
                  00014cfc    0000000c                              : pcm.o (.text:PCM_getPowerState)
                  00014d08    0000000c                              : sysctl.o (.text:SysCtl_getNMISourceStatus)
                  00014d14    0000000c                              : uart.o (.text:UART_enableModule)
                  00014d20    0000000c     rtsv7M4_T_le_v4SPD16_eabi.lib : copy_zero_init.c.obj (.text:decompress:ZI:__TI_zero_init)
                  00014d2c    0000000a     LCDLib.obj (.text:LCD_Write_Data_Start)
                  00014d36    00000008     msp432p4xx_driverlib.lib : i2c.o (.text:I2C_enableInterrupt)
                  00014d3e    00000008                              : pcm.o (.text:PCM_setCoreVoltageLevel)
                  00014d46    00000008                              : pcm.o (.text:PCM_setPowerMode)
                  00014d4e    00000002     --HOLE-- [fill = 0]
                  00014d50    00000008     rtsv7M4_T_le_v4SPD16_eabi.lib : errno.c.obj (.text:__aeabi_errno_addr)
                  00014d58    00000006     msp432p4xx_driverlib.lib : cs.o (.text:CS_startHFXT)
                  00014d5e    00000006                              : spi.o (.text:EUSCI_A_SPI_receiveData)
                  00014d64    00000006                              : spi.o (.text:EUSCI_B_SPI_receiveData)
                  00014d6a    00000006                              : i2c.o (.text:I2C_getEnabledInterruptStatus)
                  00014d70    00000006                              : i2c.o (.text:I2C_getInterruptStatus)
                  00014d76    00000006                              : i2c.o (.text:I2C_masterReceiveMultiByteNext)
                  00014d7c    00000006     demo_sysctl.obj (.text:SysCtlDelay)
                  00014d82    00000004     msp432p4xx_driverlib.lib : spi.o (.text:EUSCI_A_SPI_transmitData)
                  00014d86    00000004                              : spi.o (.text:EUSCI_B_SPI_transmitData)
                  00014d8a    00000004                              : i2c.o (.text:I2C_setSlaveAddress)
                  00014d8e    00000004     rtsv7M4_T_le_v4SPD16_eabi.lib : pre_init.c.obj (.text:_system_pre_init)
                  00014d92    00000004                                   : exit.c.obj (.text:abort:abort)

.const     0    00014d98    000007c6     
                  00014d98    000005f0     AsciiLib.obj (.const:AsciiLib)
                  00015388    00000101     rtsv7M4_T_le_v4SPD16_eabi.lib : ctype.c.obj (.const:.string:_ctypes_)
                  00015489    00000003     bmi160.obj (.const:.string:INVALID_OFFSET)
                  0001548c    00000050     msp432p4xx_driverlib.lib : interrupt.o (.const:g_pulRegs)
                  000154dc    00000040                              : interrupt.o (.const)
                  0001551c    00000024     BackChannelUart.obj (.const:backChannelUart115200Config)
                  00015540    0000000c     bmi160.obj (.const:yas532_version_ac_coef)
                  0001554c    00000008     bmi160.obj (.const:v_calib_data$2)
                  00015554    00000005     bme280_support.obj (.const:.string:$P$T0$1)
                  00015559    00000005     bmi160.obj (.const:.string:v_correct_u8$1)

.cinit     0    00015560    00000068     
                  00015560    00000042     (.cinit..data.load) [load image, compression = lzss]
                  000155a2    00000002     --HOLE-- [fill = 0]
                  000155a4    0000000c     (__TI_handler_table)
                  000155b0    00000008     (.cinit..bss.load) [load image, compression = zero_init]
                  000155b8    00000010     (__TI_cinit_table)

.init_array 
*          0    00000000    00000000     UNINITIALIZED

.binit     0    00000000    00000000     

.bss       0    20000000    00008cd3     UNINITIALIZED
                  20000000    00007800     G8RTOS_Scheduler.obj (.bss:threadStacks)
                  20007800    000005a0     G8RTOS_Scheduler.obj (.bss:threadControlBlocks)
                  20007da0    0000036c     (.common:accel_fifo)
                  2000810c    0000036c     (.common:gyro_fifo)
                  20008478    0000036c     (.common:mag_fifo)
                  200087e4    000002d0     G8RTOS_Scheduler.obj (.bss:pthreadControlBlocks)
                  20008ab4    00000100     BackChannelUart.obj (.bss:backChannelStringBuff)
                  20008bb4    00000070     bmi160.obj (.bss:yas532_data)
                  20008c24    0000003c     (.common:bme280)
                  20008c60    00000014     (.common:s_bmi160)
                  20008c74    00000010     bmi160.obj (.bss:mag_trim)
                  20008c84    0000000c     G8RTOS_Scheduler.obj (.bss)
                  20008c90    00000006     (.common:accelxyz)
                  20008c96    00000006     (.common:gyroxyz)
                  20008c9c    00000004     bme280.obj (.bss)
                  20008ca0    00000004     bmi160.obj (.bss)
                  20008ca4    00000004     tmp007.obj (.bss:buf)
                  20008ca8    00000004     (.common:ButtonFunction)
                  20008cac    00000004     (.common:CurrentlyRunningThread)
                  20008cb0    00000004     (.common:SystemTime)
                  20008cb4    00000004     (.common:g_ui32ByteCount)
                  20008cb8    00000004     (.common:hfxtFreq)
                  20008cbc    00000004     (.common:lcd_sem)
                  20008cc0    00000004     (.common:lfxtFreq)
                  20008cc4    00000004     (.common:pData)
                  20008cc8    00000004     (.common:snakeBlock)
                  20008ccc    00000003     bmi160.obj (.bss:akm_asa_data)
                  20008ccf    00000001     (.common:ui8DummyRead)
                  20008cd0    00000002     tmp007.obj (.bss)
                  20008cd2    00000001     (.common:ui8Status)

.data      0    20008cd4    0000045c     UNINITIALIZED
                  20008cd4    00000400     bmi160.obj (.data:v_fifo_data_u8)
                  200090d4    00000030     msp432p4xx_driverlib.lib : gpio.o (.data:GPIO_PORT_TO_BASE)
                  20009104    00000014     i2c_driver.obj (.data:i2cConfig)
                  20009118    00000008     bmi160.obj (.data)
                  20009120    00000005     quiz.obj (.data)
                  20009125    00000001     i2c_driver.obj (.data)
                  20009126    00000002     --HOLE--
                  20009128    00000004     rtsv7M4_T_le_v4SPD16_eabi.lib : errno.c.obj (.data)
                  2000912c    00000004     system_msp432p401r.obj (.data)

.stack     0    2000fe00    00000200     UNINITIALIZED
                  2000fe00    00000004     rtsv7M4_T_le_v4SPD16_eabi.lib : boot_cortex_m.c.obj (.stack)
                  2000fe04    000001fc     --HOLE--

__llvm_prf_cnts 
*          0    20000000    00000000     UNINITIALIZED

MODULE SUMMARY

       Module                        code    ro data   rw data
       ------                        ----    -------   -------
    ./
       quiz.obj                      844     0         18     
       system_msp432p401r.obj        820     0         8      
       startup_msp432p401r_ccs.obj   14      228       0      
       main.obj                      84      0         0      
       demo.obj                      0       0         16     
    +--+-----------------------------+-------+---------+---------+
       Total:                        1762    228       42     
                                                              
    ./BoardSupportPackage/src/
       bmi160.obj                    54752   28        7590   
       bme280.obj                    6160    0         8      
       bmi160_support.obj            3112    0         64     
       LCDLib.obj                    1974    0         0      
       AsciiLib.obj                  64      1520      0      
       BackChannelUart.obj           760     36        512    
       i2c_driver.obj                864     0         62     
       bme280_support.obj            736     5         120    
       tmp007.obj                    564     0         12     
       RGBLeds.obj                   496     0         0      
       Joystick.obj                  376     0         8      
       opt3001.obj                   254     0         0      
       ClockSys.obj                  132     0         0      
       BSP.obj                       64      0         0      
       demo_sysctl.obj               44      0         0      
    +--+-----------------------------+-------+---------+---------+
       Total:                        70352   1589      8376   
                                                              
    ./G8RTOS_Lab4/
       G8RTOS_Scheduler.obj          1880    0         65792  
       G8RTOS_Semaphores.obj         160     0         0      
       G8RTOS_SchedulerASM.obj       96      0         0      
       G8RTOS_CriticalSection.obj    14      0         0      
    +--+-----------------------------+-------+---------+---------+
       Total:                        2150    0         65792  
                                                              
    ../BoardSupportPackage/DriverLib/msp432p4xx_driverlib.lib
       cs.o                          1166    0         16     
       pcm.o                         510     0         0      
       interrupt.o                   236     144       0      
       i2c.o                         320     0         0      
       gpio.o                        148     0         96     
       spi.o                         208     0         0      
       uart.o                        196     0         0      
       sysctl.o                      124     0         0      
       wdt_a.o                       48      0         0      
       flash.o                       40      0         0      
    +--+-----------------------------+-------+---------+---------+
       Total:                        2996    144       112    
                                                              
    /home/sahil/ti/ccs1020/ccs/tools/compiler/ti-cgt-arm_20.2.4.LTS/lib/rtsv7M4_T_le_v4SPD16_eabi.lib
       _printfi.c.obj                4851    0         0      
       fd_add_t2.asm.obj             438     0         0      
       fd_div_t2.asm.obj             310     0         0      
       s_scalbn.c.obj                272     0         0      
       fd_cmp_t2.asm.obj             268     0         0      
       ctype.c.obj                   0       257       0      
       fd_mul_t2.asm.obj             252     0         0      
       memcpy_t2.asm.obj             156     0         0      
       ull_div_t2.asm.obj            150     0         0      
       snprintf.c.obj                148     0         0      
       memset_t2.asm.obj             122     0         0      
       ll_div_t2.asm.obj             110     0         0      
       copy_decompress_lzss.c.obj    104     0         0      
       s_frexp.c.obj                 100     0         0      
       _ltoa.c.obj                   84      0         0      
       atoi.c.obj                    76      0         0      
       fd_toi_t2.asm.obj             72      0         0      
       autoinit.c.obj                68      0         0      
       boot_cortex_m.c.obj           52      0         0      
       i_tofd_t2.asm.obj             46      0         0      
       memccpy.c.obj                 28      0         0      
       s_copysign.c.obj              26      0         0      
       ll_mul_t2.asm.obj             24      0         0      
       strchr.c.obj                  22      0         0      
       strcpy.c.obj                  20      0         0      
       strlen.c.obj                  20      0         0      
       wcslen.c.obj                  18      0         0      
       errno.c.obj                   8       0         8      
       copy_decompress_none.c.obj    14      0         0      
       copy_zero_init.c.obj          12      0         0      
       exit.c.obj                    4       0         0      
       pre_init.c.obj                4       0         0      
       div0.asm.obj                  2       0         0      
    +--+-----------------------------+-------+---------+---------+
       Total:                        7881    257       8      
                                                              
       Stack:                        0       0         1024   
       Linker Generated:             0       102       0      
    +--+-----------------------------+-------+---------+---------+
       Grand Total:                  85141   2320      75354  


LINKER GENERATED COPY TABLES

__TI_cinit_table @ 000155b8 records: 2, size/record: 8, table size: 16
	.data: load addr=00015560, load size=00000042 bytes, run addr=20008cd4, run size=0000045c bytes, compression=lzss
	.bss: load addr=000155b0, load size=00000008 bytes, run addr=20000000, run size=00008cd3 bytes, compression=zero_init


LINKER GENERATED HANDLER TABLE

__TI_handler_table @ 000155a4 records: 3, size/record: 4, table size: 12
	index: 0, handler: __TI_decompress_lzss
	index: 1, handler: __TI_decompress_none
	index: 2, handler: __TI_zero_init


GLOBAL SYMBOLS: SORTED ALPHABETICALLY BY Name 

address   name                                                  
-------   ----                                                  
00014ce1  ADC14_IRQHandler                                      
00014ce1  AES256_IRQHandler                                     
000120cd  BME280_I2C_bus_read                                   
000120a1  BME280_I2C_bus_write                                  
000120f9  BME280_SPI_bus_read                                   
0001215f  BME280_SPI_bus_write                                  
000121cf  BME280_delay_msek                                     
00014689  BSP_InitBoard                                         
00011cd9  BackChannelEventTrigger                               
00011c53  BackChannelInit                                       
00011cf1  BackChannelOpt3001PrintRaw                            
00011c6f  BackChannelPrint                                      
00011cbb  BackChannelPrintIntVariable                           
00011d33  BackupChannelBmi160PrintAccel                         
00011d5f  BackupChannelBmi160PrintGyro                          
00011d8b  BackupChannelBmi160PrintMag                           
00011d0d  BackupChannelTmp007PrintRaw                           
00014ce1  BusFault_Handler                                      
20008ca8  ButtonFunction                                        
0001163b  ButtonTap_port4                                       
00011675  ButtonTap_port5                                       
00014d93  C$$EXIT                                               
00014ce1  COMP_E0_IRQHandler                                    
00014ce1  COMP_E1_IRQHandler                                    
00014ce1  CS_IRQHandler                                         
000149b1  CS_clearInterruptFlag                                 
00013249  CS_getDCOFrequency                                    
00014b61  CS_getMCLK                                            
00014b79  CS_getSMCLK                                           
00013549  CS_initClockSignal                                    
00014c09  CS_setExternalClockSourceFrequency                    
00014d59  CS_startHFXT                                          
000139ad  CS_startHFXTWithTimeout                               
00013e27  ClockSys_GetSysFreq                                   
00013db9  ClockSys_SetMaxFreq                                   
20008cac  CurrentlyRunningThread                                
00014ce1  DMA_ERR_IRQHandler                                    
00014ce1  DMA_INT0_IRQHandler                                   
00014ce1  DMA_INT1_IRQHandler                                   
00014ce1  DMA_INT2_IRQHandler                                   
00014ce1  DMA_INT3_IRQHandler                                   
00014ce1  DebugMon_Handler                                      
00014ce1  Default_Handler                                       
00014989  DelayMs                                               
00012d09  Disable_Joystick_Interrupt                            
00014ce1  EUSCIA0_IRQHandler                                    
00014ce1  EUSCIA1_IRQHandler                                    
00014ce1  EUSCIA2_IRQHandler                                    
00014ce1  EUSCIA3_IRQHandler                                    
00014ce1  EUSCIB0_IRQHandler                                    
000114ed  EUSCIB1_IRQHandler                                    
000114ed  EUSCIB1_IRQHandler                                    
00014ce1  EUSCIB2_IRQHandler                                    
00014ce1  EUSCIB3_IRQHandler                                    
00014aa1  EUSCI_A_SPI_isBusy                                    
00014d5f  EUSCI_A_SPI_receiveData                               
00014d83  EUSCI_A_SPI_transmitData                              
00014abd  EUSCI_B_SPI_isBusy                                    
00014d65  EUSCI_B_SPI_receiveData                               
00014d87  EUSCI_B_SPI_transmitData                              
00014ca5  EndCriticalSection                                    
00014ce1  FLCTL_IRQHandler                                      
00014ce1  FPU_IRQHandler                                        
00014939  FlashCtl_setWaitState                                 
00010bfd  G8RTOS_AddAPeriodicEvent                              
000109c5  G8RTOS_AddPThread                                     
000107bd  G8RTOS_AddThread                                      
00010ae7  G8RTOS_GetThreadID                                    
00010725  G8RTOS_Init                                           
0001390d  G8RTOS_InitSemaphore                                  
00010bcd  G8RTOS_KillSelf                                       
00010af5  G8RTOS_KillThread                                     
00010759  G8RTOS_Launch                                         
0001061b  G8RTOS_Scheduler                                      
00013963  G8RTOS_SignalSemaphore                                
0001419d  G8RTOS_Start                                          
00013927  G8RTOS_WaitSemaphore                                  
0001452d  GPIO_setAsPeripheralModuleFunctionInputPin            
000143fd  GPIO_setAsPeripheralModuleFunctionOutputPin           
00014649  GetASCIICode                                          
00012d1f  GetJoystickCoordinates                                
00014ce1  HardFault_Handler                                     
00014cab  I2C_clearInterruptFlag                                
00014cb9  I2C_disableInterrupt                                  
00014ce3  I2C_disableModule                                     
00014d37  I2C_enableInterrupt                                   
00014cef  I2C_enableModule                                      
00014d6b  I2C_getEnabledInterruptStatus                         
00014d71  I2C_getInterruptStatus                                
00014709  I2C_initMaster                                        
00014c1d  I2C_isBusBusy                                         
00014d77  I2C_masterReceiveMultiByteNext                        
00014c6b  I2C_masterReceiveStart                                
000149d5  I2C_masterSendMultiByteNext                           
00014785  I2C_masterSendMultiByteStart                          
00014825  I2C_masterSendMultiByteStop                           
0001206f  I2C_routine                                           
00014d8b  I2C_setSlaveAddress                                   
0001406d  Interrupt_disableInterrupt                            
000140d1  Interrupt_enableInterrupt                             
000149f9  Interrupt_setPriority                                 
00012c55  Joystick_Init_Without_Interrupt                       
00012cb3  Joystick_Push_Button_Init_With_Interrupt              
00010e8d  LCD_Clear                                             
00010d45  LCD_DrawRectangle                                     
00010f51  LCD_Init                                              
000141f9  LCD_ReadData                                          
00011217  LCD_ReadPixelColor                                    
00014a41  LCD_SetCursor                                         
00010eff  LCD_SetPoint                                          
00010df3  LCD_Text                                              
000146c9  LCD_WriteData                                         
000147bd  LCD_WriteIndex                                        
00014ad9  LCD_WriteReg                                          
00014a61  LCD_Write_Data_Only                                   
00014d2d  LCD_Write_Data_Start                                  
000126b1  LP3943_LedModeSet                                     
00014ce1  MemManage_Handler                                     
00014ce1  NMI_Handler                                           
00010abd  OS_Sleep                                              
00014ce1  PCM_IRQHandler                                        
000148e3  PCM_getCoreVoltageLevel                               
0001490f  PCM_getPowerMode                                      
00014cfd  PCM_getPowerState                                     
00014d3f  PCM_setCoreVoltageLevel                               
00014d47  PCM_setPowerMode                                      
00014ce1  PORT1_IRQHandler                                      
00014ce1  PORT2_IRQHandler                                      
00014ce1  PORT3_IRQHandler                                      
00014ce1  PORT4_IRQHandler                                      
00014ce1  PORT5_IRQHandler                                      
00014ce1  PORT6_IRQHandler                                      
00014ce1  PSS_IRQHandler                                        
000141b7  PendSV_Handler                                        
000141b7  PendSV_Handler                                        
00013869  PutChar                                               
00014ce1  RTC_C_IRQHandler                                      
00014cd5  Reset_Handler                                         
00014961  SPISendRecvByte                                       
00014b11  SPI_isBusy                                            
00014b2b  SPI_receiveData                                       
0001208b  SPI_routine                                           
00014a81  SPI_transmitData                                      
00014ce1  SVC_Handler                                           
00014c9d  StartCriticalSection                                  
00014d7d  SysCtlDelay                                           
00014c7d  SysCtl_disableNMISource                               
00014c8d  SysCtl_enableNMISource                                
00014d09  SysCtl_getNMISourceStatus                             
000143ad  SysCtl_getTLVInfo                                     
00010685  SysTick_Handler                                       
00010685  SysTick_Handler                                       
2000912c  SystemCoreClock                                       
00011901  SystemCoreClockUpdate                                 
00011b79  SystemInit                                            
20008cb0  SystemTime                                            
00014ce1  T32_INT1_IRQHandler                                   
00014ce1  T32_INT2_IRQHandler                                   
00014ce1  T32_INTC_IRQHandler                                   
00014ce1  TA0_0_IRQHandler                                      
00014ce1  TA0_N_IRQHandler                                      
00014ce1  TA1_0_IRQHandler                                      
00014ce1  TA1_N_IRQHandler                                      
00014ce1  TA2_0_IRQHandler                                      
00014ce1  TA2_N_IRQHandler                                      
00014ce1  TA3_0_IRQHandler                                      
00014ce1  TA3_N_IRQHandler                                      
00011179  TP_ReadXY                                             
00014d15  UART_enableModule                                     
00013c19  UART_initModule                                       
00014a1d  UART_transmitData                                     
00014ce1  UsageFault_Handler                                    
20009118  V_bmm150_maual_auto_condition_u8                      
2000911c  V_fifo_time_U32                                       
4000480c  WDTCTL_SYM                                            
00014ce1  WDT_A_IRQHandler                                      
00014b91  WDT_A_clearTimer                                      
00014ba9  WDT_A_holdTimer                                       
20010000  __STACK_END                                           
00000200  __STACK_SIZE                                          
000155b8  __TI_CINIT_Base                                       
000155c8  __TI_CINIT_Limit                                      
000155a4  __TI_Handler_Table_Base                               
000155b0  __TI_Handler_Table_Limit                              
00014605  __TI_auto_init_nobinit_nopinit                        
00014005  __TI_decompress_lzss                                  
00014cc7  __TI_decompress_none                                  
000142af  __TI_ltoa                                             
ffffffff  __TI_pprof_out_hndl                                   
0000fafd  __TI_printfi                                          
ffffffff  __TI_prof_data_size                                   
ffffffff  __TI_prof_data_start                                  
00000000  __TI_static_base__                                    
00014d21  __TI_zero_init                                        
00013cad  __aeabi_cdcmpeq                                       
00013cad  __aeabi_cdcmple                                       
00013d33  __aeabi_cdrcmple                                      
000145bd  __aeabi_d2iz                                          
00012a7b  __aeabi_dadd                                          
00012edd  __aeabi_ddiv                                          
0001344b  __aeabi_dmul                                          
00012a71  __aeabi_dsub                                          
00014d51  __aeabi_errno_addr                                    
000148b5  __aeabi_i2d                                           
0001054b  __aeabi_idiv0                                         
0001054b  __aeabi_ldiv0                                         
00013f97  __aeabi_ldivmod                                       
00014bd9  __aeabi_lmul                                          
00013e3d  __aeabi_memclr                                        
00013e3d  __aeabi_memclr4                                       
00013e3d  __aeabi_memclr8                                       
00013ae5  __aeabi_memcpy                                        
00013ae5  __aeabi_memcpy4                                       
00013ae5  __aeabi_memcpy8                                       
00013e3f  __aeabi_memset                                        
00013e3f  __aeabi_memset4                                       
00013e3f  __aeabi_memset8                                       
00013b81  __aeabi_uldivmod                                      
ffffffff  __binit__                                             
ffffffff  __c_args__                                            
UNDEFED   __mpu_init                                            
2000fe00  __stack                                               
20000000  __start___llvm_prf_cnts                               
20000000  __stop___llvm_prf_cnts                                
000147f1  _c_int00_noargs                                       
00015388  _ctypes_                                              
UNDEFED   _system_post_cinit                                    
00014d8f  _system_pre_init                                      
00014d93  abort                                                 
20007da0  accel_fifo                                            
20008c90  accelxyz                                              
00014495  atoi                                                  
ffffffff  binit                                                 
20008c24  bme280                                                
0000da03  bme280_compensate_humidity_int32                      
0000dab9  bme280_compensate_humidity_int32_sixteen_bit_output   
0000d87d  bme280_compensate_pressure_int32                      
0000ec41  bme280_compensate_pressure_int64                      
0000ee43  bme280_compensate_pressure_int64_twentyfour_bit_output
0000d77b  bme280_compensate_temperature_int32                   
0000d7f3  bme280_compensate_temperature_int32_sixteen_bit_output
0000ee5d  bme280_compute_wait_time                              
00011f2d  bme280_data_readout_template                          
0000dbd3  bme280_get_calib_param                                
0000e693  bme280_get_filter                                     
0000e9f7  bme280_get_forced_uncomp_pressure_temperature_humidity
0000e0ef  bme280_get_oversamp_humidity                          
0000df37  bme280_get_oversamp_pressure                          
0000dd75  bme280_get_oversamp_temperature                       
0000e2dd  bme280_get_power_mode                                 
0000e4e5  bme280_get_spi3                                       
0000e847  bme280_get_standby_durn                               
0000d6c5  bme280_init                                           
00012019  bme280_initialize_sensor                              
0000db73  bme280_read_pressure_temperature_humidity             
0000ebfb  bme280_read_register                                  
0000d9ad  bme280_read_uncomp_humidity                           
0000d81d  bme280_read_uncomp_pressure                           
0000dae1  bme280_read_uncomp_pressure_temperature_humidity      
0000d71b  bme280_read_uncomp_temperature                        
0000e6e3  bme280_set_filter                                     
0000e149  bme280_set_oversamp_humidity                          
0000df93  bme280_set_oversamp_pressure                          
0000ddd1  bme280_set_oversamp_temperature                       
0000e32b  bme280_set_power_mode                                 
0000e4a5  bme280_set_soft_rst                                   
0000e533  bme280_set_spi3                                       
0000e897  bme280_set_standby_durn                               
0000ebb5  bme280_write_register                                 
00007511  bmi160_accel_foc_trigger_xyz                          
0000ac11  bmi160_bmm150_mag_compensate_X                        
0000acbb  bmi160_bmm150_mag_compensate_Y                        
0000ad65  bmi160_bmm150_mag_compensate_Z                        
0000abb5  bmi160_bmm150_mag_compensate_xyz                      
0000ae05  bmi160_bmm150_mag_interface_init                      
0000b2a7  bmi160_bmm150_mag_set_power_mode                      
0000b0b1  bmi160_bmm150_mag_wakeup                              
0000c00d  bmi160_bst_akm_compensate_X                           
0000c03f  bmi160_bst_akm_compensate_Y                           
0000c071  bmi160_bst_akm_compensate_Z                           
0000c0a3  bmi160_bst_akm_compensate_xyz                         
0000bc05  bmi160_bst_akm_mag_interface_init                     
0000c0f1  bmi160_bst_akm_set_powermode                          
0000caa1  bmi160_bst_yamaha_yas532_calib_values                 
0000c47b  bmi160_bst_yamaha_yas532_mag_interface_init           
0000d4e1  bmi160_bst_yas532_acquisition_command_register        
0000c911  bmi160_bst_yas532_magnetic_measure_set_offset         
0000d069  bmi160_bst_yas532_measurement_xyz_data                
0000cef5  bmi160_bst_yas532_normal_measurement_data             
0000c7b1  bmi160_bst_yas532_set_initial_values                  
0000d5a5  bmi160_bst_yas532_set_offset                          
0000ce59  bmi160_bst_yas532_xy1y2_to_linear                     
000095c1  bmi160_clear_step_counter                             
0000ef11  bmi160_config_running_mode                            
0000fac1  bmi160_delay_ms                                       
00001805  bmi160_fifo_data                                      
000017a5  bmi160_fifo_length                                    
0000191d  bmi160_get_accel_bw                                   
00000e21  bmi160_get_accel_data_rdy                             
000021f7  bmi160_get_accel_fifo_filter_data                     
000086ab  bmi160_get_accel_offset_compensation_xaxis            
00008791  bmi160_get_accel_offset_compensation_yaxis            
0000887b  bmi160_get_accel_offset_compensation_zaxis            
00008edb  bmi160_get_accel_offset_enable                        
0000183f  bmi160_get_accel_output_data_rate                     
00000481  bmi160_get_accel_power_mode_stat                      
00001ad9  bmi160_get_accel_range                                
0000829d  bmi160_get_accel_selftest_amp                         
000080e7  bmi160_get_accel_selftest_axis                        
000081bf  bmi160_get_accel_selftest_sign                        
000019ff  bmi160_get_accel_under_sampling_parameter             
00000d85  bmi160_get_data_rdy_mag                               
000002b5  bmi160_get_drop_cmd_err                               
00000219  bmi160_get_err_code                                   
00000351  bmi160_get_error_status                               
000001cd  bmi160_get_fatal_err                                  
000028a5  bmi160_get_fifo_accel_enable                          
0000212f  bmi160_get_fifo_down_accel                            
00001f87  bmi160_get_fifo_down_gyro                             
00002985  bmi160_get_fifo_gyro_enable                           
000026f1  bmi160_get_fifo_header_enable                         
000027cb  bmi160_get_fifo_mag_enable                            
0000235f  bmi160_get_fifo_stop_on_full                          
000025ff  bmi160_get_fifo_tag_intr1_enable                      
00002511  bmi160_get_fifo_tag_intr2_enable                      
00002437  bmi160_get_fifo_time_enable                           
000022d1  bmi160_get_fifo_wm                                    
000070db  bmi160_get_foc_accel_x                                
00007001  bmi160_get_foc_accel_y                                
00006f3b  bmi160_get_foc_accel_z                                
0000775b  bmi160_get_foc_gyro_enable                            
00000ce5  bmi160_get_foc_rdy                                    
00001ce5  bmi160_get_gyro_bw                                    
00000dd3  bmi160_get_gyro_data_rdy                              
00002055  bmi160_get_gyro_fifo_filter_data                      
00008961  bmi160_get_gyro_offset_compensation_xaxis             
00008b31  bmi160_get_gyro_offset_compensation_yaxis             
00008d09  bmi160_get_gyro_offset_compensation_zaxis             
00008fab  bmi160_get_gyro_offset_enable                         
00001bc9  bmi160_get_gyro_output_data_rate                      
00000433  bmi160_get_gyro_power_mode_stat                       
00001dbf  bmi160_get_gyro_range                                 
00000c49  bmi160_get_gyro_selftest                              
00008377  bmi160_get_gyro_selftest_start                        
00007f33  bmi160_get_gyro_sleep_state                           
00007d7b  bmi160_get_gyro_sleep_trigger                         
0000800d  bmi160_get_gyro_wakeup_intr                           
00007e53  bmi160_get_gyro_wakeup_trigger                        
00002a5f  bmi160_get_i2c_device_addr                            
00000267  bmi160_get_i2c_fail_err                               
00007bc7  bmi160_get_i2c_wdt_enable                             
00007ae7  bmi160_get_i2c_wdt_select                             
00007ca1  bmi160_get_if_mode                                    
000041f3  bmi160_get_input_enable                               
000046ed  bmi160_get_intr_any_motion                            
00005dbf  bmi160_get_intr_any_motion_durn                       
00005f53  bmi160_get_intr_any_motion_thres                      
00005519  bmi160_get_intr_data_rdy                              
00004a31  bmi160_get_intr_double_tap                            
00003ae5  bmi160_get_intr_edge_ctrl                             
00002f23  bmi160_get_intr_enable_0                              
00003393  bmi160_get_intr_enable_1                              
000037fb  bmi160_get_intr_enable_2                              
000051fd  bmi160_get_intr_fifo_full                             
00005389  bmi160_get_intr_fifo_wm                               
00004ee1  bmi160_get_intr_flat                                  
00006d83  bmi160_get_intr_flat_hold                             
00006e63  bmi160_get_intr_flat_hyst                             
00006cab  bmi160_get_intr_flat_theta                            
00004561  bmi160_get_intr_high_g                                
00005cb3  bmi160_get_intr_high_g_durn                           
00005beb  bmi160_get_intr_high_g_hyst                           
00005d39  bmi160_get_intr_high_g_thres                          
00003c6d  bmi160_get_intr_level                                 
0000437f  bmi160_get_intr_low_g                                 
00005937  bmi160_get_intr_low_g_durn                            
00005a43  bmi160_get_intr_low_g_hyst                            
00005b11  bmi160_get_intr_low_g_mode                            
000059bd  bmi160_get_intr_low_g_thres                           
0000577f  bmi160_get_intr_low_high_source                       
0000585d  bmi160_get_intr_motion_source                         
000048a5  bmi160_get_intr_nomotion                              
00004d4f  bmi160_get_intr_orient                                
00006bd1  bmi160_get_intr_orient_axes_enable                    
00006879  bmi160_get_intr_orient_blocking                       
00006953  bmi160_get_intr_orient_hyst                           
0000679b  bmi160_get_intr_orient_mode                           
00006a1b  bmi160_get_intr_orient_theta                          
00006af3  bmi160_get_intr_orient_ud_enable                      
00003dff  bmi160_get_intr_output_type                           
0000506d  bmi160_get_intr_pmu_trig                              
000062f1  bmi160_get_intr_significant_motion_proof              
0000613d  bmi160_get_intr_significant_motion_select             
00006217  bmi160_get_intr_significant_motion_skip               
00004bc3  bmi160_get_intr_single_tap                            
00005e8b  bmi160_get_intr_slow_no_motion_durn                   
0000605f  bmi160_get_intr_slow_no_motion_select                 
00005fd9  bmi160_get_intr_slow_no_motion_thres                  
000063cb  bmi160_get_intr_tap_durn                              
000065fb  bmi160_get_intr_tap_quiet                             
00006521  bmi160_get_intr_tap_shock                             
000056a5  bmi160_get_intr_tap_source                            
000066d5  bmi160_get_intr_tap_thres                             
0000411b  bmi160_get_latch_intr                                 
00002b27  bmi160_get_mag_burst                                  
00000303  bmi160_get_mag_dada_rdy_err                           
00002cb9  bmi160_get_mag_manual_enable                          
00000c97  bmi160_get_mag_manual_operation_stat                  
00002bed  bmi160_get_mag_offset                                 
00001e97  bmi160_get_mag_output_data_rate                       
000003e1  bmi160_get_mag_power_mode_stat                        
00002d91  bmi160_get_mag_read_addr                              
00002e17  bmi160_get_mag_write_addr                             
00002e9d  bmi160_get_mag_write_data                             
000085e3  bmi160_get_nvm_counter                                
00007935  bmi160_get_nvm_prog_enable                            
00000d33  bmi160_get_nvm_rdy                                    
00003f8b  bmi160_get_output_enable                              
00009701  bmi160_get_paging_enable                              
0000d6ab  bmi160_get_ptr                                        
000097db  bmi160_get_pullup_configuration                       
00000bed  bmi160_get_sensor_time                                
00008517  bmi160_get_spare0_trim                                
00007a0f  bmi160_get_spi3                                       
00008451  bmi160_get_spi_enable                                 
00000f09  bmi160_get_stat0_any_motion_intr                      
00000fa5  bmi160_get_stat0_double_tap_intr                      
00001095  bmi160_get_stat0_flat_intr                            
00001041  bmi160_get_stat0_orient_intr                          
00000f57  bmi160_get_stat0_pmu_trigger_intr                     
00000ebb  bmi160_get_stat0_significant_intr                     
00000ff3  bmi160_get_stat0_single_tap_intr                      
00000e6f  bmi160_get_stat0_step_intr                            
0000117f  bmi160_get_stat1_data_rdy_intr                        
000011cd  bmi160_get_stat1_fifo_full_intr                       
0000121b  bmi160_get_stat1_fifo_wm_intr                         
000010e3  bmi160_get_stat1_high_g_intr                          
00001131  bmi160_get_stat1_low_g_intr                           
00001269  bmi160_get_stat1_nomotion_intr                        
000012b7  bmi160_get_stat2_any_motion_first_x                   
00001303  bmi160_get_stat2_any_motion_first_y                   
00001351  bmi160_get_stat2_any_motion_first_z                   
000013a5  bmi160_get_stat2_any_motion_sign                      
000013f3  bmi160_get_stat2_tap_first_x                          
00001441  bmi160_get_stat2_tap_first_y                          
0000148f  bmi160_get_stat2_tap_first_z                          
000014dd  bmi160_get_stat2_tap_sign                             
00001703  bmi160_get_stat3_flat                                 
0000152b  bmi160_get_stat3_high_g_first_x                       
00001577  bmi160_get_stat3_high_g_first_y                       
000015c5  bmi160_get_stat3_high_g_first_z                       
00001613  bmi160_get_stat3_high_g_sign                          
00001661  bmi160_get_stat3_orient_xy                            
000016b5  bmi160_get_stat3_orient_z                             
000090c7  bmi160_get_step_config                                
00009299  bmi160_get_step_counter_enable                        
00003a15  bmi160_get_step_detector_enable                       
00009627  bmi160_get_target_page                                
00001751  bmi160_get_temp                                       
0000fa27  bmi160_i2c_burst_read                                 
0000f9fb  bmi160_i2c_bus_read                                   
0000fa59  bmi160_i2c_bus_write                                  
000000e5  bmi160_init                                           
0000eed5  bmi160_initialize_sensor                              
0000f949  bmi160_interrupt_configuration                        
000093f1  bmi160_map_significant_motion_intr                    
000094d9  bmi160_map_step_detector_intr                         
00000a7d  bmi160_read_accel_x                                   
00000b79  bmi160_read_accel_xyz                                 
00000ad1  bmi160_read_accel_y                                   
00000b25  bmi160_read_accel_z                                   
0000b761  bmi160_read_bmm150_mag_trim                           
0000bf25  bmi160_read_bst_akm_sensitivity_data                  
000098b9  bmi160_read_fifo_header_data                          
0000a289  bmi160_read_fifo_headerless_mode                      
00000909  bmi160_read_gyro_x                                    
00000a05  bmi160_read_gyro_xyz                                  
0000095d  bmi160_read_gyro_y                                    
000009b1  bmi160_read_gyro_z                                    
000006d9  bmi160_read_mag_r                                     
000004cf  bmi160_read_mag_x                                     
00000743  bmi160_read_mag_xyz                                   
0000084d  bmi160_read_mag_xyzr                                  
0000057d  bmi160_read_mag_y                                     
0000062b  bmi160_read_mag_z                                     
00000189  bmi160_read_reg                                       
00009073  bmi160_read_step_count                                
0000196b  bmi160_set_accel_bw                                   
00002245  bmi160_set_accel_fifo_filter_data                     
000071b9  bmi160_set_accel_foc_trigger                          
000086f7  bmi160_set_accel_offset_compensation_xaxis            
000087dd  bmi160_set_accel_offset_compensation_yaxis            
000088c7  bmi160_set_accel_offset_compensation_zaxis            
00008f29  bmi160_set_accel_offset_enable                        
0000188b  bmi160_set_accel_output_data_rate                     
00001b25  bmi160_set_accel_range                                
000082eb  bmi160_set_accel_selftest_amp                         
00008133  bmi160_set_accel_selftest_axis                        
00008211  bmi160_set_accel_selftest_sign                        
00001a4d  bmi160_set_accel_under_sampling_parameter             
0000b181  bmi160_set_bmm150_mag_and_secondary_if_power_mode     
0000b405  bmi160_set_bmm150_mag_presetmode                      
0000c315  bmi160_set_bst_akm_and_secondary_if_powermode         
000095ed  bmi160_set_command_register                           
000028f3  bmi160_set_fifo_accel_enable                          
0000217d  bmi160_set_fifo_down_accel                            
00001fd3  bmi160_set_fifo_down_gyro                             
000029d3  bmi160_set_fifo_gyro_enable                           
0000273f  bmi160_set_fifo_header_enable                         
00002819  bmi160_set_fifo_mag_enable                            
000023ab  bmi160_set_fifo_stop_on_full                          
00002651  bmi160_set_fifo_tag_intr1_enable                      
0000255f  bmi160_set_fifo_tag_intr2_enable                      
00002485  bmi160_set_fifo_time_enable                           
00002325  bmi160_set_fifo_wm                                    
00007129  bmi160_set_foc_accel_x                                
0000704f  bmi160_set_foc_accel_y                                
00006f87  bmi160_set_foc_accel_z                                
000077a9  bmi160_set_foc_gyro_enable                            
00001d33  bmi160_set_gyro_bw                                    
000020a3  bmi160_set_gyro_fifo_filter_data                      
00008a15  bmi160_set_gyro_offset_compensation_xaxis             
00008bed  bmi160_set_gyro_offset_compensation_yaxis             
00008dbf  bmi160_set_gyro_offset_compensation_zaxis             
00008ff9  bmi160_set_gyro_offset_enable                         
00001c15  bmi160_set_gyro_output_data_rate                      
00001e0b  bmi160_set_gyro_range                                 
000083c5  bmi160_set_gyro_selftest_start                        
00007f81  bmi160_set_gyro_sleep_state                           
00007dc7  bmi160_set_gyro_sleep_trigger                         
0000805b  bmi160_set_gyro_wakeup_intr                           
00007ea1  bmi160_set_gyro_wakeup_trigger                        
00002aad  bmi160_set_i2c_device_addr                            
00007c15  bmi160_set_i2c_wdt_enable                             
00007b35  bmi160_set_i2c_wdt_select                             
00007cef  bmi160_set_if_mode                                    
0000428d  bmi160_set_input_enable                               
00004787  bmi160_set_intr_any_motion                            
00005e0b  bmi160_set_intr_any_motion_durn                       
00005f9f  bmi160_set_intr_any_motion_thres                      
000055b3  bmi160_set_intr_data_rdy                              
00004acb  bmi160_set_intr_double_tap                            
00003b7b  bmi160_set_intr_edge_ctrl                             
000030b9  bmi160_set_intr_enable_0                              
00003521  bmi160_set_intr_enable_1                              
000038c3  bmi160_set_intr_enable_2                              
00005297  bmi160_set_intr_fifo_full                             
00005423  bmi160_set_intr_fifo_wm                               
00004f7b  bmi160_set_intr_flat                                  
00006dd1  bmi160_set_intr_flat_hold                             
00006eaf  bmi160_set_intr_flat_hyst                             
00006cf7  bmi160_set_intr_flat_theta                            
000045fb  bmi160_set_intr_high_g                                
00005cff  bmi160_set_intr_high_g_durn                           
00005c39  bmi160_set_intr_high_g_hyst                           
00005d85  bmi160_set_intr_high_g_thres                          
00003d07  bmi160_set_intr_level                                 
00004413  bmi160_set_intr_low_g                                 
00005983  bmi160_set_intr_low_g_durn                            
00005a8f  bmi160_set_intr_low_g_hyst                            
00005b5f  bmi160_set_intr_low_g_mode                            
00005a09  bmi160_set_intr_low_g_thres                           
000057d1  bmi160_set_intr_low_high_source                       
000058ab  bmi160_set_intr_motion_source                         
0000493f  bmi160_set_intr_nomotion                              
00004de9  bmi160_set_intr_orient                                
00006c1f  bmi160_set_intr_orient_axes_enable                    
000068c7  bmi160_set_intr_orient_blocking                       
000069a1  bmi160_set_intr_orient_hyst                           
000067ed  bmi160_set_intr_orient_mode                           
00006a67  bmi160_set_intr_orient_theta                          
00006b45  bmi160_set_intr_orient_ud_enable                      
00003e99  bmi160_set_intr_output_type                           
00005103  bmi160_set_intr_pmu_trig                              
0000633f  bmi160_set_intr_significant_motion_proof              
0000618b  bmi160_set_intr_significant_motion_select             
00006265  bmi160_set_intr_significant_motion_skip               
00004c5d  bmi160_set_intr_single_tap                            
00005ed9  bmi160_set_intr_slow_no_motion_durn                   
000060ab  bmi160_set_intr_slow_no_motion_select                 
00006025  bmi160_set_intr_slow_no_motion_thres                  
00006417  bmi160_set_intr_tap_durn                              
00006649  bmi160_set_intr_tap_quiet                             
0000656f  bmi160_set_intr_tap_shock                             
000056f3  bmi160_set_intr_tap_source                            
00006721  bmi160_set_intr_tap_thres                             
00004167  bmi160_set_latch_intr                                 
00002b73  bmi160_set_mag_burst                                  
00002d07  bmi160_set_mag_manual_enable                          
00002c3b  bmi160_set_mag_offset                                 
00001ee3  bmi160_set_mag_output_data_rate                       
00002ddd  bmi160_set_mag_read_addr                              
00002e63  bmi160_set_mag_write_addr                             
00002ee9  bmi160_set_mag_write_data                             
00008631  bmi160_set_nvm_counter                                
00007983  bmi160_set_nvm_prog_enable                            
00004025  bmi160_set_output_enable                              
0000974f  bmi160_set_paging_enable                              
00009829  bmi160_set_pullup_configuration                       
00008569  bmi160_set_spare0_trim                                
00007a5b  bmi160_set_spi3                                       
0000849d  bmi160_set_spi_enable                                 
00009185  bmi160_set_step_config                                
000092e7  bmi160_set_step_counter_enable                        
00003a6b  bmi160_set_step_detector_enable                       
00009373  bmi160_set_step_mode                                  
00009675  bmi160_set_target_page                                
0000fa85  bmi160_spi_bus_read                                   
0000faa3  bmi160_spi_bus_write                                  
00000145  bmi160_write_reg                                      
20009125  burstMode                                             
00014b45  copysign                                              
00014b45  copysignl                                             
20009120  direction                                             
20009124  directionChange                                       
000116af  drawSnake                                             
20009128  errno                                                 
00014135  frexp                                                 
00014135  frexpl                                                
20008cb4  g_ui32ByteCount                                       
2000810c  gyro_fifo                                             
20008c96  gyroxyz                                               
20009104  i2cConfig                                             
0000f9c3  i2c_routine                                           
00011293  initI2C                                               
0001282b  init_RGBLEDS                                          
00000000  interruptVectors                                      
20008cbc  lcd_sem                                               
00013139  ldexp                                                 
00013139  ldexpl                                                
20008478  mag_fifo                                              
00014305  main                                                  
00014af5  memccpy                                               
00013ae5  memcpy                                                
00013e45  memset                                                
20008cc4  pData                                                 
000115b5  port4_setUp                                           
00011415  readBurstI2C                                          
00011347  readI2C                                               
20008c60  s_bmi160                                              
00013139  scalbn                                                
00013139  scalbnl                                               
00013359  sensorOpt3001Enable                                   
0001334d  sensorOpt3001Init                                     
00013385  sensorOpt3001Read                                     
000133e9  sensorOpt3001Test                                     
00012487  sensorTmp007Enable                                    
000124f1  sensorTmp007EnableInterruptConversion                 
0001247d  sensorTmp007Init                                      
0001253b  sensorTmp007Read                                      
000125f9  sensorTmp007Test                                      
20008cc8  snakeBlock                                            
000144e1  snprintf                                              
0000f9e5  spi_routine                                           
00014bf1  strchr                                                
00014c31  strcpy                                                
00014c45  strlen                                                
20008ccf  ui8DummyRead                                          
20008cd2  ui8Status                                             
000116fd  updateSnake                                           
20008cd4  v_fifo_data_u8                                        
00014c59  wcslen                                                
000112b1  writeI2C                                              


GLOBAL SYMBOLS: SORTED BY Symbol Address 

address   name                                                  
-------   ----                                                  
00000000  __TI_static_base__                                    
00000000  interruptVectors                                      
000000e5  bmi160_init                                           
00000145  bmi160_write_reg                                      
00000189  bmi160_read_reg                                       
000001cd  bmi160_get_fatal_err                                  
00000200  __STACK_SIZE                                          
00000219  bmi160_get_err_code                                   
00000267  bmi160_get_i2c_fail_err                               
000002b5  bmi160_get_drop_cmd_err                               
00000303  bmi160_get_mag_dada_rdy_err                           
00000351  bmi160_get_error_status                               
000003e1  bmi160_get_mag_power_mode_stat                        
00000433  bmi160_get_gyro_power_mode_stat                       
00000481  bmi160_get_accel_power_mode_stat                      
000004cf  bmi160_read_mag_x                                     
0000057d  bmi160_read_mag_y                                     
0000062b  bmi160_read_mag_z                                     
000006d9  bmi160_read_mag_r                                     
00000743  bmi160_read_mag_xyz                                   
0000084d  bmi160_read_mag_xyzr                                  
00000909  bmi160_read_gyro_x                                    
0000095d  bmi160_read_gyro_y                                    
000009b1  bmi160_read_gyro_z                                    
00000a05  bmi160_read_gyro_xyz                                  
00000a7d  bmi160_read_accel_x                                   
00000ad1  bmi160_read_accel_y                                   
00000b25  bmi160_read_accel_z                                   
00000b79  bmi160_read_accel_xyz                                 
00000bed  bmi160_get_sensor_time                                
00000c49  bmi160_get_gyro_selftest                              
00000c97  bmi160_get_mag_manual_operation_stat                  
00000ce5  bmi160_get_foc_rdy                                    
00000d33  bmi160_get_nvm_rdy                                    
00000d85  bmi160_get_data_rdy_mag                               
00000dd3  bmi160_get_gyro_data_rdy                              
00000e21  bmi160_get_accel_data_rdy                             
00000e6f  bmi160_get_stat0_step_intr                            
00000ebb  bmi160_get_stat0_significant_intr                     
00000f09  bmi160_get_stat0_any_motion_intr                      
00000f57  bmi160_get_stat0_pmu_trigger_intr                     
00000fa5  bmi160_get_stat0_double_tap_intr                      
00000ff3  bmi160_get_stat0_single_tap_intr                      
00001041  bmi160_get_stat0_orient_intr                          
00001095  bmi160_get_stat0_flat_intr                            
000010e3  bmi160_get_stat1_high_g_intr                          
00001131  bmi160_get_stat1_low_g_intr                           
0000117f  bmi160_get_stat1_data_rdy_intr                        
000011cd  bmi160_get_stat1_fifo_full_intr                       
0000121b  bmi160_get_stat1_fifo_wm_intr                         
00001269  bmi160_get_stat1_nomotion_intr                        
000012b7  bmi160_get_stat2_any_motion_first_x                   
00001303  bmi160_get_stat2_any_motion_first_y                   
00001351  bmi160_get_stat2_any_motion_first_z                   
000013a5  bmi160_get_stat2_any_motion_sign                      
000013f3  bmi160_get_stat2_tap_first_x                          
00001441  bmi160_get_stat2_tap_first_y                          
0000148f  bmi160_get_stat2_tap_first_z                          
000014dd  bmi160_get_stat2_tap_sign                             
0000152b  bmi160_get_stat3_high_g_first_x                       
00001577  bmi160_get_stat3_high_g_first_y                       
000015c5  bmi160_get_stat3_high_g_first_z                       
00001613  bmi160_get_stat3_high_g_sign                          
00001661  bmi160_get_stat3_orient_xy                            
000016b5  bmi160_get_stat3_orient_z                             
00001703  bmi160_get_stat3_flat                                 
00001751  bmi160_get_temp                                       
000017a5  bmi160_fifo_length                                    
00001805  bmi160_fifo_data                                      
0000183f  bmi160_get_accel_output_data_rate                     
0000188b  bmi160_set_accel_output_data_rate                     
0000191d  bmi160_get_accel_bw                                   
0000196b  bmi160_set_accel_bw                                   
000019ff  bmi160_get_accel_under_sampling_parameter             
00001a4d  bmi160_set_accel_under_sampling_parameter             
00001ad9  bmi160_get_accel_range                                
00001b25  bmi160_set_accel_range                                
00001bc9  bmi160_get_gyro_output_data_rate                      
00001c15  bmi160_set_gyro_output_data_rate                      
00001ce5  bmi160_get_gyro_bw                                    
00001d33  bmi160_set_gyro_bw                                    
00001dbf  bmi160_get_gyro_range                                 
00001e0b  bmi160_set_gyro_range                                 
00001e97  bmi160_get_mag_output_data_rate                       
00001ee3  bmi160_set_mag_output_data_rate                       
00001f87  bmi160_get_fifo_down_gyro                             
00001fd3  bmi160_set_fifo_down_gyro                             
00002055  bmi160_get_gyro_fifo_filter_data                      
000020a3  bmi160_set_gyro_fifo_filter_data                      
0000212f  bmi160_get_fifo_down_accel                            
0000217d  bmi160_set_fifo_down_accel                            
000021f7  bmi160_get_accel_fifo_filter_data                     
00002245  bmi160_set_accel_fifo_filter_data                     
000022d1  bmi160_get_fifo_wm                                    
00002325  bmi160_set_fifo_wm                                    
0000235f  bmi160_get_fifo_stop_on_full                          
000023ab  bmi160_set_fifo_stop_on_full                          
00002437  bmi160_get_fifo_time_enable                           
00002485  bmi160_set_fifo_time_enable                           
00002511  bmi160_get_fifo_tag_intr2_enable                      
0000255f  bmi160_set_fifo_tag_intr2_enable                      
000025ff  bmi160_get_fifo_tag_intr1_enable                      
00002651  bmi160_set_fifo_tag_intr1_enable                      
000026f1  bmi160_get_fifo_header_enable                         
0000273f  bmi160_set_fifo_header_enable                         
000027cb  bmi160_get_fifo_mag_enable                            
00002819  bmi160_set_fifo_mag_enable                            
000028a5  bmi160_get_fifo_accel_enable                          
000028f3  bmi160_set_fifo_accel_enable                          
00002985  bmi160_get_fifo_gyro_enable                           
000029d3  bmi160_set_fifo_gyro_enable                           
00002a5f  bmi160_get_i2c_device_addr                            
00002aad  bmi160_set_i2c_device_addr                            
00002b27  bmi160_get_mag_burst                                  
00002b73  bmi160_set_mag_burst                                  
00002bed  bmi160_get_mag_offset                                 
00002c3b  bmi160_set_mag_offset                                 
00002cb9  bmi160_get_mag_manual_enable                          
00002d07  bmi160_set_mag_manual_enable                          
00002d91  bmi160_get_mag_read_addr                              
00002ddd  bmi160_set_mag_read_addr                              
00002e17  bmi160_get_mag_write_addr                             
00002e63  bmi160_set_mag_write_addr                             
00002e9d  bmi160_get_mag_write_data                             
00002ee9  bmi160_set_mag_write_data                             
00002f23  bmi160_get_intr_enable_0                              
000030b9  bmi160_set_intr_enable_0                              
00003393  bmi160_get_intr_enable_1                              
00003521  bmi160_set_intr_enable_1                              
000037fb  bmi160_get_intr_enable_2                              
000038c3  bmi160_set_intr_enable_2                              
00003a15  bmi160_get_step_detector_enable                       
00003a6b  bmi160_set_step_detector_enable                       
00003ae5  bmi160_get_intr_edge_ctrl                             
00003b7b  bmi160_set_intr_edge_ctrl                             
00003c6d  bmi160_get_intr_level                                 
00003d07  bmi160_set_intr_level                                 
00003dff  bmi160_get_intr_output_type                           
00003e99  bmi160_set_intr_output_type                           
00003f8b  bmi160_get_output_enable                              
00004025  bmi160_set_output_enable                              
0000411b  bmi160_get_latch_intr                                 
00004167  bmi160_set_latch_intr                                 
000041f3  bmi160_get_input_enable                               
[...]
0000e4e5  bme280_get_spi3                                       
0000e533  bme280_set_spi3                                       
0000e693  bme280_get_filter                                     
0000e6e3  bme280_set_filter                                     
0000e847  bme280_get_standby_durn                               
0000e897  bme280_set_standby_durn                               
0000e9f7  bme280_get_forced_uncomp_pressure_temperature_humidity
0000ebb5  bme280_write_register                                 
0000ebfb  bme280_read_register                                  
0000ec41  bme280_compensate_pressure_int64                      
0000ee43  bme280_compensate_pressure_int64_twentyfour_bit_output
0000ee5d  bme280_compute_wait_time                              
0000eed5  bmi160_initialize_sensor                              
0000ef11  bmi160_config_running_mode                            
0000f949  bmi160_interrupt_configuration                        
0000f9c3  i2c_routine                                           
0000f9e5  spi_routine                                           
0000f9fb  bmi160_i2c_bus_read                                   
0000fa27  bmi160_i2c_burst_read                                 
0000fa59  bmi160_i2c_bus_write                                  
0000fa85  bmi160_spi_bus_read                                   
0000faa3  bmi160_spi_bus_write                                  
0000fac1  bmi160_delay_ms                                       
0000fafd  __TI_printfi                                          
0001054b  __aeabi_idiv0                                         
0001054b  __aeabi_ldiv0                                         
0001061b  G8RTOS_Scheduler                                      
00010685  SysTick_Handler                                       
00010685  SysTick_Handler                                       
00010725  G8RTOS_Init                                           
00010759  G8RTOS_Launch                                         
000107bd  G8RTOS_AddThread                                      
000109c5  G8RTOS_AddPThread                                     
00010abd  OS_Sleep                                              
00010ae7  G8RTOS_GetThreadID                                    
00010af5  G8RTOS_KillThread                                     
00010bcd  G8RTOS_KillSelf                                       
00010bfd  G8RTOS_AddAPeriodicEvent                              
00010d45  LCD_DrawRectangle                                     
00010df3  LCD_Text                                              
00010e8d  LCD_Clear                                             
00010eff  LCD_SetPoint                                          
00010f51  LCD_Init                                              
00011179  TP_ReadXY                                             
00011217  LCD_ReadPixelColor                                    
00011293  initI2C                                               
000112b1  writeI2C                                              
00011347  readI2C                                               
00011415  readBurstI2C                                          
000114ed  EUSCIB1_IRQHandler                                    
000114ed  EUSCIB1_IRQHandler                                    
000115b5  port4_setUp                                           
0001163b  ButtonTap_port4                                       
00011675  ButtonTap_port5                                       
000116af  drawSnake                                             
000116fd  updateSnake                                           
00011901  SystemCoreClockUpdate                                 
00011b79  SystemInit                                            
00011c53  BackChannelInit                                       
00011c6f  BackChannelPrint                                      
00011cbb  BackChannelPrintIntVariable                           
00011cd9  BackChannelEventTrigger                               
00011cf1  BackChannelOpt3001PrintRaw                            
00011d0d  BackupChannelTmp007PrintRaw                           
00011d33  BackupChannelBmi160PrintAccel                         
00011d5f  BackupChannelBmi160PrintGyro                          
00011d8b  BackupChannelBmi160PrintMag                           
00011f2d  bme280_data_readout_template                          
00012019  bme280_initialize_sensor                              
0001206f  I2C_routine                                           
0001208b  SPI_routine                                           
000120a1  BME280_I2C_bus_write                                  
000120cd  BME280_I2C_bus_read                                   
000120f9  BME280_SPI_bus_read                                   
0001215f  BME280_SPI_bus_write                                  
000121cf  BME280_delay_msek                                     
0001247d  sensorTmp007Init                                      
00012487  sensorTmp007Enable                                    
000124f1  sensorTmp007EnableInterruptConversion                 
0001253b  sensorTmp007Read                                      
000125f9  sensorTmp007Test                                      
000126b1  LP3943_LedModeSet                                     
0001282b  init_RGBLEDS                                          
00012a71  __aeabi_dsub                                          
00012a7b  __aeabi_dadd                                          
00012c55  Joystick_Init_Without_Interrupt                       
00012cb3  Joystick_Push_Button_Init_With_Interrupt              
00012d09  Disable_Joystick_Interrupt                            
00012d1f  GetJoystickCoordinates                                
00012edd  __aeabi_ddiv                                          
00013139  ldexp                                                 
00013139  ldexpl                                                
00013139  scalbn                                                
00013139  scalbnl                                               
00013249  CS_getDCOFrequency                                    
0001334d  sensorOpt3001Init                                     
00013359  sensorOpt3001Enable                                   
00013385  sensorOpt3001Read                                     
000133e9  sensorOpt3001Test                                     
0001344b  __aeabi_dmul                                          
00013549  CS_initClockSignal                                    
00013869  PutChar                                               
0001390d  G8RTOS_InitSemaphore                                  
00013927  G8RTOS_WaitSemaphore                                  
00013963  G8RTOS_SignalSemaphore                                
000139ad  CS_startHFXTWithTimeout                               
00013ae5  __aeabi_memcpy                                        
00013ae5  __aeabi_memcpy4                                       
00013ae5  __aeabi_memcpy8                                       
00013ae5  memcpy                                                
00013b81  __aeabi_uldivmod                                      
00013c19  UART_initModule                                       
00013cad  __aeabi_cdcmpeq                                       
00013cad  __aeabi_cdcmple                                       
00013d33  __aeabi_cdrcmple                                      
00013db9  ClockSys_SetMaxFreq                                   
00013e27  ClockSys_GetSysFreq                                   
00013e3d  __aeabi_memclr                                        
00013e3d  __aeabi_memclr4                                       
00013e3d  __aeabi_memclr8                                       
00013e3f  __aeabi_memset                                        
00013e3f  __aeabi_memset4                                       
00013e3f  __aeabi_memset8                                       
00013e45  memset                                                
00013f97  __aeabi_ldivmod                                       
00014005  __TI_decompress_lzss                                  
0001406d  Interrupt_disableInterrupt                            
000140d1  Interrupt_enableInterrupt                             
00014135  frexp                                                 
00014135  frexpl                                                
0001419d  G8RTOS_Start                                          
000141b7  PendSV_Handler                                        
000141b7  PendSV_Handler                                        
000141f9  LCD_ReadData                                          
000142af  __TI_ltoa                                             
00014305  main                                                  
000143ad  SysCtl_getTLVInfo                                     
000143fd  GPIO_setAsPeripheralModuleFunctionOutputPin           
00014495  atoi                                                  
000144e1  snprintf                                              
0001452d  GPIO_setAsPeripheralModuleFunctionInputPin            
000145bd  __aeabi_d2iz                                          
00014605  __TI_auto_init_nobinit_nopinit                        
00014649  GetASCIICode                                          
00014689  BSP_InitBoard                                         
000146c9  LCD_WriteData                                         
00014709  I2C_initMaster                                        
00014785  I2C_masterSendMultiByteStart                          
000147bd  LCD_WriteIndex                                        
000147f1  _c_int00_noargs                                       
00014825  I2C_masterSendMultiByteStop                           
000148b5  __aeabi_i2d                                           
000148e3  PCM_getCoreVoltageLevel                               
0001490f  PCM_getPowerMode                                      
00014939  FlashCtl_setWaitState                                 
00014961  SPISendRecvByte                                       
00014989  DelayMs                                               
000149b1  CS_clearInterruptFlag                                 
000149d5  I2C_masterSendMultiByteNext                           
000149f9  Interrupt_setPriority                                 
00014a1d  UART_transmitData                                     
00014a41  LCD_SetCursor                                         
00014a61  LCD_Write_Data_Only                                   
00014a81  SPI_transmitData                                      
00014aa1  EUSCI_A_SPI_isBusy                                    
00014abd  EUSCI_B_SPI_isBusy                                    
00014ad9  LCD_WriteReg                                          
00014af5  memccpy                                               
00014b11  SPI_isBusy                                            
00014b2b  SPI_receiveData                                       
00014b45  copysign                                              
00014b45  copysignl                                             
00014b61  CS_getMCLK                                            
00014b79  CS_getSMCLK                                           
00014b91  WDT_A_clearTimer                                      
00014ba9  WDT_A_holdTimer                                       
00014bd9  __aeabi_lmul                                          
00014bf1  strchr                                                
00014c09  CS_setExternalClockSourceFrequency                    
00014c1d  I2C_isBusBusy                                         
00014c31  strcpy                                                
00014c45  strlen                                                
00014c59  wcslen                                                
00014c6b  I2C_masterReceiveStart                                
00014c7d  SysCtl_disableNMISource                               
00014c8d  SysCtl_enableNMISource                                
00014c9d  StartCriticalSection                                  
00014ca5  EndCriticalSection                                    
00014cab  I2C_clearInterruptFlag                                
00014cb9  I2C_disableInterrupt                                  
00014cc7  __TI_decompress_none                                  
00014cd5  Reset_Handler                                         
00014ce1  ADC14_IRQHandler                                      
00014ce1  AES256_IRQHandler                                     
00014ce1  BusFault_Handler                                      
00014ce1  COMP_E0_IRQHandler                                    
00014ce1  COMP_E1_IRQHandler                                    
00014ce1  CS_IRQHandler                                         
00014ce1  DMA_ERR_IRQHandler                                    
00014ce1  DMA_INT0_IRQHandler                                   
00014ce1  DMA_INT1_IRQHandler                                   
00014ce1  DMA_INT2_IRQHandler                                   
00014ce1  DMA_INT3_IRQHandler                                   
00014ce1  DebugMon_Handler                                      
00014ce1  Default_Handler                                       
00014ce1  EUSCIA0_IRQHandler                                    
00014ce1  EUSCIA1_IRQHandler                                    
00014ce1  EUSCIA2_IRQHandler                                    
00014ce1  EUSCIA3_IRQHandler                                    
00014ce1  EUSCIB0_IRQHandler                                    
00014ce1  EUSCIB2_IRQHandler                                    
00014ce1  EUSCIB3_IRQHandler                                    
00014ce1  FLCTL_IRQHandler                                      
00014ce1  FPU_IRQHandler                                        
00014ce1  HardFault_Handler                                     
00014ce1  MemManage_Handler                                     
00014ce1  NMI_Handler                                           
00014ce1  PCM_IRQHandler                                        
00014ce1  PORT1_IRQHandler                                      
00014ce1  PORT2_IRQHandler                                      
00014ce1  PORT3_IRQHandler                                      
00014ce1  PORT4_IRQHandler                                      
00014ce1  PORT5_IRQHandler                                      
00014ce1  PORT6_IRQHandler                                      
00014ce1  PSS_IRQHandler                                        
00014ce1  RTC_C_IRQHandler                                      
00014ce1  SVC_Handler                                           
00014ce1  T32_INT1_IRQHandler                                   
00014ce1  T32_INT2_IRQHandler                                   
00014ce1  T32_INTC_IRQHandler                                   
00014ce1  TA0_0_IRQHandler                                      
00014ce1  TA0_N_IRQHandler                                      
00014ce1  TA1_0_IRQHandler                                      
00014ce1  TA1_N_IRQHandler                                      
00014ce1  TA2_0_IRQHandler                                      
00014ce1  TA2_N_IRQHandler                                      
00014ce1  TA3_0_IRQHandler                                      
00014ce1  TA3_N_IRQHandler                                      
00014ce1  UsageFault_Handler                                    
00014ce1  WDT_A_IRQHandler                                      
00014ce3  I2C_disableModule                                     
00014cef  I2C_enableModule                                      
00014cfd  PCM_getPowerState                                     
00014d09  SysCtl_getNMISourceStatus                             
00014d15  UART_enableModule                                     
00014d21  __TI_zero_init                                        
00014d2d  LCD_Write_Data_Start                                  
00014d37  I2C_enableInterrupt                                   
00014d3f  PCM_setCoreVoltageLevel                               
00014d47  PCM_setPowerMode                                      
00014d51  __aeabi_errno_addr                                    
00014d59  CS_startHFXT                                          
00014d5f  EUSCI_A_SPI_receiveData                               
00014d65  EUSCI_B_SPI_receiveData                               
00014d6b  I2C_getEnabledInterruptStatus                         
00014d71  I2C_getInterruptStatus                                
00014d77  I2C_masterReceiveMultiByteNext                        
00014d7d  SysCtlDelay                                           
00014d83  EUSCI_A_SPI_transmitData                              
00014d87  EUSCI_B_SPI_transmitData                              
00014d8b  I2C_setSlaveAddress                                   
00014d8f  _system_pre_init                                      
00014d93  C$$EXIT                                               
00014d93  abort                                                 
00015388  _ctypes_                                              
000155a4  __TI_Handler_Table_Base                               
000155b0  __TI_Handler_Table_Limit                              
000155b8  __TI_CINIT_Base                                       
000155c8  __TI_CINIT_Limit                                      
20000000  __start___llvm_prf_cnts                               
20000000  __stop___llvm_prf_cnts                                
20007da0  accel_fifo                                            
2000810c  gyro_fifo                                             
20008478  mag_fifo                                              
20008c24  bme280                                                
20008c60  s_bmi160                                              
20008c90  accelxyz                                              
20008c96  gyroxyz                                               
20008ca8  ButtonFunction                                        
20008cac  CurrentlyRunningThread                                
20008cb0  SystemTime                                            
20008cb4  g_ui32ByteCount                                       
20008cbc  lcd_sem                                               
20008cc4  pData                                                 
20008cc8  snakeBlock                                            
20008ccf  ui8DummyRead                                          
20008cd2  ui8Status                                             
20008cd4  v_fifo_data_u8                                        
20009104  i2cConfig                                             
20009118  V_bmm150_maual_auto_condition_u8                      
2000911c  V_fifo_time_U32                                       
20009120  direction                                             
20009124  directionChange                                       
20009125  burstMode                                             
20009128  errno                                                 
2000912c  SystemCoreClock                                       
2000fe00  __stack                                               
20010000  __STACK_END                                           
4000480c  WDTCTL_SYM                                            
ffffffff  __TI_pprof_out_hndl                                   
ffffffff  __TI_prof_data_size                                   
ffffffff  __TI_prof_data_start                                  
ffffffff  __binit__                                             
ffffffff  __c_args__                                            
ffffffff  binit                                                 
UNDEFED   __mpu_init                                            
UNDEFED   _system_post_cinit                                    

[663 symbols]
