<?xml version="1.0" encoding="ISO-8859-1" ?>
<link_info>
   <banner>TI ARM Linker Unix v20.2.4.LTS</banner>
   <copyright>Copyright (c) 1996-2018 Texas Instruments Incorporated</copyright>
   <link_time>0x608a2982</link_time>
   <link_errors>0x0</link_errors>
   <output_file>Lab5.out</output_file>
   <entry_point>
      <name>_c_int00_noargs</name>
      <address>0x1b5d1</address>
   </entry_point>
   <input_file_list>
      <input_file id="fl-2">
         <path>./</path>
         <kind>object</kind>
         <file>Game.obj</file>
         <name>Game.obj</name>
      </input_file>
      <input_file id="fl-3">
         <path>./</path>
         <kind>object</kind>
         <file>main.obj</file>
         <name>main.obj</name>
      </input_file>
      <input_file id="fl-4">
         <path>./</path>
         <kind>object</kind>
         <file>startup_msp432p401r_ccs.obj</file>
         <name>startup_msp432p401r_ccs.obj</name>
      </input_file>
      <input_file id="fl-5">
         <path>./</path>
         <kind>object</kind>
         <file>system_msp432p401r.obj</file>
         <name>system_msp432p401r.obj</name>
      </input_file>
      <input_file id="fl-6">
         <path>./BoardSupportPackage/src/</path>
         <kind>object</kind>
         <file>AsciiLib.obj</file>
         <name>AsciiLib.obj</name>
      </input_file>
      <input_file id="fl-7">
         <path>./BoardSupportPackage/src/</path>
         <kind>object</kind>
         <file>BSP.obj</file>
         <name>BSP.obj</name>
      </input_file>
      <input_file id="fl-8">
         <path>./BoardSupportPackage/src/</path>
         <kind>object</kind>
         <file>BackChannelUart.obj</file>
         <name>BackChannelUart.obj</name>
      </input_file>
      <input_file id="fl-9">
         <path>./BoardSupportPackage/src/</path>
         <kind>object</kind>
         <file>ClockSys.obj</file>
         <name>ClockSys.obj</name>
      </input_file>
      <input_file id="fl-a">
         <path>./BoardSupportPackage/src/</path>
         <kind>object</kind>
         <file>Joystick.obj</file>
         <name>Joystick.obj</name>
      </input_file>
      <input_file id="fl-b">
         <path>./BoardSupportPackage/src/</path>
         <kind>object</kind>
         <file>LCDLib.obj</file>
         <name>LCDLib.obj</name>
      </input_file>
      <input_file id="fl-c">
         <path>./BoardSupportPackage/src/</path>
         <kind>object</kind>
         <file>RGBLeds.obj</file>
         <name>RGBLeds.obj</name>
      </input_file>
      <input_file id="fl-d">
         <path>./BoardSupportPackage/src/</path>
         <kind>object</kind>
         <file>bme280.obj</file>
         <name>bme280.obj</name>
      </input_file>
      <input_file id="fl-e">
         <path>./BoardSupportPackage/src/</path>
         <kind>object</kind>
         <file>bme280_support.obj</file>
         <name>bme280_support.obj</name>
      </input_file>
      <input_file id="fl-f">
         <path>./BoardSupportPackage/src/</path>
         <kind>object</kind>
         <file>bmi160.obj</file>
         <name>bmi160.obj</name>
      </input_file>
      <input_file id="fl-10">
         <path>./BoardSupportPackage/src/</path>
         <kind>object</kind>
         <file>bmi160_support.obj</file>
         <name>bmi160_support.obj</name>
      </input_file>
      <input_file id="fl-11">
         <path>./BoardSupportPackage/src/</path>
         <kind>object</kind>
         <file>demo_sysctl.obj</file>
         <name>demo_sysctl.obj</name>
      </input_file>
      <input_file id="fl-12">
         <path>./BoardSupportPackage/src/</path>
         <kind>object</kind>
         <file>i2c_driver.obj</file>
         <name>i2c_driver.obj</name>
      </input_file>
      <input_file id="fl-13">
         <path>./BoardSupportPackage/src/</path>
         <kind>object</kind>
         <file>opt3001.obj</file>
         <name>opt3001.obj</name>
      </input_file>
      <input_file id="fl-14">
         <path>./BoardSupportPackage/src/</path>
         <kind>object</kind>
         <file>tmp007.obj</file>
         <name>tmp007.obj</name>
      </input_file>
      <input_file id="fl-15">
         <path>./CC3100SupportPackage/board/</path>
         <kind>object</kind>
         <file>board.obj</file>
         <name>board.obj</name>
      </input_file>
      <input_file id="fl-16">
         <path>./CC3100SupportPackage/cc3100_usage/</path>
         <kind>object</kind>
         <file>cc3100_usage.obj</file>
         <name>cc3100_usage.obj</name>
      </input_file>
      <input_file id="fl-17">
         <path>./CC3100SupportPackage/simplelink/source/</path>
         <kind>object</kind>
         <file>device.obj</file>
         <name>device.obj</name>
      </input_file>
      <input_file id="fl-18">
         <path>./CC3100SupportPackage/simplelink/source/</path>
         <kind>object</kind>
         <file>driver.obj</file>
         <name>driver.obj</name>
      </input_file>
      <input_file id="fl-19">
         <path>./CC3100SupportPackage/simplelink/source/</path>
         <kind>object</kind>
         <file>flowcont.obj</file>
         <name>flowcont.obj</name>
      </input_file>
      <input_file id="fl-1a">
         <path>./CC3100SupportPackage/simplelink/source/</path>
         <kind>object</kind>
         <file>fs.obj</file>
         <name>fs.obj</name>
      </input_file>
      <input_file id="fl-1b">
         <path>./CC3100SupportPackage/simplelink/source/</path>
         <kind>object</kind>
         <file>netapp.obj</file>
         <name>netapp.obj</name>
      </input_file>
      <input_file id="fl-1c">
         <path>./CC3100SupportPackage/simplelink/source/</path>
         <kind>object</kind>
         <file>netcfg.obj</file>
         <name>netcfg.obj</name>
      </input_file>
      <input_file id="fl-1d">
         <path>./CC3100SupportPackage/simplelink/source/</path>
         <kind>object</kind>
         <file>nonos.obj</file>
         <name>nonos.obj</name>
      </input_file>
      <input_file id="fl-1e">
         <path>./CC3100SupportPackage/simplelink/source/</path>
         <kind>object</kind>
         <file>socket.obj</file>
         <name>socket.obj</name>
      </input_file>
      <input_file id="fl-1f">
         <path>./CC3100SupportPackage/simplelink/source/</path>
         <kind>object</kind>
         <file>spawn.obj</file>
         <name>spawn.obj</name>
      </input_file>
      <input_file id="fl-20">
         <path>./CC3100SupportPackage/simplelink/source/</path>
         <kind>object</kind>
         <file>wlan.obj</file>
         <name>wlan.obj</name>
      </input_file>
      <input_file id="fl-21">
         <path>./CC3100SupportPackage/spi_cc3100/</path>
         <kind>object</kind>
         <file>spi_cc3100.obj</file>
         <name>spi_cc3100.obj</name>
      </input_file>
      <input_file id="fl-22">
         <path>./G8RTOS_Lab5/</path>
         <kind>object</kind>
         <file>G8RTOS_CriticalSection.obj</file>
         <name>G8RTOS_CriticalSection.obj</name>
      </input_file>
      <input_file id="fl-23">
         <path>./G8RTOS_Lab5/</path>
         <kind>object</kind>
         <file>G8RTOS_Scheduler.obj</file>
         <name>G8RTOS_Scheduler.obj</name>
      </input_file>
      <input_file id="fl-24">
         <path>./G8RTOS_Lab5/</path>
         <kind>object</kind>
         <file>G8RTOS_SchedulerASM.obj</file>
         <name>G8RTOS_SchedulerASM.obj</name>
      </input_file>
      <input_file id="fl-25">
         <path>./G8RTOS_Lab5/</path>
         <kind>object</kind>
         <file>G8RTOS_Semaphores.obj</file>
         <name>G8RTOS_Semaphores.obj</name>
      </input_file>
      <input_file id="fl-26">
         <path>./G8RTOS_Lab5/</path>
         <kind>object</kind>
         <file>IPC.obj</file>
         <name>IPC.obj</name>
      </input_file>
      <input_file id="fl-2c">
         <kind>object</kind>
         <file>&lt;internal&gt;</file>
         <name>&lt;internal&gt;</name>
      </input_file>
      <input_file id="fl-2d">
         <path>../BoardSupportPackage/DriverLib/</path>
         <kind>archive</kind>
         <file>msp432p4xx_driverlib.lib</file>
         <name>cs.o</name>
      </input_file>
      <input_file id="fl-2e">
         <path>../BoardSupportPackage/DriverLib/</path>
         <kind>archive</kind>
         <file>msp432p4xx_driverlib.lib</file>
         <name>flash.o</name>
      </input_file>
      <input_file id="fl-2f">
         <path>../BoardSupportPackage/DriverLib/</path>
         <kind>archive</kind>
         <file>msp432p4xx_driverlib.lib</file>
         <name>gpio.o</name>
      </input_file>
      <input_file id="fl-30">
         <path>../BoardSupportPackage/DriverLib/</path>
         <kind>archive</kind>
         <file>msp432p4xx_driverlib.lib</file>
         <name>i2c.o</name>
      </input_file>
      <input_file id="fl-31">
         <path>../BoardSupportPackage/DriverLib/</path>
         <kind>archive</kind>
         <file>msp432p4xx_driverlib.lib</file>
         <name>interrupt.o</name>
      </input_file>
      <input_file id="fl-32">
         <path>../BoardSupportPackage/DriverLib/</path>
         <kind>archive</kind>
         <file>msp432p4xx_driverlib.lib</file>
         <name>pcm.o</name>
      </input_file>
      <input_file id="fl-33">
         <path>../BoardSupportPackage/DriverLib/</path>
         <kind>archive</kind>
         <file>msp432p4xx_driverlib.lib</file>
         <name>rtc_c.o</name>
      </input_file>
      <input_file id="fl-34">
         <path>../BoardSupportPackage/DriverLib/</path>
         <kind>archive</kind>
         <file>msp432p4xx_driverlib.lib</file>
         <name>spi.o</name>
      </input_file>
      <input_file id="fl-35">
         <path>../BoardSupportPackage/DriverLib/</path>
         <kind>archive</kind>
         <file>msp432p4xx_driverlib.lib</file>
         <name>sysctl.o</name>
      </input_file>
      <input_file id="fl-36">
         <path>../BoardSupportPackage/DriverLib/</path>
         <kind>archive</kind>
         <file>msp432p4xx_driverlib.lib</file>
         <name>uart.o</name>
      </input_file>
      <input_file id="fl-37">
         <path>../BoardSupportPackage/DriverLib/</path>
         <kind>archive</kind>
         <file>msp432p4xx_driverlib.lib</file>
         <name>wdt_a.o</name>
      </input_file>
      <input_file id="fl-38">
         <path>../BoardSupportPackage/DriverLib/</path>
         <kind>archive</kind>
         <file>msp432p4xx_driverlib.lib</file>
         <name>cpu.o</name>
      </input_file>
      <input_file id="fl-ee">
         <path>/home/sahil/ti/ccs1020/ccs/tools/compiler/ti-cgt-arm_20.2.4.LTS/lib/</path>
         <kind>archive</kind>
         <file>rtsv7M4_T_le_v4SPD16_eabi.lib</file>
         <name>snprintf.c.obj</name>
      </input_file>
      <input_file id="fl-ef">
         <path>/home/sahil/ti/ccs1020/ccs/tools/compiler/ti-cgt-arm_20.2.4.LTS/lib/</path>
         <kind>archive</kind>
         <file>rtsv7M4_T_le_v4SPD16_eabi.lib</file>
         <name>sprintf.c.obj</name>
      </input_file>
      <input_file id="fl-f0">
         <path>/home/sahil/ti/ccs1020/ccs/tools/compiler/ti-cgt-arm_20.2.4.LTS/lib/</path>
         <kind>archive</kind>
         <file>rtsv7M4_T_le_v4SPD16_eabi.lib</file>
         <name>ll_div_t2.asm.obj</name>
      </input_file>
      <input_file id="fl-f1">
         <path>/home/sahil/ti/ccs1020/ccs/tools/compiler/ti-cgt-arm_20.2.4.LTS/lib/</path>
         <kind>archive</kind>
         <file>rtsv7M4_T_le_v4SPD16_eabi.lib</file>
         <name>ull_div_t2.asm.obj</name>
      </input_file>
      <input_file id="fl-f2">
         <path>/home/sahil/ti/ccs1020/ccs/tools/compiler/ti-cgt-arm_20.2.4.LTS/lib/</path>
         <kind>archive</kind>
         <file>rtsv7M4_T_le_v4SPD16_eabi.lib</file>
         <name>memset_t2.asm.obj</name>
      </input_file>
      <input_file id="fl-f3">
         <path>/home/sahil/ti/ccs1020/ccs/tools/compiler/ti-cgt-arm_20.2.4.LTS/lib/</path>
         <kind>archive</kind>
         <file>rtsv7M4_T_le_v4SPD16_eabi.lib</file>
         <name>ll_mul_t2.asm.obj</name>
      </input_file>
      <input_file id="fl-f4">
         <path>/home/sahil/ti/ccs1020/ccs/tools/compiler/ti-cgt-arm_20.2.4.LTS/lib/</path>
         <kind>archive</kind>
         <file>rtsv7M4_T_le_v4SPD16_eabi.lib</file>
         <name>memcpy_t2.asm.obj</name>
      </input_file>
      <input_file id="fl-f5">
         <path>/home/sahil/ti/ccs1020/ccs/tools/compiler/ti-cgt-arm_20.2.4.LTS/lib/</path>
         <kind>archive</kind>
         <file>rtsv7M4_T_le_v4SPD16_eabi.lib</file>
         <name>copy_zero_init.c.obj</name>
      </input_file>
      <input_file id="fl-f6">
         <path>/home/sahil/ti/ccs1020/ccs/tools/compiler/ti-cgt-arm_20.2.4.LTS/lib/</path>
         <kind>archive</kind>
         <file>rtsv7M4_T_le_v4SPD16_eabi.lib</file>
         <name>copy_decompress_none.c.obj</name>
      </input_file>
      <input_file id="fl-f7">
         <path>/home/sahil/ti/ccs1020/ccs/tools/compiler/ti-cgt-arm_20.2.4.LTS/lib/</path>
         <kind>archive</kind>
         <file>rtsv7M4_T_le_v4SPD16_eabi.lib</file>
         <name>copy_decompress_lzss.c.obj</name>
      </input_file>
      <input_file id="fl-f8">
         <path>/home/sahil/ti/ccs1020/ccs/tools/compiler/ti-cgt-arm_20.2.4.LTS/lib/</path>
         <kind>archive</kind>
         <file>rtsv7M4_T_le_v4SPD16_eabi.lib</file>
         <name>rand.c.obj</name>
      </input_file>
      <input_file id="fl-f9">
         <path>/home/sahil/ti/ccs1020/ccs/tools/compiler/ti-cgt-arm_20.2.4.LTS/lib/</path>
         <kind>archive</kind>
         <file>rtsv7M4_T_le_v4SPD16_eabi.lib</file>
         <name>strcpy.c.obj</name>
      </input_file>
      <input_file id="fl-fa">
         <path>/home/sahil/ti/ccs1020/ccs/tools/compiler/ti-cgt-arm_20.2.4.LTS/lib/</path>
         <kind>archive</kind>
         <file>rtsv7M4_T_le_v4SPD16_eabi.lib</file>
         <name>strlen.c.obj</name>
      </input_file>
      <input_file id="fl-fb">
         <path>/home/sahil/ti/ccs1020/ccs/tools/compiler/ti-cgt-arm_20.2.4.LTS/lib/</path>
         <kind>archive</kind>
         <file>rtsv7M4_T_le_v4SPD16_eabi.lib</file>
         <name>boot_cortex_m.c.obj</name>
      </input_file>
      <input_file id="fl-fc">
         <path>/home/sahil/ti/ccs1020/ccs/tools/compiler/ti-cgt-arm_20.2.4.LTS/lib/</path>
         <kind>archive</kind>
         <file>rtsv7M4_T_le_v4SPD16_eabi.lib</file>
         <name>_printfi.c.obj</name>
      </input_file>
      <input_file id="fl-fd">
         <path>/home/sahil/ti/ccs1020/ccs/tools/compiler/ti-cgt-arm_20.2.4.LTS/lib/</path>
         <kind>archive</kind>
         <file>rtsv7M4_T_le_v4SPD16_eabi.lib</file>
         <name>s_frexp.c.obj</name>
      </input_file>
      <input_file id="fl-fe">
         <path>/home/sahil/ti/ccs1020/ccs/tools/compiler/ti-cgt-arm_20.2.4.LTS/lib/</path>
         <kind>archive</kind>
         <file>rtsv7M4_T_le_v4SPD16_eabi.lib</file>
         <name>s_scalbn.c.obj</name>
      </input_file>
      <input_file id="fl-ff">
         <path>/home/sahil/ti/ccs1020/ccs/tools/compiler/ti-cgt-arm_20.2.4.LTS/lib/</path>
         <kind>archive</kind>
         <file>rtsv7M4_T_le_v4SPD16_eabi.lib</file>
         <name>s_copysign.c.obj</name>
      </input_file>
      <input_file id="fl-100">
         <path>/home/sahil/ti/ccs1020/ccs/tools/compiler/ti-cgt-arm_20.2.4.LTS/lib/</path>
         <kind>archive</kind>
         <file>rtsv7M4_T_le_v4SPD16_eabi.lib</file>
         <name>div0.asm.obj</name>
      </input_file>
      <input_file id="fl-101">
         <path>/home/sahil/ti/ccs1020/ccs/tools/compiler/ti-cgt-arm_20.2.4.LTS/lib/</path>
         <kind>archive</kind>
         <file>rtsv7M4_T_le_v4SPD16_eabi.lib</file>
         <name>fd_add_t2.asm.obj</name>
      </input_file>
      <input_file id="fl-102">
         <path>/home/sahil/ti/ccs1020/ccs/tools/compiler/ti-cgt-arm_20.2.4.LTS/lib/</path>
         <kind>archive</kind>
         <file>rtsv7M4_T_le_v4SPD16_eabi.lib</file>
         <name>fd_cmp_t2.asm.obj</name>
      </input_file>
      <input_file id="fl-103">
         <path>/home/sahil/ti/ccs1020/ccs/tools/compiler/ti-cgt-arm_20.2.4.LTS/lib/</path>
         <kind>archive</kind>
         <file>rtsv7M4_T_le_v4SPD16_eabi.lib</file>
         <name>fd_div_t2.asm.obj</name>
      </input_file>
      <input_file id="fl-104">
         <path>/home/sahil/ti/ccs1020/ccs/tools/compiler/ti-cgt-arm_20.2.4.LTS/lib/</path>
         <kind>archive</kind>
         <file>rtsv7M4_T_le_v4SPD16_eabi.lib</file>
         <name>fd_mul_t2.asm.obj</name>
      </input_file>
      <input_file id="fl-105">
         <path>/home/sahil/ti/ccs1020/ccs/tools/compiler/ti-cgt-arm_20.2.4.LTS/lib/</path>
         <kind>archive</kind>
         <file>rtsv7M4_T_le_v4SPD16_eabi.lib</file>
         <name>fd_toi_t2.asm.obj</name>
      </input_file>
      <input_file id="fl-106">
         <path>/home/sahil/ti/ccs1020/ccs/tools/compiler/ti-cgt-arm_20.2.4.LTS/lib/</path>
         <kind>archive</kind>
         <file>rtsv7M4_T_le_v4SPD16_eabi.lib</file>
         <name>i_tofd_t2.asm.obj</name>
      </input_file>
      <input_file id="fl-107">
         <path>/home/sahil/ti/ccs1020/ccs/tools/compiler/ti-cgt-arm_20.2.4.LTS/lib/</path>
         <kind>archive</kind>
         <file>rtsv7M4_T_le_v4SPD16_eabi.lib</file>
         <name>autoinit.c.obj</name>
      </input_file>
      <input_file id="fl-108">
         <path>/home/sahil/ti/ccs1020/ccs/tools/compiler/ti-cgt-arm_20.2.4.LTS/lib/</path>
         <kind>archive</kind>
         <file>rtsv7M4_T_le_v4SPD16_eabi.lib</file>
         <name>pre_init.c.obj</name>
      </input_file>
      <input_file id="fl-109">
         <path>/home/sahil/ti/ccs1020/ccs/tools/compiler/ti-cgt-arm_20.2.4.LTS/lib/</path>
         <kind>archive</kind>
         <file>rtsv7M4_T_le_v4SPD16_eabi.lib</file>
         <name>cpy_tbl.c.obj</name>
      </input_file>
      <input_file id="fl-10a">
         <path>/home/sahil/ti/ccs1020/ccs/tools/compiler/ti-cgt-arm_20.2.4.LTS/lib/</path>
         <kind>archive</kind>
         <file>rtsv7M4_T_le_v4SPD16_eabi.lib</file>
         <name>exit.c.obj</name>
      </input_file>
      <input_file id="fl-10b">
         <path>/home/sahil/ti/ccs1020/ccs/tools/compiler/ti-cgt-arm_20.2.4.LTS/lib/</path>
         <kind>archive</kind>
         <file>rtsv7M4_T_le_v4SPD16_eabi.lib</file>
         <name>_lock.c.obj</name>
      </input_file>
      <input_file id="fl-10c">
         <path>/home/sahil/ti/ccs1020/ccs/tools/compiler/ti-cgt-arm_20.2.4.LTS/lib/</path>
         <kind>archive</kind>
         <file>rtsv7M4_T_le_v4SPD16_eabi.lib</file>
         <name>_ltoa.c.obj</name>
      </input_file>
      <input_file id="fl-10d">
         <path>/home/sahil/ti/ccs1020/ccs/tools/compiler/ti-cgt-arm_20.2.4.LTS/lib/</path>
         <kind>archive</kind>
         <file>rtsv7M4_T_le_v4SPD16_eabi.lib</file>
         <name>args_main.c.obj</name>
      </input_file>
      <input_file id="fl-10e">
         <path>/home/sahil/ti/ccs1020/ccs/tools/compiler/ti-cgt-arm_20.2.4.LTS/lib/</path>
         <kind>archive</kind>
         <file>rtsv7M4_T_le_v4SPD16_eabi.lib</file>
         <name>atoi.c.obj</name>
      </input_file>
      <input_file id="fl-10f">
         <path>/home/sahil/ti/ccs1020/ccs/tools/compiler/ti-cgt-arm_20.2.4.LTS/lib/</path>
         <kind>archive</kind>
         <file>rtsv7M4_T_le_v4SPD16_eabi.lib</file>
         <name>ctype.c.obj</name>
      </input_file>
      <input_file id="fl-110">
         <path>/home/sahil/ti/ccs1020/ccs/tools/compiler/ti-cgt-arm_20.2.4.LTS/lib/</path>
         <kind>archive</kind>
         <file>rtsv7M4_T_le_v4SPD16_eabi.lib</file>
         <name>memccpy.c.obj</name>
      </input_file>
      <input_file id="fl-111">
         <path>/home/sahil/ti/ccs1020/ccs/tools/compiler/ti-cgt-arm_20.2.4.LTS/lib/</path>
         <kind>archive</kind>
         <file>rtsv7M4_T_le_v4SPD16_eabi.lib</file>
         <name>strchr.c.obj</name>
      </input_file>
      <input_file id="fl-112">
         <path>/home/sahil/ti/ccs1020/ccs/tools/compiler/ti-cgt-arm_20.2.4.LTS/lib/</path>
         <kind>archive</kind>
         <file>rtsv7M4_T_le_v4SPD16_eabi.lib</file>
         <name>errno.c.obj</name>
      </input_file>
      <input_file id="fl-113">
         <path>/home/sahil/ti/ccs1020/ccs/tools/compiler/ti-cgt-arm_20.2.4.LTS/lib/</path>
         <kind>archive</kind>
         <file>rtsv7M4_T_le_v4SPD16_eabi.lib</file>
         <name>wcslen.c.obj</name>
      </input_file>
   </input_file_list>
   <object_component_list>
      <object_component id="oc-26">
         <name>.intvecs:retain</name>
         <load_address>0x0</load_address>
         <run_address>0x0</run_address>
         <size>0xe4</size>
         <input_file_ref idref="fl-4"/>
      </object_component>
      <object_component id="oc-361">
         <name>.text</name>
         <load_address>0xe4</load_address>
         <run_address>0xe4</run_address>
         <size>0xd5e0</size>
         <input_file_ref idref="fl-f"/>
      </object_component>
      <object_component id="oc-5e2">
         <name>.text</name>
         <load_address>0xd6c4</load_address>
         <run_address>0xd6c4</run_address>
         <size>0x2034</size>
         <input_file_ref idref="fl-18"/>
      </object_component>
      <object_component id="oc-381">
         <name>.text</name>
         <load_address>0xf6f8</load_address>
         <run_address>0xf6f8</run_address>
         <size>0x1810</size>
         <input_file_ref idref="fl-d"/>
      </object_component>
      <object_component id="oc-1d9">
         <name>.text</name>
         <load_address>0x10f08</load_address>
         <run_address>0x10f08</run_address>
         <size>0x14a0</size>
         <input_file_ref idref="fl-2"/>
      </object_component>
      <object_component id="oc-468">
         <name>.text</name>
         <load_address>0x123a8</load_address>
         <run_address>0x123a8</run_address>
         <size>0xed4</size>
         <input_file_ref idref="fl-1e"/>
      </object_component>
      <object_component id="oc-277">
         <name>.text</name>
         <load_address>0x1327c</load_address>
         <run_address>0x1327c</run_address>
         <size>0xc28</size>
         <input_file_ref idref="fl-10"/>
      </object_component>
      <object_component id="oc-489">
         <name>.text</name>
         <load_address>0x13ea4</load_address>
         <run_address>0x13ea4</run_address>
         <size>0xb3c</size>
         <input_file_ref idref="fl-1b"/>
      </object_component>
      <object_component id="oc-47d">
         <name>.text</name>
         <load_address>0x149e0</load_address>
         <run_address>0x149e0</run_address>
         <size>0xac0</size>
         <input_file_ref idref="fl-20"/>
      </object_component>
      <object_component id="oc-4b8">
         <name>.text:__TI_printfi</name>
         <load_address>0x154a0</load_address>
         <run_address>0x154a0</run_address>
         <size>0xa4e</size>
         <input_file_ref idref="fl-fc"/>
      </object_component>
      <object_component id="oc-4d3">
         <name>.text:_nop</name>
         <load_address>0x15eee</load_address>
         <run_address>0x15eee</run_address>
         <size>0x2</size>
         <input_file_ref idref="fl-10b"/>
      </object_component>
      <object_component id="oc-72">
         <name>.text</name>
         <load_address>0x15ef0</load_address>
         <run_address>0x15ef0</run_address>
         <size>0x798</size>
         <input_file_ref idref="fl-23"/>
      </object_component>
      <object_component id="oc-31a">
         <name>.text</name>
         <load_address>0x16688</load_address>
         <run_address>0x16688</run_address>
         <size>0x690</size>
         <input_file_ref idref="fl-16"/>
      </object_component>
      <object_component id="oc-471">
         <name>.text</name>
         <load_address>0x16d18</load_address>
         <run_address>0x16d18</run_address>
         <size>0x5b8</size>
         <input_file_ref idref="fl-17"/>
      </object_component>
      <object_component id="oc-295">
         <name>.text</name>
         <load_address>0x172d0</load_address>
         <run_address>0x172d0</run_address>
         <size>0x5b0</size>
         <input_file_ref idref="fl-b"/>
      </object_component>
      <object_component id="oc-7e">
         <name>.text</name>
         <load_address>0x17880</load_address>
         <run_address>0x17880</run_address>
         <size>0x360</size>
         <input_file_ref idref="fl-12"/>
      </object_component>
      <object_component id="oc-78">
         <name>.text</name>
         <load_address>0x17be0</load_address>
         <run_address>0x17be0</run_address>
         <size>0x350</size>
         <input_file_ref idref="fl-15"/>
      </object_component>
      <object_component id="oc-bc">
         <name>.text</name>
         <load_address>0x17f30</load_address>
         <run_address>0x17f30</run_address>
         <size>0x334</size>
         <input_file_ref idref="fl-5"/>
      </object_component>
      <object_component id="oc-289">
         <name>.text</name>
         <load_address>0x18264</load_address>
         <run_address>0x18264</run_address>
         <size>0x2f8</size>
         <input_file_ref idref="fl-8"/>
      </object_component>
      <object_component id="oc-283">
         <name>.text</name>
         <load_address>0x1855c</load_address>
         <run_address>0x1855c</run_address>
         <size>0x2e0</size>
         <input_file_ref idref="fl-e"/>
      </object_component>
      <object_component id="oc-6ec">
         <name>.text:_pconv_a</name>
         <load_address>0x1883c</load_address>
         <run_address>0x1883c</run_address>
         <size>0x270</size>
         <input_file_ref idref="fl-fc"/>
      </object_component>
      <object_component id="oc-271">
         <name>.text</name>
         <load_address>0x18aac</load_address>
         <run_address>0x18aac</run_address>
         <size>0x234</size>
         <input_file_ref idref="fl-14"/>
      </object_component>
      <object_component id="oc-62a">
         <name>.text</name>
         <load_address>0x18ce0</load_address>
         <run_address>0x18ce0</run_address>
         <size>0x210</size>
         <input_file_ref idref="fl-21"/>
      </object_component>
      <object_component id="oc-28f">
         <name>.text</name>
         <load_address>0x18ef0</load_address>
         <run_address>0x18ef0</run_address>
         <size>0x1f0</size>
         <input_file_ref idref="fl-c"/>
      </object_component>
      <object_component id="oc-6da">
         <name>.text:_pconv_g</name>
         <load_address>0x190e0</load_address>
         <run_address>0x190e0</run_address>
         <size>0x1d0</size>
         <input_file_ref idref="fl-fc"/>
      </object_component>
      <object_component id="oc-84d">
         <name>.text</name>
         <load_address>0x192b0</load_address>
         <run_address>0x192b0</run_address>
         <size>0x1b6</size>
         <input_file_ref idref="fl-101"/>
      </object_component>
      <object_component id="oc-2e0">
         <name>.text:__PCM_setPowerStateAdvanced</name>
         <load_address>0x19466</load_address>
         <run_address>0x19466</run_address>
         <size>0x1a0</size>
         <input_file_ref idref="fl-32"/>
      </object_component>
      <object_component id="oc-738">
         <name>.text</name>
         <load_address>0x19606</load_address>
         <run_address>0x19606</run_address>
         <size>0x2</size>
         <input_file_ref idref="fl-100"/>
      </object_component>
      <object_component id="oc-27d">
         <name>.text</name>
         <load_address>0x19608</load_address>
         <run_address>0x19608</run_address>
         <size>0x178</size>
         <input_file_ref idref="fl-a"/>
      </object_component>
      <object_component id="oc-6e6">
         <name>.text:_pconv_e</name>
         <load_address>0x19780</load_address>
         <run_address>0x19780</run_address>
         <size>0x13c</size>
         <input_file_ref idref="fl-fc"/>
      </object_component>
      <object_component id="oc-833">
         <name>.text</name>
         <load_address>0x198bc</load_address>
         <run_address>0x198bc</run_address>
         <size>0x136</size>
         <input_file_ref idref="fl-103"/>
      </object_component>
      <object_component id="oc-477">
         <name>.text</name>
         <load_address>0x199f4</load_address>
         <run_address>0x199f4</run_address>
         <size>0x130</size>
         <input_file_ref idref="fl-1d"/>
      </object_component>
      <object_component id="oc-85f">
         <name>.text:fcvt</name>
         <load_address>0x19b24</load_address>
         <run_address>0x19b24</run_address>
         <size>0x124</size>
         <input_file_ref idref="fl-fc"/>
      </object_component>
      <object_component id="oc-483">
         <name>.text</name>
         <load_address>0x19c48</load_address>
         <run_address>0x19c48</run_address>
         <size>0x110</size>
         <input_file_ref idref="fl-1c"/>
      </object_component>
      <object_component id="oc-873">
         <name>.text:scalbn</name>
         <load_address>0x19d58</load_address>
         <run_address>0x19d58</run_address>
         <size>0x110</size>
         <input_file_ref idref="fl-fe"/>
      </object_component>
      <object_component id="oc-450">
         <name>.text:CS_getDCOFrequency</name>
         <load_address>0x19e68</load_address>
         <run_address>0x19e68</run_address>
         <size>0x104</size>
         <input_file_ref idref="fl-2d"/>
      </object_component>
      <object_component id="oc-26b">
         <name>.text</name>
         <load_address>0x19f6c</load_address>
         <run_address>0x19f6c</run_address>
         <size>0xfe</size>
         <input_file_ref idref="fl-13"/>
      </object_component>
      <object_component id="oc-82e">
         <name>.text</name>
         <load_address>0x1a06a</load_address>
         <run_address>0x1a06a</run_address>
         <size>0xfc</size>
         <input_file_ref idref="fl-104"/>
      </object_component>
      <object_component id="oc-13e">
         <name>.text:CS_initClockSignal</name>
         <load_address>0x1a168</load_address>
         <run_address>0x1a168</run_address>
         <size>0xe0</size>
         <input_file_ref idref="fl-2d"/>
      </object_component>
      <object_component id="oc-43c">
         <name>.text:__PCM_setPowerModeAdvanced</name>
         <load_address>0x1a248</load_address>
         <run_address>0x1a248</run_address>
         <size>0xdc</size>
         <input_file_ref idref="fl-32"/>
      </object_component>
      <object_component id="oc-6cf">
         <name>.text:_ltostr</name>
         <load_address>0x1a324</load_address>
         <run_address>0x1a324</run_address>
         <size>0xb1</size>
         <input_file_ref idref="fl-fc"/>
      </object_component>
      <object_component id="oc-3fa">
         <name>.text:__PCM_setCoreVoltageLevelAdvanced</name>
         <load_address>0x1a3d8</load_address>
         <run_address>0x1a3d8</run_address>
         <size>0xb0</size>
         <input_file_ref idref="fl-32"/>
      </object_component>
      <object_component id="oc-3de">
         <name>.text:PutChar</name>
         <load_address>0x1a488</load_address>
         <run_address>0x1a488</run_address>
         <size>0xa4</size>
         <input_file_ref idref="fl-b"/>
      </object_component>
      <object_component id="oc-320">
         <name>.text</name>
         <load_address>0x1a52c</load_address>
         <run_address>0x1a52c</run_address>
         <size>0xa0</size>
         <input_file_ref idref="fl-25"/>
      </object_component>
      <object_component id="oc-401">
         <name>.text:CS_startHFXTWithTimeout</name>
         <load_address>0x1a5cc</load_address>
         <run_address>0x1a5cc</run_address>
         <size>0x9c</size>
         <input_file_ref idref="fl-2d"/>
      </object_component>
      <object_component id="oc-2ed">
         <name>.text:_CSComputeCLKFrequency</name>
         <load_address>0x1a668</load_address>
         <run_address>0x1a668</run_address>
         <size>0x9c</size>
         <input_file_ref idref="fl-2d"/>
      </object_component>
      <object_component id="oc-37">
         <name>.text</name>
         <load_address>0x1a704</load_address>
         <run_address>0x1a704</run_address>
         <size>0x9c</size>
         <input_file_ref idref="fl-f4"/>
      </object_component>
      <object_component id="oc-73d">
         <name>.text</name>
         <load_address>0x1a7a0</load_address>
         <run_address>0x1a7a0</run_address>
         <size>0x96</size>
         <input_file_ref idref="fl-f1"/>
      </object_component>
      <object_component id="oc-39a">
         <name>.text:UART_initModule</name>
         <load_address>0x1a838</load_address>
         <run_address>0x1a838</run_address>
         <size>0x94</size>
         <input_file_ref idref="fl-36"/>
      </object_component>
      <object_component id="oc-aa">
         <name>.text</name>
         <load_address>0x1a8cc</load_address>
         <run_address>0x1a8cc</run_address>
         <size>0x8c</size>
         <input_file_ref idref="fl-3"/>
      </object_component>
      <object_component id="oc-6d5">
         <name>.text:__aeabi_cdcmple</name>
         <load_address>0x1a958</load_address>
         <run_address>0x1a958</run_address>
         <size>0x86</size>
         <input_file_ref idref="fl-102"/>
      </object_component>
      <object_component id="oc-838">
         <name>.text:__aeabi_cdrcmple</name>
         <load_address>0x1a9de</load_address>
         <run_address>0x1a9de</run_address>
         <size>0x86</size>
         <input_file_ref idref="fl-102"/>
      </object_component>
      <object_component id="oc-da">
         <name>.text</name>
         <load_address>0x1aa64</load_address>
         <run_address>0x1aa64</run_address>
         <size>0x84</size>
         <input_file_ref idref="fl-9"/>
      </object_component>
      <object_component id="oc-78f">
         <name>.text</name>
         <load_address>0x1aae8</load_address>
         <run_address>0x1aae8</run_address>
         <size>0x80</size>
         <input_file_ref idref="fl-19"/>
      </object_component>
      <object_component id="oc-42a">
         <name>.text:PCM_gotoLPM3</name>
         <load_address>0x1ab68</load_address>
         <run_address>0x1ab68</run_address>
         <size>0x7c</size>
         <input_file_ref idref="fl-32"/>
      </object_component>
      <object_component id="oc-9e">
         <name>.text</name>
         <load_address>0x1abe4</load_address>
         <run_address>0x1abe4</run_address>
         <size>0x7a</size>
         <input_file_ref idref="fl-f2"/>
      </object_component>
      <object_component id="oc-5b0">
         <name>.text:_CSGetHFXTFrequency</name>
         <load_address>0x1ac60</load_address>
         <run_address>0x1ac60</run_address>
         <size>0x70</size>
         <input_file_ref idref="fl-2d"/>
      </object_component>
      <object_component id="oc-858">
         <name>.text:_mcpy</name>
         <load_address>0x1acd0</load_address>
         <run_address>0x1acd0</run_address>
         <size>0x6e</size>
         <input_file_ref idref="fl-fc"/>
      </object_component>
      <object_component id="oc-52c">
         <name>.text</name>
         <load_address>0x1ad3e</load_address>
         <run_address>0x1ad3e</run_address>
         <size>0x6e</size>
         <input_file_ref idref="fl-f0"/>
      </object_component>
      <object_component id="oc-17">
         <name>.text:decompress:lzss:__TI_decompress_lzss</name>
         <load_address>0x1adac</load_address>
         <run_address>0x1adac</run_address>
         <size>0x68</size>
         <input_file_ref idref="fl-f7"/>
      </object_component>
      <object_component id="oc-11a">
         <name>.text:Interrupt_disableInterrupt</name>
         <load_address>0x1ae14</load_address>
         <run_address>0x1ae14</run_address>
         <size>0x64</size>
         <input_file_ref idref="fl-31"/>
      </object_component>
      <object_component id="oc-108">
         <name>.text:Interrupt_enableInterrupt</name>
         <load_address>0x1ae78</load_address>
         <run_address>0x1ae78</run_address>
         <size>0x64</size>
         <input_file_ref idref="fl-31"/>
      </object_component>
      <object_component id="oc-86d">
         <name>.text:frexp</name>
         <load_address>0x1aedc</load_address>
         <run_address>0x1aedc</run_address>
         <size>0x64</size>
         <input_file_ref idref="fl-fd"/>
      </object_component>
      <object_component id="oc-6d">
         <name>.text</name>
         <load_address>0x1af40</load_address>
         <run_address>0x1af40</run_address>
         <size>0x60</size>
         <input_file_ref idref="fl-24"/>
      </object_component>
      <object_component id="oc-3ec">
         <name>.text:LCD_ReadData</name>
         <load_address>0x1afa0</load_address>
         <run_address>0x1afa0</run_address>
         <size>0x60</size>
         <input_file_ref idref="fl-b"/>
      </object_component>
      <object_component id="oc-6e0">
         <name>.text:_pconv_f</name>
         <load_address>0x1b000</load_address>
         <run_address>0x1b000</run_address>
         <size>0x56</size>
         <input_file_ref idref="fl-fc"/>
      </object_component>
      <object_component id="oc-842">
         <name>.text:__TI_ltoa</name>
         <load_address>0x1b056</load_address>
         <run_address>0x1b056</run_address>
         <size>0x54</size>
         <input_file_ref idref="fl-10c"/>
      </object_component>
      <object_component id="oc-852">
         <name>.text:_ecpy</name>
         <load_address>0x1b0aa</load_address>
         <run_address>0x1b0aa</run_address>
         <size>0x52</size>
         <input_file_ref idref="fl-fc"/>
      </object_component>
      <object_component id="oc-436">
         <name>.text:PCM_shutdownDevice</name>
         <load_address>0x1b0fc</load_address>
         <run_address>0x1b0fc</run_address>
         <size>0x50</size>
         <input_file_ref idref="fl-32"/>
      </object_component>
      <object_component id="oc-5d8">
         <name>.text:SysCtl_getTLVInfo</name>
         <load_address>0x1b14c</load_address>
         <run_address>0x1b14c</run_address>
         <size>0x50</size>
         <input_file_ref idref="fl-35"/>
      </object_component>
      <object_component id="oc-120">
         <name>.text:GPIO_setAsPeripheralModuleFunctionOutputPin</name>
         <load_address>0x1b19c</load_address>
         <run_address>0x1b19c</run_address>
         <size>0x4c</size>
         <input_file_ref idref="fl-2f"/>
      </object_component>
      <object_component id="oc-5d2">
         <name>.text:_CSGetDOCFrequency</name>
         <load_address>0x1b1e8</load_address>
         <run_address>0x1b1e8</run_address>
         <size>0x4c</size>
         <input_file_ref idref="fl-2d"/>
      </object_component>
      <object_component id="oc-6c9">
         <name>.text:atoi</name>
         <load_address>0x1b234</load_address>
         <run_address>0x1b234</run_address>
         <size>0x4c</size>
         <input_file_ref idref="fl-10e"/>
      </object_component>
      <object_component id="oc-3a6">
         <name>.text:snprintf</name>
         <load_address>0x1b280</load_address>
         <run_address>0x1b280</run_address>
         <size>0x4c</size>
         <input_file_ref idref="fl-ee"/>
      </object_component>
      <object_component id="oc-394">
         <name>.text:GPIO_setAsPeripheralModuleFunctionInputPin</name>
         <load_address>0x1b2cc</load_address>
         <run_address>0x1b2cc</run_address>
         <size>0x48</size>
         <input_file_ref idref="fl-2f"/>
      </object_component>
      <object_component id="oc-44a">
         <name>.text:_CSGetDividerValue</name>
         <load_address>0x1b314</load_address>
         <run_address>0x1b314</run_address>
         <size>0x48</size>
         <input_file_ref idref="fl-2d"/>
      </object_component>
      <object_component id="oc-83d">
         <name>.text</name>
         <load_address>0x1b35c</load_address>
         <run_address>0x1b35c</run_address>
         <size>0x48</size>
         <input_file_ref idref="fl-105"/>
      </object_component>
      <object_component id="oc-1ec">
         <name>.text:__TI_auto_init_nobinit_nopinit:__TI_auto_init_nobinit_nopinit</name>
         <load_address>0x1b3a4</load_address>
         <run_address>0x1b3a4</run_address>
         <size>0x44</size>
         <input_file_ref idref="fl-107"/>
      </object_component>
      <object_component id="oc-577">
         <name>.text</name>
         <load_address>0x1b3e8</load_address>
         <run_address>0x1b3e8</run_address>
         <size>0x40</size>
         <input_file_ref idref="fl-6"/>
      </object_component>
      <object_component id="oc-d4">
         <name>.text</name>
         <load_address>0x1b428</load_address>
         <run_address>0x1b428</run_address>
         <size>0x40</size>
         <input_file_ref idref="fl-7"/>
      </object_component>
      <object_component id="oc-570">
         <name>.text:LCD_WriteData</name>
         <load_address>0x1b468</load_address>
         <run_address>0x1b468</run_address>
         <size>0x40</size>
         <input_file_ref idref="fl-b"/>
      </object_component>
      <object_component id="oc-326">
         <name>.text:sprintf</name>
         <load_address>0x1b4a8</load_address>
         <run_address>0x1b4a8</run_address>
         <size>0x40</size>
         <input_file_ref idref="fl-ef"/>
      </object_component>
      <object_component id="oc-162">
         <name>.text:I2C_initMaster</name>
         <load_address>0x1b4e8</load_address>
         <run_address>0x1b4e8</run_address>
         <size>0x3e</size>
         <input_file_ref idref="fl-30"/>
      </object_component>
      <object_component id="oc-865">
         <name>.text:_fcpy</name>
         <load_address>0x1b526</load_address>
         <run_address>0x1b526</run_address>
         <size>0x3e</size>
         <input_file_ref idref="fl-fc"/>
      </object_component>
      <object_component id="oc-17a">
         <name>.text:I2C_masterSendMultiByteStart</name>
         <load_address>0x1b564</load_address>
         <run_address>0x1b564</run_address>
         <size>0x38</size>
         <input_file_ref idref="fl-30"/>
      </object_component>
      <object_component id="oc-3c9">
         <name>.text:LCD_WriteIndex</name>
         <load_address>0x1b59c</load_address>
         <run_address>0x1b59c</run_address>
         <size>0x34</size>
         <input_file_ref idref="fl-b"/>
      </object_component>
      <object_component id="oc-55">
         <name>.text:_c_int00_noargs:_c_int00_noargs</name>
         <load_address>0x1b5d0</load_address>
         <run_address>0x1b5d0</run_address>
         <size>0x34</size>
         <input_file_ref idref="fl-fb"/>
      </object_component>
      <object_component id="oc-314">
         <name>.text:rand</name>
         <load_address>0x1b604</load_address>
         <run_address>0x1b604</run_address>
         <size>0x34</size>
         <input_file_ref idref="fl-f8"/>
      </object_component>
      <object_component id="oc-19e">
         <name>.text:I2C_masterSendMultiByteStop</name>
         <load_address>0x1b638</load_address>
         <run_address>0x1b638</run_address>
         <size>0x30</size>
         <input_file_ref idref="fl-30"/>
      </object_component>
      <object_component id="oc-541">
         <name>.text:_outs</name>
         <load_address>0x1b668</load_address>
         <run_address>0x1b668</run_address>
         <size>0x30</size>
         <input_file_ref idref="fl-ee"/>
      </object_component>
      <object_component id="oc-755">
         <name>.text:is_A_Module</name>
         <load_address>0x1b698</load_address>
         <run_address>0x1b698</run_address>
         <size>0x30</size>
         <input_file_ref idref="fl-34"/>
      </object_component>
      <object_component id="oc-848">
         <name>.text</name>
         <load_address>0x1b6c8</load_address>
         <run_address>0x1b6c8</run_address>
         <size>0x2e</size>
         <input_file_ref idref="fl-106"/>
      </object_component>
      <object_component id="oc-597">
         <name>.text:PCM_getCoreVoltageLevel</name>
         <load_address>0x1b6f6</load_address>
         <run_address>0x1b6f6</run_address>
         <size>0x2c</size>
         <input_file_ref idref="fl-32"/>
      </object_component>
      <object_component id="oc-591">
         <name>.text:PCM_getPowerMode</name>
         <load_address>0x1b722</load_address>
         <run_address>0x1b722</run_address>
         <size>0x2a</size>
         <input_file_ref idref="fl-32"/>
      </object_component>
      <object_component id="oc-12c">
         <name>.text:FlashCtl_setWaitState</name>
         <load_address>0x1b74c</load_address>
         <run_address>0x1b74c</run_address>
         <size>0x28</size>
         <input_file_ref idref="fl-2e"/>
      </object_component>
      <object_component id="oc-442">
         <name>.text:PCM_gotoLPM0</name>
         <load_address>0x1b774</load_address>
         <run_address>0x1b774</run_address>
         <size>0x28</size>
         <input_file_ref idref="fl-32"/>
      </object_component>
      <object_component id="oc-3e5">
         <name>.text:SPISendRecvByte</name>
         <load_address>0x1b79c</load_address>
         <run_address>0x1b79c</run_address>
         <size>0x28</size>
         <input_file_ref idref="fl-b"/>
      </object_component>
      <object_component id="oc-36c">
         <name>.text</name>
         <load_address>0x1b7c4</load_address>
         <run_address>0x1b7c4</run_address>
         <size>0x26</size>
         <input_file_ref idref="fl-11"/>
      </object_component>
      <object_component id="oc-456">
         <name>.text:CS_clearInterruptFlag</name>
         <load_address>0x1b7ec</load_address>
         <run_address>0x1b7ec</run_address>
         <size>0x24</size>
         <input_file_ref idref="fl-2d"/>
      </object_component>
      <object_component id="oc-138">
         <name>.text:CS_setDCOCenteredFrequency</name>
         <load_address>0x1b810</load_address>
         <run_address>0x1b810</run_address>
         <size>0x24</size>
         <input_file_ref idref="fl-2d"/>
      </object_component>
      <object_component id="oc-1aa">
         <name>.text:I2C_masterSendMultiByteNext</name>
         <load_address>0x1b834</load_address>
         <run_address>0x1b834</run_address>
         <size>0x24</size>
         <input_file_ref idref="fl-30"/>
      </object_component>
      <object_component id="oc-10e">
         <name>.text:Interrupt_setPriority</name>
         <load_address>0x1b858</load_address>
         <run_address>0x1b858</run_address>
         <size>0x24</size>
         <input_file_ref idref="fl-31"/>
      </object_component>
      <object_component id="oc-5c5">
         <name>.text:RTC_C_holdClock</name>
         <load_address>0x1b87c</load_address>
         <run_address>0x1b87c</run_address>
         <size>0x24</size>
         <input_file_ref idref="fl-33"/>
      </object_component>
      <object_component id="oc-38e">
         <name>.text:UART_transmitData</name>
         <load_address>0x1b8a0</load_address>
         <run_address>0x1b8a0</run_address>
         <size>0x24</size>
         <input_file_ref idref="fl-36"/>
      </object_component>
      <object_component id="oc-3c2">
         <name>.text:LCD_SetCursor</name>
         <load_address>0x1b8c4</load_address>
         <run_address>0x1b8c4</run_address>
         <size>0x20</size>
         <input_file_ref idref="fl-b"/>
      </object_component>
      <object_component id="oc-3d7">
         <name>.text:LCD_Write_Data_Only</name>
         <load_address>0x1b8e4</load_address>
         <run_address>0x1b8e4</run_address>
         <size>0x20</size>
         <input_file_ref idref="fl-b"/>
      </object_component>
      <object_component id="oc-57d">
         <name>.text:SPI_transmitData</name>
         <load_address>0x1b904</load_address>
         <run_address>0x1b904</run_address>
         <size>0x20</size>
         <input_file_ref idref="fl-34"/>
      </object_component>
      <object_component id="oc-769">
         <name>.text:EUSCI_A_SPI_isBusy</name>
         <load_address>0x1b924</load_address>
         <run_address>0x1b924</run_address>
         <size>0x1c</size>
         <input_file_ref idref="fl-34"/>
      </object_component>
      <object_component id="oc-76f">
         <name>.text:EUSCI_B_SPI_isBusy</name>
         <load_address>0x1b940</load_address>
         <run_address>0x1b940</run_address>
         <size>0x1c</size>
         <input_file_ref idref="fl-34"/>
      </object_component>
      <object_component id="oc-3bb">
         <name>.text:LCD_WriteReg</name>
         <load_address>0x1b95c</load_address>
         <run_address>0x1b95c</run_address>
         <size>0x1c</size>
         <input_file_ref idref="fl-b"/>
      </object_component>
      <object_component id="oc-6f2">
         <name>.text:memccpy</name>
         <load_address>0x1b978</load_address>
         <run_address>0x1b978</run_address>
         <size>0x1c</size>
         <input_file_ref idref="fl-110"/>
      </object_component>
      <object_component id="oc-583">
         <name>.text:SPI_isBusy</name>
         <load_address>0x1b994</load_address>
         <run_address>0x1b994</run_address>
         <size>0x1a</size>
         <input_file_ref idref="fl-34"/>
      </object_component>
      <object_component id="oc-589">
         <name>.text:SPI_receiveData</name>
         <load_address>0x1b9ae</load_address>
         <run_address>0x1b9ae</run_address>
         <size>0x1a</size>
         <input_file_ref idref="fl-34"/>
      </object_component>
      <object_component id="oc-8d5">
         <name>.text:copysign</name>
         <load_address>0x1b9c8</load_address>
         <run_address>0x1b9c8</run_address>
         <size>0x1a</size>
         <input_file_ref idref="fl-ff"/>
      </object_component>
      <object_component id="oc-2a8">
         <name>.text:CS_getMCLK</name>
         <load_address>0x1b9e4</load_address>
         <run_address>0x1b9e4</run_address>
         <size>0x18</size>
         <input_file_ref idref="fl-2d"/>
      </object_component>
      <object_component id="oc-150">
         <name>.text:CS_getSMCLK</name>
         <load_address>0x1b9fc</load_address>
         <run_address>0x1b9fc</run_address>
         <size>0x18</size>
         <input_file_ref idref="fl-2d"/>
      </object_component>
      <object_component id="oc-25f">
         <name>.text:WDT_A_clearTimer</name>
         <load_address>0x1ba14</load_address>
         <run_address>0x1ba14</run_address>
         <size>0x18</size>
         <input_file_ref idref="fl-37"/>
      </object_component>
      <object_component id="oc-265">
         <name>.text:WDT_A_holdTimer</name>
         <load_address>0x1ba2c</load_address>
         <run_address>0x1ba2c</run_address>
         <size>0x18</size>
         <input_file_ref idref="fl-37"/>
      </object_component>
      <object_component id="oc-547">
         <name>.text:_outc</name>
         <load_address>0x1ba44</load_address>
         <run_address>0x1ba44</run_address>
         <size>0x18</size>
         <input_file_ref idref="fl-ee"/>
      </object_component>
      <object_component id="oc-4be">
         <name>.text:_outs</name>
         <load_address>0x1ba5c</load_address>
         <run_address>0x1ba5c</run_address>
         <size>0x18</size>
         <input_file_ref idref="fl-ef"/>
      </object_component>
      <object_component id="oc-527">
         <name>.text</name>
         <load_address>0x1ba74</load_address>
         <run_address>0x1ba74</run_address>
         <size>0x18</size>
         <input_file_ref idref="fl-f3"/>
      </object_component>
      <object_component id="oc-879">
         <name>.text:strchr</name>
         <load_address>0x1ba8c</load_address>
         <run_address>0x1ba8c</run_address>
         <size>0x16</size>
         <input_file_ref idref="fl-111"/>
      </object_component>
      <object_component id="oc-126">
         <name>.text:CS_setExternalClockSourceFrequency</name>
         <load_address>0x1baa4</load_address>
         <run_address>0x1baa4</run_address>
         <size>0x14</size>
         <input_file_ref idref="fl-2d"/>
      </object_component>
      <object_component id="oc-156">
         <name>.text:I2C_isBusBusy</name>
         <load_address>0x1bab8</load_address>
         <run_address>0x1bab8</run_address>
         <size>0x14</size>
         <input_file_ref idref="fl-30"/>
      </object_component>
      <object_component id="oc-e7">
         <name>.text:strcpy</name>
         <load_address>0x1bacc</load_address>
         <run_address>0x1bacc</run_address>
         <size>0x14</size>
         <input_file_ref idref="fl-f9"/>
      </object_component>
      <object_component id="oc-48f">
         <name>.text:strlen</name>
         <load_address>0x1bae0</load_address>
         <run_address>0x1bae0</run_address>
         <size>0x14</size>
         <input_file_ref idref="fl-fa"/>
      </object_component>
      <object_component id="oc-6f8">
         <name>.text:wcslen</name>
         <load_address>0x1baf4</load_address>
         <run_address>0x1baf4</run_address>
         <size>0x12</size>
         <input_file_ref idref="fl-113"/>
      </object_component>
      <object_component id="oc-18c">
         <name>.text:I2C_masterReceiveStart</name>
         <load_address>0x1bb06</load_address>
         <run_address>0x1bb06</run_address>
         <size>0x10</size>
         <input_file_ref idref="fl-30"/>
      </object_component>
      <object_component id="oc-114">
         <name>.text:Interrupt_enableMaster</name>
         <load_address>0x1bb16</load_address>
         <run_address>0x1bb16</run_address>
         <size>0x10</size>
         <input_file_ref idref="fl-31"/>
      </object_component>
      <object_component id="oc-430">
         <name>.text:PCM_gotoLPM4</name>
         <load_address>0x1bb26</load_address>
         <run_address>0x1bb26</run_address>
         <size>0x10</size>
         <input_file_ref idref="fl-32"/>
      </object_component>
      <object_component id="oc-5aa">
         <name>.text:SysCtl_disableNMISource</name>
         <load_address>0x1bb38</load_address>
         <run_address>0x1bb38</run_address>
         <size>0x10</size>
         <input_file_ref idref="fl-35"/>
      </object_component>
      <object_component id="oc-5b6">
         <name>.text:SysCtl_enableNMISource</name>
         <load_address>0x1bb48</load_address>
         <run_address>0x1bb48</run_address>
         <size>0x10</size>
         <input_file_ref idref="fl-35"/>
      </object_component>
      <object_component id="oc-ce">
         <name>.text</name>
         <load_address>0x1bb58</load_address>
         <run_address>0x1bb58</run_address>
         <size>0xe</size>
         <input_file_ref idref="fl-22"/>
      </object_component>
      <object_component id="oc-198">
         <name>.text:I2C_clearInterruptFlag</name>
         <load_address>0x1bb66</load_address>
         <run_address>0x1bb66</run_address>
         <size>0xe</size>
         <input_file_ref idref="fl-30"/>
      </object_component>
      <object_component id="oc-180">
         <name>.text:I2C_disableInterrupt</name>
         <load_address>0x1bb74</load_address>
         <run_address>0x1bb74</run_address>
         <size>0xe</size>
         <input_file_ref idref="fl-30"/>
      </object_component>
      <object_component id="oc-1d">
         <name>.text:decompress:none:__TI_decompress_none</name>
         <load_address>0x1bb82</load_address>
         <run_address>0x1bb82</run_address>
         <size>0xe</size>
         <input_file_ref idref="fl-f6"/>
      </object_component>
      <object_component id="oc-67">
         <name>.text</name>
         <load_address>0x1bb90</load_address>
         <run_address>0x1bb90</run_address>
         <size>0xe</size>
         <input_file_ref idref="fl-4"/>
      </object_component>
      <object_component id="oc-2cc">
         <name>.text:CPU_cpsie</name>
         <load_address>0x1bb9e</load_address>
         <run_address>0x1bb9e</run_address>
         <size>0xc</size>
         <input_file_ref idref="fl-38"/>
      </object_component>
      <object_component id="oc-15c">
         <name>.text:I2C_disableModule</name>
         <load_address>0x1bbaa</load_address>
         <run_address>0x1bbaa</run_address>
         <size>0xc</size>
         <input_file_ref idref="fl-30"/>
      </object_component>
      <object_component id="oc-16e">
         <name>.text:I2C_enableModule</name>
         <load_address>0x1bbb6</load_address>
         <run_address>0x1bbb6</run_address>
         <size>0xc</size>
         <input_file_ref idref="fl-30"/>
      </object_component>
      <object_component id="oc-424">
         <name>.text:PCM_getPowerState</name>
         <load_address>0x1bbc4</load_address>
         <run_address>0x1bbc4</run_address>
         <size>0xc</size>
         <input_file_ref idref="fl-32"/>
      </object_component>
      <object_component id="oc-5a4">
         <name>.text:SysCtl_getNMISourceStatus</name>
         <load_address>0x1bbd0</load_address>
         <run_address>0x1bbd0</run_address>
         <size>0xc</size>
         <input_file_ref idref="fl-35"/>
      </object_component>
      <object_component id="oc-3a0">
         <name>.text:UART_enableModule</name>
         <load_address>0x1bbdc</load_address>
         <run_address>0x1bbdc</run_address>
         <size>0xc</size>
         <input_file_ref idref="fl-36"/>
      </object_component>
      <object_component id="oc-49">
         <name>.text:decompress:ZI:__TI_zero_init</name>
         <load_address>0x1bbe8</load_address>
         <run_address>0x1bbe8</run_address>
         <size>0xc</size>
         <input_file_ref idref="fl-f5"/>
      </object_component>
      <object_component id="oc-3d0">
         <name>.text:LCD_Write_Data_Start</name>
         <load_address>0x1bbf4</load_address>
         <run_address>0x1bbf4</run_address>
         <size>0xa</size>
         <input_file_ref idref="fl-b"/>
      </object_component>
      <object_component id="oc-4c4">
         <name>.text:_outc</name>
         <load_address>0x1bbfe</load_address>
         <run_address>0x1bbfe</run_address>
         <size>0xa</size>
         <input_file_ref idref="fl-ef"/>
      </object_component>
      <object_component id="oc-174">
         <name>.text:I2C_enableInterrupt</name>
         <load_address>0x1bc08</load_address>
         <run_address>0x1bc08</run_address>
         <size>0x8</size>
         <input_file_ref idref="fl-30"/>
      </object_component>
      <object_component id="oc-29c">
         <name>.text:PCM_setCoreVoltageLevel</name>
         <load_address>0x1bc10</load_address>
         <run_address>0x1bc10</run_address>
         <size>0x8</size>
         <input_file_ref idref="fl-32"/>
      </object_component>
      <object_component id="oc-59d">
         <name>.text:PCM_setPowerMode</name>
         <load_address>0x1bc18</load_address>
         <run_address>0x1bc18</run_address>
         <size>0x8</size>
         <input_file_ref idref="fl-32"/>
      </object_component>
      <object_component id="oc-132">
         <name>.text:PCM_setPowerState</name>
         <load_address>0x1bc20</load_address>
         <run_address>0x1bc20</run_address>
         <size>0x8</size>
         <input_file_ref idref="fl-32"/>
      </object_component>
      <object_component id="oc-6fe">
         <name>.text:__aeabi_errno_addr</name>
         <load_address>0x1bc28</load_address>
         <run_address>0x1bc28</run_address>
         <size>0x8</size>
         <input_file_ref idref="fl-112"/>
      </object_component>
      <object_component id="oc-2a2">
         <name>.text:CS_startHFXT</name>
         <load_address>0x1bc30</load_address>
         <run_address>0x1bc30</run_address>
         <size>0x6</size>
         <input_file_ref idref="fl-2d"/>
      </object_component>
      <object_component id="oc-776">
         <name>.text:EUSCI_A_SPI_receiveData</name>
         <load_address>0x1bc36</load_address>
         <run_address>0x1bc36</run_address>
         <size>0x6</size>
         <input_file_ref idref="fl-34"/>
      </object_component>
      <object_component id="oc-77c">
         <name>.text:EUSCI_B_SPI_receiveData</name>
         <load_address>0x1bc3c</load_address>
         <run_address>0x1bc3c</run_address>
         <size>0x6</size>
         <input_file_ref idref="fl-34"/>
      </object_component>
      <object_component id="oc-192">
         <name>.text:I2C_getEnabledInterruptStatus</name>
         <load_address>0x1bc42</load_address>
         <run_address>0x1bc42</run_address>
         <size>0x6</size>
         <input_file_ref idref="fl-30"/>
      </object_component>
      <object_component id="oc-186">
         <name>.text:I2C_getInterruptStatus</name>
         <load_address>0x1bc48</load_address>
         <run_address>0x1bc48</run_address>
         <size>0x6</size>
         <input_file_ref idref="fl-30"/>
      </object_component>
      <object_component id="oc-1a4">
         <name>.text:I2C_masterReceiveMultiByteNext</name>
         <load_address>0x1bc4e</load_address>
         <run_address>0x1bc4e</run_address>
         <size>0x6</size>
         <input_file_ref idref="fl-30"/>
      </object_component>
      <object_component id="oc-520">
         <name>.text:SysCtlDelay</name>
         <load_address>0x1bc54</load_address>
         <run_address>0x1bc54</run_address>
         <size>0x6</size>
         <input_file_ref idref="fl-11"/>
      </object_component>
      <object_component id="oc-5be">
         <name>.text:CPU_wfi</name>
         <load_address>0x1bc5a</load_address>
         <run_address>0x1bc5a</run_address>
         <size>0x4</size>
         <input_file_ref idref="fl-38"/>
      </object_component>
      <object_component id="oc-761">
         <name>.text:EUSCI_A_SPI_transmitData</name>
         <load_address>0x1bc5e</load_address>
         <run_address>0x1bc5e</run_address>
         <size>0x4</size>
         <input_file_ref idref="fl-34"/>
      </object_component>
      <object_component id="oc-75b">
         <name>.text:EUSCI_B_SPI_transmitData</name>
         <load_address>0x1bc62</load_address>
         <run_address>0x1bc62</run_address>
         <size>0x4</size>
         <input_file_ref idref="fl-34"/>
      </object_component>
      <object_component id="oc-168">
         <name>.text:I2C_setSlaveAddress</name>
         <load_address>0x1bc66</load_address>
         <run_address>0x1bc66</run_address>
         <size>0x4</size>
         <input_file_ref idref="fl-30"/>
      </object_component>
      <object_component id="oc-a4">
         <name>.text:_system_pre_init</name>
         <load_address>0x1bc6a</load_address>
         <run_address>0x1bc6a</run_address>
         <size>0x4</size>
         <input_file_ref idref="fl-108"/>
      </object_component>
      <object_component id="oc-1e0">
         <name>.text:abort:abort</name>
         <load_address>0x1bc6e</load_address>
         <run_address>0x1bc6e</run_address>
         <size>0x4</size>
         <input_file_ref idref="fl-10a"/>
      </object_component>
      <object_component id="oc-750">
         <name>.const:AsciiLib</name>
         <load_address>0x1bc74</load_address>
         <run_address>0x1bc74</run_address>
         <size>0x5f0</size>
         <input_file_ref idref="fl-6"/>
      </object_component>
      <object_component id="oc-827">
         <name>.const:.string:_ctypes_</name>
         <load_address>0x1c264</load_address>
         <run_address>0x1c264</run_address>
         <size>0x101</size>
         <input_file_ref idref="fl-10f"/>
      </object_component>
      <object_component id="oc-511">
         <name>.const:.string:INVALID_OFFSET</name>
         <load_address>0x1c365</load_address>
         <run_address>0x1c365</run_address>
         <size>0x3</size>
         <input_file_ref idref="fl-f"/>
      </object_component>
      <object_component id="oc-64f">
         <name>.const:$P$T0$1</name>
         <load_address>0x1c368</load_address>
         <run_address>0x1c368</run_address>
         <size>0xb0</size>
         <input_file_ref idref="fl-20"/>
      </object_component>
      <object_component id="oc-2c8">
         <name>.const:g_pulRegs</name>
         <load_address>0x1c418</load_address>
         <run_address>0x1c418</run_address>
         <size>0x50</size>
         <input_file_ref idref="fl-31"/>
      </object_component>
      <object_component id="oc-2be">
         <name>.const</name>
         <load_address>0x1c468</load_address>
         <run_address>0x1c468</run_address>
         <size>0x40</size>
         <input_file_ref idref="fl-31"/>
      </object_component>
      <object_component id="oc-7a1">
         <name>.const:_SlActionLookupTable</name>
         <load_address>0x1c4a8</load_address>
         <run_address>0x1c4a8</run_address>
         <size>0x38</size>
         <input_file_ref idref="fl-18"/>
      </object_component>
      <object_component id="oc-495">
         <name>.const:$P$T0$1</name>
         <load_address>0x1c4e0</load_address>
         <run_address>0x1c4e0</run_address>
         <size>0x2c</size>
         <input_file_ref idref="fl-16"/>
      </object_component>
      <object_component id="oc-3ac">
         <name>.const:backChannelUart115200Config</name>
         <load_address>0x1c50c</load_address>
         <run_address>0x1c50c</run_address>
         <size>0x24</size>
         <input_file_ref idref="fl-8"/>
      </object_component>
      <object_component id="oc-498">
         <name>.const:$P$T1$2</name>
         <load_address>0x1c530</load_address>
         <run_address>0x1c530</run_address>
         <size>0x14</size>
         <input_file_ref idref="fl-16"/>
      </object_component>
      <object_component id="oc-49b">
         <name>.const:$P$T2$3</name>
         <load_address>0x1c544</load_address>
         <run_address>0x1c544</run_address>
         <size>0xc</size>
         <input_file_ref idref="fl-16"/>
      </object_component>
      <object_component id="oc-514">
         <name>.const:yas532_version_ac_coef</name>
         <load_address>0x1c550</load_address>
         <run_address>0x1c550</run_address>
         <size>0xc</size>
         <input_file_ref idref="fl-f"/>
      </object_component>
      <object_component id="oc-79b">
         <name>.const:g_H2NCnysPattern</name>
         <load_address>0x1c55c</load_address>
         <run_address>0x1c55c</run_address>
         <size>0x8</size>
         <input_file_ref idref="fl-18"/>
      </object_component>
      <object_component id="oc-798">
         <name>.const:g_H2NSyncPattern</name>
         <load_address>0x1c564</load_address>
         <run_address>0x1c564</run_address>
         <size>0x8</size>
         <input_file_ref idref="fl-18"/>
      </object_component>
      <object_component id="oc-518">
         <name>.const:v_calib_data$2</name>
         <load_address>0x1c56c</load_address>
         <run_address>0x1c56c</run_address>
         <size>0x8</size>
         <input_file_ref idref="fl-f"/>
      </object_component>
      <object_component id="oc-38a">
         <name>.const:.string:$P$T0$1</name>
         <load_address>0x1c574</load_address>
         <run_address>0x1c574</run_address>
         <size>0x5</size>
         <input_file_ref idref="fl-e"/>
      </object_component>
      <object_component id="oc-517">
         <name>.const:.string:v_correct_u8$1</name>
         <load_address>0x1c579</load_address>
         <run_address>0x1c579</run_address>
         <size>0x5</size>
         <input_file_ref idref="fl-f"/>
      </object_component>
      <object_component id="oc-79e">
         <name>.const:$P$T0$1</name>
         <load_address>0x1c57e</load_address>
         <run_address>0x1c57e</run_address>
         <size>0x4</size>
         <input_file_ref idref="fl-18"/>
      </object_component>
      <object_component id="oc-6a5">
         <name>.const:$P$T0$1</name>
         <load_address>0x1c582</load_address>
         <run_address>0x1c582</run_address>
         <size>0x4</size>
         <input_file_ref idref="fl-1b"/>
      </object_component>
      <object_component id="oc-5ee">
         <name>.const:$P$T0$1</name>
         <load_address>0x1c586</load_address>
         <run_address>0x1c586</run_address>
         <size>0x4</size>
         <input_file_ref idref="fl-1e"/>
      </object_component>
      <object_component id="oc-5f1">
         <name>.const:$P$T1$2</name>
         <load_address>0x1c58a</load_address>
         <run_address>0x1c58a</run_address>
         <size>0x4</size>
         <input_file_ref idref="fl-1e"/>
      </object_component>
      <object_component id="oc-652">
         <name>.const:$P$T1$2</name>
         <load_address>0x1c58e</load_address>
         <run_address>0x1c58e</run_address>
         <size>0x4</size>
         <input_file_ref idref="fl-20"/>
      </object_component>
      <object_component id="oc-5f7">
         <name>.const:$P$T2$3</name>
         <load_address>0x1c592</load_address>
         <run_address>0x1c592</run_address>
         <size>0x4</size>
         <input_file_ref idref="fl-1e"/>
      </object_component>
      <object_component id="oc-65b">
         <name>.const:$P$T2$3</name>
         <load_address>0x1c596</load_address>
         <run_address>0x1c596</run_address>
         <size>0x4</size>
         <input_file_ref idref="fl-20"/>
      </object_component>
      <object_component id="oc-670">
         <name>.const:$P$T3$4</name>
         <load_address>0x1c59a</load_address>
         <run_address>0x1c59a</run_address>
         <size>0x4</size>
         <input_file_ref idref="fl-20"/>
      </object_component>
      <object_component id="oc-603">
         <name>.const:_SlAcceptCmdCtrl</name>
         <load_address>0x1c59e</load_address>
         <run_address>0x1c59e</run_address>
         <size>0x4</size>
         <input_file_ref idref="fl-1e"/>
      </object_component>
      <object_component id="oc-639">
         <name>.const:_SlDeviceGetCmdCtrl</name>
         <load_address>0x1c5a2</load_address>
         <run_address>0x1c5a2</run_address>
         <size>0x4</size>
         <input_file_ref idref="fl-17"/>
      </object_component>
      <object_component id="oc-63c">
         <name>.const:_SlDeviceSetCmdCtrl</name>
         <load_address>0x1c5a6</load_address>
         <run_address>0x1c5a6</run_address>
         <size>0x4</size>
         <input_file_ref idref="fl-17"/>
      </object_component>
      <object_component id="oc-636">
         <name>.const:_SlEventMaskGetCmdCtrl</name>
         <load_address>0x1c5aa</load_address>
         <run_address>0x1c5aa</run_address>
         <size>0x4</size>
         <input_file_ref idref="fl-17"/>
      </object_component>
      <object_component id="oc-633">
         <name>.const:_SlEventMaskSetCmdCtrl</name>
         <load_address>0x1c5ae</load_address>
         <run_address>0x1c5ae</run_address>
         <size>0x4</size>
         <input_file_ref idref="fl-17"/>
      </object_component>
      <object_component id="oc-6a2">
         <name>.const:_SlGetHostByNameCtrl</name>
         <load_address>0x1c5b2</load_address>
         <run_address>0x1c5b2</run_address>
         <size>0x4</size>
         <input_file_ref idref="fl-1b"/>
      </object_component>
      <object_component id="oc-69f">
         <name>.const:_SlGetHostByServiceCtrl</name>
         <load_address>0x1c5b6</load_address>
         <run_address>0x1c5b6</run_address>
         <size>0x4</size>
         <input_file_ref idref="fl-1b"/>
      </object_component>
      <object_component id="oc-699">
         <name>.const:_SlGetServiceListeCtrl</name>
         <load_address>0x1c5ba</load_address>
         <run_address>0x1c5ba</run_address>
         <size>0x4</size>
         <input_file_ref idref="fl-1b"/>
      </object_component>
      <object_component id="oc-60c">
         <name>.const:_SlGetSockOptCmdCtrl</name>
         <load_address>0x1c5be</load_address>
         <run_address>0x1c5be</run_address>
         <size>0x4</size>
         <input_file_ref idref="fl-1e"/>
      </object_component>
      <object_component id="oc-600">
         <name>.const:_SlListenCmdCtrl</name>
         <load_address>0x1c5c2</load_address>
         <run_address>0x1c5c2</run_address>
         <size>0x4</size>
         <input_file_ref idref="fl-1e"/>
      </object_component>
      <object_component id="oc-6ae">
         <name>.const:_SlNetAppGetCmdCtrl</name>
         <load_address>0x1c5c6</load_address>
         <run_address>0x1c5c6</run_address>
         <size>0x4</size>
         <input_file_ref idref="fl-1b"/>
      </object_component>
      <object_component id="oc-6ab">
         <name>.const:_SlNetAppSendTokenValueCmdCtrl</name>
         <load_address>0x1c5ca</load_address>
         <run_address>0x1c5ca</run_address>
         <size>0x4</size>
         <input_file_ref idref="fl-1b"/>
      </object_component>
      <object_component id="oc-6a8">
         <name>.const:_SlNetAppSetCmdCtrl</name>
         <load_address>0x1c5ce</load_address>
         <run_address>0x1c5ce</run_address>
         <size>0x4</size>
         <input_file_ref idref="fl-1b"/>
      </object_component>
      <object_component id="oc-693">
         <name>.const:_SlNetAppStartCtrl</name>
         <load_address>0x1c5d2</load_address>
         <run_address>0x1c5d2</run_address>
         <size>0x4</size>
         <input_file_ref idref="fl-1b"/>
      </object_component>
      <object_component id="oc-696">
         <name>.const:_SlNetAppStopCtrl</name>
         <load_address>0x1c5d6</load_address>
         <run_address>0x1c5d6</run_address>
         <size>0x4</size>
         <input_file_ref idref="fl-1b"/>
      </object_component>
      <object_component id="oc-689">
         <name>.const:_SlNetCfgGetCmdCtrl</name>
         <load_address>0x1c5da</load_address>
         <run_address>0x1c5da</run_address>
         <size>0x4</size>
         <input_file_ref idref="fl-1c"/>
      </object_component>
      <object_component id="oc-686">
         <name>.const:_SlNetCfgSetCmdCtrl</name>
         <load_address>0x1c5de</load_address>
         <run_address>0x1c5de</run_address>
         <size>0x4</size>
         <input_file_ref idref="fl-1c"/>
      </object_component>
      <object_component id="oc-658">
         <name>.const:_SlPolicyGetCmdCtrl</name>
         <load_address>0x1c5e2</load_address>
         <run_address>0x1c5e2</run_address>
         <size>0x4</size>
         <input_file_ref idref="fl-20"/>
      </object_component>
      <object_component id="oc-655">
         <name>.const:_SlPolicySetCmdCtrl</name>
         <load_address>0x1c5e6</load_address>
         <run_address>0x1c5e6</run_address>
         <size>0x4</size>
         <input_file_ref idref="fl-20"/>
      </object_component>
      <object_component id="oc-661">
         <name>.const:_SlProfileDelCmdCtrl</name>
         <load_address>0x1c5ea</load_address>
         <run_address>0x1c5ea</run_address>
         <size>0x4</size>
         <input_file_ref idref="fl-20"/>
      </object_component>
      <object_component id="oc-65e">
         <name>.const:_SlProfileGetCmdCtrl</name>
         <load_address>0x1c5ee</load_address>
         <run_address>0x1c5ee</run_address>
         <size>0x4</size>
         <input_file_ref idref="fl-20"/>
      </object_component>
      <object_component id="oc-606">
         <name>.const:_SlRecvCmdCtrl</name>
         <load_address>0x1c5f2</load_address>
         <run_address>0x1c5f2</run_address>
         <size>0x4</size>
         <input_file_ref idref="fl-1e"/>
      </object_component>
      <object_component id="oc-5f4">
         <name>.const:_SlRecvfomCmdCtrl</name>
         <load_address>0x1c5f6</load_address>
         <run_address>0x1c5f6</run_address>
         <size>0x4</size>
         <input_file_ref idref="fl-1e"/>
      </object_component>
      <object_component id="oc-69c">
         <name>.const:_SlRegisterServiceCtrl</name>
         <load_address>0x1c5fa</load_address>
         <run_address>0x1c5fa</run_address>
         <size>0x4</size>
         <input_file_ref idref="fl-1b"/>
      </object_component>
      <object_component id="oc-667">
         <name>.const:_SlRxFilterAddtCmdCtrl</name>
         <load_address>0x1c5fe</load_address>
         <run_address>0x1c5fe</run_address>
         <size>0x4</size>
         <input_file_ref idref="fl-20"/>
      </object_component>
      <object_component id="oc-66d">
         <name>.const:_SlRxFilterGetCmdCtrl</name>
         <load_address>0x1c602</load_address>
         <run_address>0x1c602</run_address>
         <size>0x4</size>
         <input_file_ref idref="fl-20"/>
      </object_component>
      <object_component id="oc-66a">
         <name>.const:_SlRxFilterSetCmdCtrl</name>
         <load_address>0x1c606</load_address>
         <run_address>0x1c606</run_address>
         <size>0x4</size>
         <input_file_ref idref="fl-20"/>
      </object_component>
      <object_component id="oc-60f">
         <name>.const:_SlSelectCmdCtrl</name>
         <load_address>0x1c60a</load_address>
         <run_address>0x1c60a</run_address>
         <size>0x4</size>
         <input_file_ref idref="fl-1e"/>
      </object_component>
      <object_component id="oc-5fd">
         <name>.const:_SlSendCmdCtrl</name>
         <load_address>0x1c60e</load_address>
         <run_address>0x1c60e</run_address>
         <size>0x4</size>
         <input_file_ref idref="fl-1e"/>
      </object_component>
      <object_component id="oc-609">
         <name>.const:_SlSetSockOptCmdCtrl</name>
         <load_address>0x1c612</load_address>
         <run_address>0x1c612</run_address>
         <size>0x4</size>
         <input_file_ref idref="fl-1e"/>
      </object_component>
      <object_component id="oc-673">
         <name>.const:_SlSmartConfigStartCmdCtrl</name>
         <load_address>0x1c616</load_address>
         <run_address>0x1c616</run_address>
         <size>0x4</size>
         <input_file_ref idref="fl-20"/>
      </object_component>
      <object_component id="oc-5eb">
         <name>.const:_SlSockCloseCmdCtrl</name>
         <load_address>0x1c61a</load_address>
         <run_address>0x1c61a</run_address>
         <size>0x4</size>
         <input_file_ref idref="fl-1e"/>
      </object_component>
      <object_component id="oc-5e8">
         <name>.const:_SlSockSocketCmdCtrl</name>
         <load_address>0x1c61e</load_address>
         <run_address>0x1c61e</run_address>
         <size>0x4</size>
         <input_file_ref idref="fl-1e"/>
      </object_component>
      <object_component id="oc-630">
         <name>.const:_SlStopCmdCtrl</name>
         <load_address>0x1c622</load_address>
         <run_address>0x1c622</run_address>
         <size>0x4</size>
         <input_file_ref idref="fl-17"/>
      </object_component>
      <object_component id="oc-67c">
         <name>.const:_SlWlanCfgGetCmdCtrl</name>
         <load_address>0x1c626</load_address>
         <run_address>0x1c626</run_address>
         <size>0x4</size>
         <input_file_ref idref="fl-20"/>
      </object_component>
      <object_component id="oc-679">
         <name>.const:_SlWlanCfgSetCmdCtrl</name>
         <load_address>0x1c62a</load_address>
         <run_address>0x1c62a</run_address>
         <size>0x4</size>
         <input_file_ref idref="fl-20"/>
      </object_component>
      <object_component id="oc-664">
         <name>.const:_SlWlanGetNetworkListCtrl</name>
         <load_address>0x1c62e</load_address>
         <run_address>0x1c62e</run_address>
         <size>0x4</size>
         <input_file_ref idref="fl-20"/>
      </object_component>
      <object_component id="oc-676">
[...]
         <value>0x1bc21</value>
         <object_component_ref idref="oc-132"/>
      </symbol>
      <symbol id="sm-1a85">
         <name>PCM_getPowerMode</name>
         <value>0x1b723</value>
         <object_component_ref idref="oc-591"/>
      </symbol>
      <symbol id="sm-1a86">
         <name>PCM_getPowerState</name>
         <value>0x1bbc5</value>
         <object_component_ref idref="oc-424"/>
      </symbol>
      <symbol id="sm-1a87">
         <name>PCM_gotoLPM4</name>
         <value>0x1bb27</value>
         <object_component_ref idref="oc-430"/>
      </symbol>
      <symbol id="sm-1a88">
         <name>PCM_gotoLPM3</name>
         <value>0x1ab69</value>
         <object_component_ref idref="oc-42a"/>
      </symbol>
      <symbol id="sm-1a89">
         <name>PCM_gotoLPM0</name>
         <value>0x1b775</value>
         <object_component_ref idref="oc-442"/>
      </symbol>
      <symbol id="sm-1a8a">
         <name>PCM_setPowerMode</name>
         <value>0x1bc19</value>
         <object_component_ref idref="oc-59d"/>
      </symbol>
      <symbol id="sm-1a97">
         <name>RTC_C_holdClock</name>
         <value>0x1b87d</value>
         <object_component_ref idref="oc-5c5"/>
      </symbol>
      <symbol id="sm-1b01">
         <name>EUSCI_B_SPI_isBusy</name>
         <value>0x1b941</value>
         <object_component_ref idref="oc-76f"/>
      </symbol>
      <symbol id="sm-1b02">
         <name>EUSCI_B_SPI_receiveData</name>
         <value>0x1bc3d</value>
         <object_component_ref idref="oc-77c"/>
      </symbol>
      <symbol id="sm-1b03">
         <name>EUSCI_A_SPI_receiveData</name>
         <value>0x1bc37</value>
         <object_component_ref idref="oc-776"/>
      </symbol>
      <symbol id="sm-1b04">
         <name>EUSCI_A_SPI_transmitData</name>
         <value>0x1bc5f</value>
         <object_component_ref idref="oc-761"/>
      </symbol>
      <symbol id="sm-1b05">
         <name>EUSCI_B_SPI_transmitData</name>
         <value>0x1bc63</value>
         <object_component_ref idref="oc-75b"/>
      </symbol>
      <symbol id="sm-1b06">
         <name>SPI_isBusy</name>
         <value>0x1b995</value>
         <object_component_ref idref="oc-583"/>
      </symbol>
      <symbol id="sm-1b07">
         <name>SPI_transmitData</name>
         <value>0x1b905</value>
         <object_component_ref idref="oc-57d"/>
      </symbol>
      <symbol id="sm-1b08">
         <name>SPI_receiveData</name>
         <value>0x1b9af</value>
         <object_component_ref idref="oc-589"/>
      </symbol>
      <symbol id="sm-1b09">
         <name>EUSCI_A_SPI_isBusy</name>
         <value>0x1b925</value>
         <object_component_ref idref="oc-769"/>
      </symbol>
      <symbol id="sm-1b3c">
         <name>SysCtl_getNMISourceStatus</name>
         <value>0x1bbd1</value>
         <object_component_ref idref="oc-5a4"/>
      </symbol>
      <symbol id="sm-1b3d">
         <name>SysCtl_enableNMISource</name>
         <value>0x1bb49</value>
         <object_component_ref idref="oc-5b6"/>
      </symbol>
      <symbol id="sm-1b3e">
         <name>SysCtl_disableNMISource</name>
         <value>0x1bb39</value>
         <object_component_ref idref="oc-5aa"/>
      </symbol>
      <symbol id="sm-1b3f">
         <name>SysCtl_getTLVInfo</name>
         <value>0x1b14d</value>
         <object_component_ref idref="oc-5d8"/>
      </symbol>
      <symbol id="sm-1b6e">
         <name>UART_enableModule</name>
         <value>0x1bbdd</value>
         <object_component_ref idref="oc-3a0"/>
      </symbol>
      <symbol id="sm-1b6f">
         <name>UART_transmitData</name>
         <value>0x1b8a1</value>
         <object_component_ref idref="oc-38e"/>
      </symbol>
      <symbol id="sm-1b70">
         <name>UART_initModule</name>
         <value>0x1a839</value>
         <object_component_ref idref="oc-39a"/>
      </symbol>
      <symbol id="sm-1b86">
         <name>WDT_A_clearTimer</name>
         <value>0x1ba15</value>
         <object_component_ref idref="oc-25f"/>
      </symbol>
      <symbol id="sm-1b87">
         <name>WDT_A_holdTimer</name>
         <value>0x1ba2d</value>
         <object_component_ref idref="oc-265"/>
      </symbol>
      <symbol id="sm-1b99">
         <name>CPU_wfi</name>
         <value>0x1bc5b</value>
         <object_component_ref idref="oc-5be"/>
      </symbol>
      <symbol id="sm-1b9a">
         <name>CPU_cpsie</name>
         <value>0x1bb9f</value>
         <object_component_ref idref="oc-2cc"/>
      </symbol>
      <symbol id="sm-1bc9">
         <name>snprintf</name>
         <value>0x1b281</value>
         <object_component_ref idref="oc-3a6"/>
      </symbol>
      <symbol id="sm-1beb">
         <name>sprintf</name>
         <value>0x1b4a9</value>
         <object_component_ref idref="oc-326"/>
      </symbol>
      <symbol id="sm-1bf9">
         <name>__aeabi_ldivmod</name>
         <value>0x1ad3f</value>
         <object_component_ref idref="oc-52c"/>
      </symbol>
      <symbol id="sm-1c06">
         <name>__aeabi_uldivmod</name>
         <value>0x1a7a1</value>
         <object_component_ref idref="oc-73d"/>
      </symbol>
      <symbol id="sm-1c15">
         <name>__aeabi_memset</name>
         <value>0x1abe7</value>
         <object_component_ref idref="oc-9e"/>
      </symbol>
      <symbol id="sm-1c16">
         <name>memset</name>
         <value>0x1abed</value>
         <object_component_ref idref="oc-9e"/>
      </symbol>
      <symbol id="sm-1c17">
         <name>__aeabi_memset8</name>
         <value>0x1abe7</value>
         <object_component_ref idref="oc-9e"/>
      </symbol>
      <symbol id="sm-1c18">
         <name>__aeabi_memset4</name>
         <value>0x1abe7</value>
         <object_component_ref idref="oc-9e"/>
      </symbol>
      <symbol id="sm-1c19">
         <name>__aeabi_memclr8</name>
         <value>0x1abe5</value>
         <object_component_ref idref="oc-9e"/>
      </symbol>
      <symbol id="sm-1c1a">
         <name>__aeabi_memclr4</name>
         <value>0x1abe5</value>
         <object_component_ref idref="oc-9e"/>
      </symbol>
      <symbol id="sm-1c1b">
         <name>__aeabi_memclr</name>
         <value>0x1abe5</value>
         <object_component_ref idref="oc-9e"/>
      </symbol>
      <symbol id="sm-1c24">
         <name>__aeabi_lmul</name>
         <value>0x1ba75</value>
         <object_component_ref idref="oc-527"/>
      </symbol>
      <symbol id="sm-1c3f">
         <name>memcpy</name>
         <value>0x1a705</value>
         <object_component_ref idref="oc-37"/>
      </symbol>
      <symbol id="sm-1c40">
         <name>__aeabi_memcpy</name>
         <value>0x1a705</value>
         <object_component_ref idref="oc-37"/>
      </symbol>
      <symbol id="sm-1c41">
         <name>__aeabi_memcpy8</name>
         <value>0x1a705</value>
         <object_component_ref idref="oc-37"/>
      </symbol>
      <symbol id="sm-1c42">
         <name>__aeabi_memcpy4</name>
         <value>0x1a705</value>
         <object_component_ref idref="oc-37"/>
      </symbol>
      <symbol id="sm-1c54">
         <name>__TI_zero_init</name>
         <value>0x1bbe9</value>
         <object_component_ref idref="oc-49"/>
      </symbol>
      <symbol id="sm-1c6b">
         <name>__TI_decompress_none</name>
         <value>0x1bb83</value>
         <object_component_ref idref="oc-1d"/>
      </symbol>
      <symbol id="sm-1c8e">
         <name>__TI_decompress_lzss</name>
         <value>0x1adad</value>
         <object_component_ref idref="oc-17"/>
      </symbol>
      <symbol id="sm-1ca4">
         <name>rand</name>
         <value>0x1b605</value>
         <object_component_ref idref="oc-314"/>
      </symbol>
      <symbol id="sm-1cb2">
         <name>strcpy</name>
         <value>0x1bacd</value>
         <object_component_ref idref="oc-e7"/>
      </symbol>
      <symbol id="sm-1cc0">
         <name>strlen</name>
         <value>0x1bae1</value>
         <object_component_ref idref="oc-48f"/>
      </symbol>
      <symbol id="sm-1cd3">
         <name>__stack</name>
         <value>0x2000fe00</value>
         <object_component_ref idref="oc-29"/>
      </symbol>
      <symbol id="sm-1cd4">
         <name>_c_int00_noargs</name>
         <value>0x1b5d1</value>
         <object_component_ref idref="oc-55"/>
      </symbol>
      <symbol id="sm-1e39">
         <name>__TI_printfi</name>
         <value>0x154a1</value>
         <object_component_ref idref="oc-4b8"/>
      </symbol>
      <symbol id="sm-1e59">
         <name>frexpl</name>
         <value>0x1aedd</value>
         <object_component_ref idref="oc-86d"/>
      </symbol>
      <symbol id="sm-1e5a">
         <name>frexp</name>
         <value>0x1aedd</value>
         <object_component_ref idref="oc-86d"/>
      </symbol>
      <symbol id="sm-1e77">
         <name>scalbn</name>
         <value>0x19d59</value>
         <object_component_ref idref="oc-873"/>
      </symbol>
      <symbol id="sm-1e78">
         <name>scalbnl</name>
         <value>0x19d59</value>
         <object_component_ref idref="oc-873"/>
      </symbol>
      <symbol id="sm-1e79">
         <name>ldexpl</name>
         <value>0x19d59</value>
         <object_component_ref idref="oc-873"/>
      </symbol>
      <symbol id="sm-1e7a">
         <name>ldexp</name>
         <value>0x19d59</value>
         <object_component_ref idref="oc-873"/>
      </symbol>
      <symbol id="sm-1e84">
         <name>copysign</name>
         <value>0x1b9c9</value>
         <object_component_ref idref="oc-8d5"/>
      </symbol>
      <symbol id="sm-1e85">
         <name>copysignl</name>
         <value>0x1b9c9</value>
         <object_component_ref idref="oc-8d5"/>
      </symbol>
      <symbol id="sm-1e8f">
         <name>__aeabi_idiv0</name>
         <value>0x19607</value>
         <object_component_ref idref="oc-738"/>
      </symbol>
      <symbol id="sm-1e90">
         <name>__aeabi_ldiv0</name>
         <value>0x19607</value>
         <object_component_ref idref="oc-738"/>
      </symbol>
      <symbol id="sm-1ea7">
         <name>__aeabi_dsub</name>
         <value>0x192b1</value>
         <object_component_ref idref="oc-84d"/>
      </symbol>
      <symbol id="sm-1ea8">
         <name>__aeabi_dadd</name>
         <value>0x192bb</value>
         <object_component_ref idref="oc-84d"/>
      </symbol>
      <symbol id="sm-1eca">
         <name>__aeabi_cdcmpeq</name>
         <value>0x1a959</value>
         <object_component_ref idref="oc-6d5"/>
      </symbol>
      <symbol id="sm-1ecb">
         <name>__aeabi_cdcmple</name>
         <value>0x1a959</value>
         <object_component_ref idref="oc-6d5"/>
      </symbol>
      <symbol id="sm-1ecc">
         <name>__aeabi_cdrcmple</name>
         <value>0x1a9df</value>
         <object_component_ref idref="oc-838"/>
      </symbol>
      <symbol id="sm-1ee0">
         <name>__aeabi_ddiv</name>
         <value>0x198bd</value>
         <object_component_ref idref="oc-833"/>
      </symbol>
      <symbol id="sm-1eeb">
         <name>__aeabi_dmul</name>
         <value>0x1a06b</value>
         <object_component_ref idref="oc-82e"/>
      </symbol>
      <symbol id="sm-1ef5">
         <name>__aeabi_d2iz</name>
         <value>0x1b35d</value>
         <object_component_ref idref="oc-83d"/>
      </symbol>
      <symbol id="sm-1eff">
         <name>__aeabi_i2d</name>
         <value>0x1b6c9</value>
         <object_component_ref idref="oc-848"/>
      </symbol>
      <symbol id="sm-1f27">
         <name>__TI_auto_init_nobinit_nopinit</name>
         <value>0x1b3a5</value>
         <object_component_ref idref="oc-1ec"/>
      </symbol>
      <symbol id="sm-1f31">
         <name>_system_pre_init</name>
         <value>0x1bc6b</value>
         <object_component_ref idref="oc-a4"/>
      </symbol>
      <symbol id="sm-1f3d">
         <name>C$$EXIT</name>
         <value>0x1bc6f</value>
         <object_component_ref idref="oc-1e0"/>
      </symbol>
      <symbol id="sm-1f3e">
         <name>abort</name>
         <value>0x1bc6f</value>
         <object_component_ref idref="oc-1e0"/>
      </symbol>
      <symbol id="sm-1f53">
         <name>_nop</name>
         <value>0x15eef</value>
         <object_component_ref idref="oc-4d3"/>
      </symbol>
      <symbol id="sm-1f54">
         <name>_lock</name>
         <value>0x20009328</value>
         <object_component_ref idref="oc-337"/>
      </symbol>
      <symbol id="sm-1f55">
         <name>_unlock</name>
         <value>0x2000932c</value>
         <object_component_ref idref="oc-337"/>
      </symbol>
      <symbol id="sm-1f64">
         <name>__TI_ltoa</name>
         <value>0x1b057</value>
         <object_component_ref idref="oc-842"/>
      </symbol>
      <symbol id="sm-1f7b">
         <name>atoi</name>
         <value>0x1b235</value>
         <object_component_ref idref="oc-6c9"/>
      </symbol>
      <symbol id="sm-1f86">
         <name>_ctypes_</name>
         <value>0x1c264</value>
         <object_component_ref idref="oc-827"/>
      </symbol>
      <symbol id="sm-1f96">
         <name>memccpy</name>
         <value>0x1b979</value>
         <object_component_ref idref="oc-6f2"/>
      </symbol>
      <symbol id="sm-1fa6">
         <name>strchr</name>
         <value>0x1ba8d</value>
         <object_component_ref idref="oc-879"/>
      </symbol>
      <symbol id="sm-1fbc">
         <name>__aeabi_errno_addr</name>
         <value>0x1bc29</value>
         <object_component_ref idref="oc-6fe"/>
      </symbol>
      <symbol id="sm-1fbd">
         <name>errno</name>
         <value>0x2000933c</value>
         <object_component_ref idref="oc-889"/>
      </symbol>
      <symbol id="sm-1fd6">
         <name>wcslen</name>
         <value>0x1baf5</value>
         <object_component_ref idref="oc-6f8"/>
      </symbol>
      <symbol id="sm-1fd7">
         <name>__TI_static_base__</name>
         <value>0x0</value>
      </symbol>
      <symbol id="sm-1fda">
         <name>__mpu_init</name>
         <value>0x0</value>
      </symbol>
      <symbol id="sm-1fdb">
         <name>_system_post_cinit</name>
         <value>0x0</value>
      </symbol>
      <symbol id="sm-1fdc">
         <name>NMI_Handler</name>
         <value>0x1bb9d</value>
      </symbol>
      <symbol id="sm-1fdd">
         <name>HardFault_Handler</name>
         <value>0x1bb9d</value>
      </symbol>
      <symbol id="sm-1fde">
         <name>MemManage_Handler</name>
         <value>0x1bb9d</value>
      </symbol>
      <symbol id="sm-1fdf">
         <name>BusFault_Handler</name>
         <value>0x1bb9d</value>
      </symbol>
      <symbol id="sm-1fe0">
         <name>UsageFault_Handler</name>
         <value>0x1bb9d</value>
      </symbol>
      <symbol id="sm-1fe1">
         <name>SVC_Handler</name>
         <value>0x1bb9d</value>
      </symbol>
      <symbol id="sm-1fe2">
         <name>DebugMon_Handler</name>
         <value>0x1bb9d</value>
      </symbol>
      <symbol id="sm-1fe3">
         <name>PendSV_Handler</name>
         <value>0x1af5f</value>
      </symbol>
      <symbol id="sm-1fe4">
         <name>SysTick_Handler</name>
         <value>0x16029</value>
      </symbol>
      <symbol id="sm-1fe5">
         <name>PSS_IRQHandler</name>
         <value>0x1bb9d</value>
      </symbol>
      <symbol id="sm-1fe6">
         <name>CS_IRQHandler</name>
         <value>0x1bb9d</value>
      </symbol>
      <symbol id="sm-1fe7">
         <name>PCM_IRQHandler</name>
         <value>0x1bb9d</value>
      </symbol>
      <symbol id="sm-1fe8">
         <name>WDT_A_IRQHandler</name>
         <value>0x1bb9d</value>
      </symbol>
      <symbol id="sm-1fe9">
         <name>FPU_IRQHandler</name>
         <value>0x1bb9d</value>
      </symbol>
      <symbol id="sm-1fea">
         <name>FLCTL_IRQHandler</name>
         <value>0x1bb9d</value>
      </symbol>
      <symbol id="sm-1feb">
         <name>COMP_E0_IRQHandler</name>
         <value>0x1bb9d</value>
      </symbol>
      <symbol id="sm-1fec">
         <name>COMP_E1_IRQHandler</name>
         <value>0x1bb9d</value>
      </symbol>
      <symbol id="sm-1fed">
         <name>TA0_0_IRQHandler</name>
         <value>0x1bb9d</value>
      </symbol>
      <symbol id="sm-1fee">
         <name>TA0_N_IRQHandler</name>
         <value>0x1bb9d</value>
      </symbol>
      <symbol id="sm-1fef">
         <name>TA1_0_IRQHandler</name>
         <value>0x1bb9d</value>
      </symbol>
      <symbol id="sm-1ff0">
         <name>TA1_N_IRQHandler</name>
         <value>0x1bb9d</value>
      </symbol>
      <symbol id="sm-1ff1">
         <name>TA2_0_IRQHandler</name>
         <value>0x1bb9d</value>
      </symbol>
      <symbol id="sm-1ff2">
         <name>TA2_N_IRQHandler</name>
         <value>0x1bb9d</value>
      </symbol>
      <symbol id="sm-1ff3">
         <name>TA3_0_IRQHandler</name>
         <value>0x1bb9d</value>
      </symbol>
      <symbol id="sm-1ff4">
         <name>TA3_N_IRQHandler</name>
         <value>0x1bb9d</value>
      </symbol>
      <symbol id="sm-1ff5">
         <name>EUSCIA0_IRQHandler</name>
         <value>0x17ee1</value>
      </symbol>
      <symbol id="sm-1ff6">
         <name>EUSCIA1_IRQHandler</name>
         <value>0x1bb9d</value>
      </symbol>
      <symbol id="sm-1ff7">
         <name>EUSCIA2_IRQHandler</name>
         <value>0x1bb9d</value>
      </symbol>
      <symbol id="sm-1ff8">
         <name>EUSCIA3_IRQHandler</name>
         <value>0x1bb9d</value>
      </symbol>
      <symbol id="sm-1ff9">
         <name>EUSCIB0_IRQHandler</name>
         <value>0x1bb9d</value>
      </symbol>
      <symbol id="sm-1ffa">
         <name>EUSCIB1_IRQHandler</name>
         <value>0x17b19</value>
      </symbol>
      <symbol id="sm-1ffb">
         <name>EUSCIB2_IRQHandler</name>
         <value>0x1bb9d</value>
      </symbol>
      <symbol id="sm-1ffc">
         <name>EUSCIB3_IRQHandler</name>
         <value>0x1bb9d</value>
      </symbol>
      <symbol id="sm-1ffd">
         <name>ADC14_IRQHandler</name>
         <value>0x1bb9d</value>
      </symbol>
      <symbol id="sm-1ffe">
         <name>T32_INT1_IRQHandler</name>
         <value>0x1bb9d</value>
      </symbol>
      <symbol id="sm-1fff">
         <name>T32_INT2_IRQHandler</name>
         <value>0x1bb9d</value>
      </symbol>
      <symbol id="sm-2000">
         <name>T32_INTC_IRQHandler</name>
         <value>0x1bb9d</value>
      </symbol>
      <symbol id="sm-2001">
         <name>AES256_IRQHandler</name>
         <value>0x1bb9d</value>
      </symbol>
      <symbol id="sm-2002">
         <name>RTC_C_IRQHandler</name>
         <value>0x1bb9d</value>
      </symbol>
      <symbol id="sm-2003">
         <name>DMA_ERR_IRQHandler</name>
         <value>0x1bb9d</value>
      </symbol>
      <symbol id="sm-2004">
         <name>DMA_INT3_IRQHandler</name>
         <value>0x1bb9d</value>
      </symbol>
      <symbol id="sm-2005">
         <name>DMA_INT2_IRQHandler</name>
         <value>0x1bb9d</value>
      </symbol>
      <symbol id="sm-2006">
         <name>DMA_INT1_IRQHandler</name>
         <value>0x1bb9d</value>
      </symbol>
      <symbol id="sm-2007">
         <name>DMA_INT0_IRQHandler</name>
         <value>0x1bb9d</value>
      </symbol>
      <symbol id="sm-2008">
         <name>PORT1_IRQHandler</name>
         <value>0x17e91</value>
      </symbol>
      <symbol id="sm-2009">
         <name>PORT2_IRQHandler</name>
         <value>0x17ebb</value>
      </symbol>
      <symbol id="sm-200a">
         <name>PORT3_IRQHandler</name>
         <value>0x1bb9d</value>
      </symbol>
      <symbol id="sm-200b">
         <name>PORT4_IRQHandler</name>
         <value>0x1bb9d</value>
      </symbol>
      <symbol id="sm-200c">
         <name>PORT5_IRQHandler</name>
         <value>0x1bb9d</value>
      </symbol>
      <symbol id="sm-200d">
         <name>PORT6_IRQHandler</name>
         <value>0x1bb9d</value>
      </symbol>
   </symbol_table>
   <title>Link successful</title>
</link_info>
