******************************************************************************
                  TI ARM Linker Unix v20.2.4                   
******************************************************************************
>> Linked Wed Apr 28 23:35:30 2021

OUTPUT FILE NAME:   <Lab5.out>
ENTRY POINT SYMBOL: "_c_int00_noargs"  address: 0001b5d1


MEMORY CONFIGURATION

         name            origin    length      used     unused   attr    fill
----------------------  --------  ---------  --------  --------  ----  --------
  MAIN                  00000000   00040000  0001c6ac  00023954  R  X
  INFO                  00200000   00004000  00000000  00004000  R  X
  SRAM_CODE             01000000   00010000  00009545  00006abb  RW X
  SRAM_DATA             20000000   00010000  00009545  00006abb  RW  


SEGMENT ALLOCATION MAP

run origin  load origin   length   init length attrs members
----------  ----------- ---------- ----------- ----- -------
00000000    00000000    0001c6b0   0001c6b0    r-x
  00000000    00000000    000000e4   000000e4    r-- .intvecs
  000000e4    000000e4    0001bb8e   0001bb8e    r-x .text
  0001bc74    0001bc74    000009c2   000009c2    r-- .const
  0001c638    0001c638    00000078   00000078    r-- .cinit
20000000    20000000    00009348   00000000    rw-
  20000000    20000000    00008ec1   00000000    rw- .bss
  20008ec4    20008ec4    00000484   00000000    rw- .data
2000fe00    2000fe00    00000200   00000000    rw-
  2000fe00    2000fe00    00000200   00000000    rw- .stack


SECTION ALLOCATION MAP

 output                                  attributes/
section   page    origin      length       input sections
--------  ----  ----------  ----------   ----------------
.intvecs   0    00000000    000000e4     
                  00000000    000000e4     startup_msp432p401r_ccs.obj (.intvecs:retain)

.text      0    000000e4    0001bb8e     
                  000000e4    0000d5e0     bmi160.obj (.text)
                  0000d6c4    00002034     driver.obj (.text)
                  0000f6f8    00001810     bme280.obj (.text)
                  00010f08    000014a0     Game.obj (.text)
                  000123a8    00000ed4     socket.obj (.text)
                  0001327c    00000c28     bmi160_support.obj (.text)
                  00013ea4    00000b3c     netapp.obj (.text)
                  000149e0    00000ac0     wlan.obj (.text)
                  000154a0    00000a4e     rtsv7M4_T_le_v4SPD16_eabi.lib : _printfi.c.obj (.text:__TI_printfi)
                  00015eee    00000002                                   : _lock.c.obj (.text:_nop)
                  00015ef0    00000798     G8RTOS_Scheduler.obj (.text)
                  00016688    00000690     cc3100_usage.obj (.text)
                  00016d18    000005b8     device.obj (.text)
                  000172d0    000005b0     LCDLib.obj (.text)
                  00017880    00000360     i2c_driver.obj (.text)
                  00017be0    00000350     board.obj (.text)
                  00017f30    00000334     system_msp432p401r.obj (.text)
                  00018264    000002f8     BackChannelUart.obj (.text)
                  0001855c    000002e0     bme280_support.obj (.text)
                  0001883c    00000270     rtsv7M4_T_le_v4SPD16_eabi.lib : _printfi.c.obj (.text:_pconv_a)
                  00018aac    00000234     tmp007.obj (.text)
                  00018ce0    00000210     spi_cc3100.obj (.text)
                  00018ef0    000001f0     RGBLeds.obj (.text)
                  000190e0    000001d0     rtsv7M4_T_le_v4SPD16_eabi.lib : _printfi.c.obj (.text:_pconv_g)
                  000192b0    000001b6                                   : fd_add_t2.asm.obj (.text)
                  00019466    000001a0     msp432p4xx_driverlib.lib : pcm.o (.text:__PCM_setPowerStateAdvanced)
                  00019606    00000002     rtsv7M4_T_le_v4SPD16_eabi.lib : div0.asm.obj (.text)
                  00019608    00000178     Joystick.obj (.text)
                  00019780    0000013c     rtsv7M4_T_le_v4SPD16_eabi.lib : _printfi.c.obj (.text:_pconv_e)
                  000198bc    00000136                                   : fd_div_t2.asm.obj (.text)
                  000199f2    00000002     --HOLE-- [fill = 0]
                  000199f4    00000130     nonos.obj (.text)
                  00019b24    00000124     rtsv7M4_T_le_v4SPD16_eabi.lib : _printfi.c.obj (.text:fcvt)
                  00019c48    00000110     netcfg.obj (.text)
                  00019d58    00000110     rtsv7M4_T_le_v4SPD16_eabi.lib : s_scalbn.c.obj (.text:scalbn)
                  00019e68    00000104     msp432p4xx_driverlib.lib : cs.o (.text:CS_getDCOFrequency)
                  00019f6c    000000fe     opt3001.obj (.text)
                  0001a06a    000000fc     rtsv7M4_T_le_v4SPD16_eabi.lib : fd_mul_t2.asm.obj (.text)
                  0001a166    00000002     --HOLE-- [fill = 0]
                  0001a168    000000e0     msp432p4xx_driverlib.lib : cs.o (.text:CS_initClockSignal)
                  0001a248    000000dc                              : pcm.o (.text:__PCM_setPowerModeAdvanced)
                  0001a324    000000b1     rtsv7M4_T_le_v4SPD16_eabi.lib : _printfi.c.obj (.text:_ltostr)
                  0001a3d5    00000003     --HOLE-- [fill = 0]
                  0001a3d8    000000b0     msp432p4xx_driverlib.lib : pcm.o (.text:__PCM_setCoreVoltageLevelAdvanced)
                  0001a488    000000a4     LCDLib.obj (.text:PutChar)
                  0001a52c    000000a0     G8RTOS_Semaphores.obj (.text)
                  0001a5cc    0000009c     msp432p4xx_driverlib.lib : cs.o (.text:CS_startHFXTWithTimeout)
                  0001a668    0000009c                              : cs.o (.text:_CSComputeCLKFrequency)
                  0001a704    0000009c     rtsv7M4_T_le_v4SPD16_eabi.lib : memcpy_t2.asm.obj (.text)
                  0001a7a0    00000096                                   : ull_div_t2.asm.obj (.text)
                  0001a836    00000002     --HOLE-- [fill = 0]
                  0001a838    00000094     msp432p4xx_driverlib.lib : uart.o (.text:UART_initModule)
                  0001a8cc    0000008c     main.obj (.text)
                  0001a958    00000086     rtsv7M4_T_le_v4SPD16_eabi.lib : fd_cmp_t2.asm.obj (.text:__aeabi_cdcmple)
                  0001a9de    00000086                                   : fd_cmp_t2.asm.obj (.text:__aeabi_cdrcmple)
                  0001aa64    00000084     ClockSys.obj (.text)
                  0001aae8    00000080     flowcont.obj (.text)
                  0001ab68    0000007c     msp432p4xx_driverlib.lib : pcm.o (.text:PCM_gotoLPM3)
                  0001abe4    0000007a     rtsv7M4_T_le_v4SPD16_eabi.lib : memset_t2.asm.obj (.text)
                  0001ac5e    00000002     --HOLE-- [fill = 0]
                  0001ac60    00000070     msp432p4xx_driverlib.lib : cs.o (.text:_CSGetHFXTFrequency)
                  0001acd0    0000006e     rtsv7M4_T_le_v4SPD16_eabi.lib : _printfi.c.obj (.text:_mcpy)
                  0001ad3e    0000006e                                   : ll_div_t2.asm.obj (.text)
                  0001adac    00000068                                   : copy_decompress_lzss.c.obj (.text:decompress:lzss:__TI_decompress_lzss)
                  0001ae14    00000064     msp432p4xx_driverlib.lib : interrupt.o (.text:Interrupt_disableInterrupt)
                  0001ae78    00000064                              : interrupt.o (.text:Interrupt_enableInterrupt)
                  0001aedc    00000064     rtsv7M4_T_le_v4SPD16_eabi.lib : s_frexp.c.obj (.text:frexp)
                  0001af40    00000060     G8RTOS_SchedulerASM.obj (.text)
                  0001afa0    00000060     LCDLib.obj (.text:LCD_ReadData)
                  0001b000    00000056     rtsv7M4_T_le_v4SPD16_eabi.lib : _printfi.c.obj (.text:_pconv_f)
                  0001b056    00000054                                   : _ltoa.c.obj (.text:__TI_ltoa)
                  0001b0aa    00000052                                   : _printfi.c.obj (.text:_ecpy)
                  0001b0fc    00000050     msp432p4xx_driverlib.lib : pcm.o (.text:PCM_shutdownDevice)
                  0001b14c    00000050                              : sysctl.o (.text:SysCtl_getTLVInfo)
                  0001b19c    0000004c                              : gpio.o (.text:GPIO_setAsPeripheralModuleFunctionOutputPin)
                  0001b1e8    0000004c                              : cs.o (.text:_CSGetDOCFrequency)
                  0001b234    0000004c     rtsv7M4_T_le_v4SPD16_eabi.lib : atoi.c.obj (.text:atoi)
                  0001b280    0000004c                                   : snprintf.c.obj (.text:snprintf)
                  0001b2cc    00000048     msp432p4xx_driverlib.lib : gpio.o (.text:GPIO_setAsPeripheralModuleFunctionInputPin)
                  0001b314    00000048                              : cs.o (.text:_CSGetDividerValue)
                  0001b35c    00000048     rtsv7M4_T_le_v4SPD16_eabi.lib : fd_toi_t2.asm.obj (.text)
                  0001b3a4    00000044                                   : autoinit.c.obj (.text:__TI_auto_init_nobinit_nopinit:__TI_auto_init_nobinit_nopinit)
                  0001b3e8    00000040     AsciiLib.obj (.text)
                  0001b428    00000040     BSP.obj (.text)
                  0001b468    00000040     LCDLib.obj (.text:LCD_WriteData)
                  0001b4a8    00000040     rtsv7M4_T_le_v4SPD16_eabi.lib : sprintf.c.obj (.text:sprintf)
                  0001b4e8    0000003e     msp432p4xx_driverlib.lib : i2c.o (.text:I2C_initMaster)
                  0001b526    0000003e     rtsv7M4_T_le_v4SPD16_eabi.lib : _printfi.c.obj (.text:_fcpy)
                  0001b564    00000038     msp432p4xx_driverlib.lib : i2c.o (.text:I2C_masterSendMultiByteStart)
                  0001b59c    00000034     LCDLib.obj (.text:LCD_WriteIndex)
                  0001b5d0    00000034     rtsv7M4_T_le_v4SPD16_eabi.lib : boot_cortex_m.c.obj (.text:_c_int00_noargs:_c_int00_noargs)
                  0001b604    00000034                                   : rand.c.obj (.text:rand)
                  0001b638    00000030     msp432p4xx_driverlib.lib : i2c.o (.text:I2C_masterSendMultiByteStop)
                  0001b668    00000030     rtsv7M4_T_le_v4SPD16_eabi.lib : snprintf.c.obj (.text:_outs)
                  0001b698    00000030     msp432p4xx_driverlib.lib : spi.o (.text:is_A_Module)
                  0001b6c8    0000002e     rtsv7M4_T_le_v4SPD16_eabi.lib : i_tofd_t2.asm.obj (.text)
                  0001b6f6    0000002c     msp432p4xx_driverlib.lib : pcm.o (.text:PCM_getCoreVoltageLevel)
                  0001b722    0000002a                              : pcm.o (.text:PCM_getPowerMode)
                  0001b74c    00000028                              : flash.o (.text:FlashCtl_setWaitState)
                  0001b774    00000028                              : pcm.o (.text:PCM_gotoLPM0)
                  0001b79c    00000028     LCDLib.obj (.text:SPISendRecvByte)
                  0001b7c4    00000026     demo_sysctl.obj (.text)
                  0001b7ea    00000002     --HOLE-- [fill = 0]
                  0001b7ec    00000024     msp432p4xx_driverlib.lib : cs.o (.text:CS_clearInterruptFlag)
                  0001b810    00000024                              : cs.o (.text:CS_setDCOCenteredFrequency)
                  0001b834    00000024                              : i2c.o (.text:I2C_masterSendMultiByteNext)
                  0001b858    00000024                              : interrupt.o (.text:Interrupt_setPriority)
                  0001b87c    00000024                              : rtc_c.o (.text:RTC_C_holdClock)
                  0001b8a0    00000024                              : uart.o (.text:UART_transmitData)
                  0001b8c4    00000020     LCDLib.obj (.text:LCD_SetCursor)
                  0001b8e4    00000020     LCDLib.obj (.text:LCD_Write_Data_Only)
                  0001b904    00000020     msp432p4xx_driverlib.lib : spi.o (.text:SPI_transmitData)
                  0001b924    0000001c                              : spi.o (.text:EUSCI_A_SPI_isBusy)
                  0001b940    0000001c                              : spi.o (.text:EUSCI_B_SPI_isBusy)
                  0001b95c    0000001c     LCDLib.obj (.text:LCD_WriteReg)
                  0001b978    0000001c     rtsv7M4_T_le_v4SPD16_eabi.lib : memccpy.c.obj (.text:memccpy)
                  0001b994    0000001a     msp432p4xx_driverlib.lib : spi.o (.text:SPI_isBusy)
                  0001b9ae    0000001a                              : spi.o (.text:SPI_receiveData)
                  0001b9c8    0000001a     rtsv7M4_T_le_v4SPD16_eabi.lib : s_copysign.c.obj (.text:copysign)
                  0001b9e2    00000002     --HOLE-- [fill = 0]
                  0001b9e4    00000018     msp432p4xx_driverlib.lib : cs.o (.text:CS_getMCLK)
                  0001b9fc    00000018                              : cs.o (.text:CS_getSMCLK)
                  0001ba14    00000018                              : wdt_a.o (.text:WDT_A_clearTimer)
                  0001ba2c    00000018                              : wdt_a.o (.text:WDT_A_holdTimer)
                  0001ba44    00000018     rtsv7M4_T_le_v4SPD16_eabi.lib : snprintf.c.obj (.text:_outc)
                  0001ba5c    00000018                                   : sprintf.c.obj (.text:_outs)
                  0001ba74    00000018                                   : ll_mul_t2.asm.obj (.text)
                  0001ba8c    00000016                                   : strchr.c.obj (.text:strchr)
                  0001baa2    00000002     --HOLE-- [fill = 0]
                  0001baa4    00000014     msp432p4xx_driverlib.lib : cs.o (.text:CS_setExternalClockSourceFrequency)
                  0001bab8    00000014                              : i2c.o (.text:I2C_isBusBusy)
                  0001bacc    00000014     rtsv7M4_T_le_v4SPD16_eabi.lib : strcpy.c.obj (.text:strcpy)
                  0001bae0    00000014                                   : strlen.c.obj (.text:strlen)
                  0001baf4    00000012                                   : wcslen.c.obj (.text:wcslen)
                  0001bb06    00000010     msp432p4xx_driverlib.lib : i2c.o (.text:I2C_masterReceiveStart)
                  0001bb16    00000010                              : interrupt.o (.text:Interrupt_enableMaster)
                  0001bb26    00000010                              : pcm.o (.text:PCM_gotoLPM4)
                  0001bb36    00000002     --HOLE-- [fill = 0]
                  0001bb38    00000010                              : sysctl.o (.text:SysCtl_disableNMISource)
                  0001bb48    00000010                              : sysctl.o (.text:SysCtl_enableNMISource)
                  0001bb58    0000000e     G8RTOS_CriticalSection.obj (.text)
                  0001bb66    0000000e     msp432p4xx_driverlib.lib : i2c.o (.text:I2C_clearInterruptFlag)
                  0001bb74    0000000e                              : i2c.o (.text:I2C_disableInterrupt)
                  0001bb82    0000000e     rtsv7M4_T_le_v4SPD16_eabi.lib : copy_decompress_none.c.obj (.text:decompress:none:__TI_decompress_none)
                  0001bb90    0000000e     startup_msp432p401r_ccs.obj (.text)
                  0001bb9e    0000000c     msp432p4xx_driverlib.lib : cpu.o (.text:CPU_cpsie)
                  0001bbaa    0000000c                              : i2c.o (.text:I2C_disableModule)
                  0001bbb6    0000000c                              : i2c.o (.text:I2C_enableModule)
                  0001bbc2    00000002     --HOLE-- [fill = 0]
                  0001bbc4    0000000c                              : pcm.o (.text:PCM_getPowerState)
                  0001bbd0    0000000c                              : sysctl.o (.text:SysCtl_getNMISourceStatus)
                  0001bbdc    0000000c                              : uart.o (.text:UART_enableModule)
                  0001bbe8    0000000c     rtsv7M4_T_le_v4SPD16_eabi.lib : copy_zero_init.c.obj (.text:decompress:ZI:__TI_zero_init)
                  0001bbf4    0000000a     LCDLib.obj (.text:LCD_Write_Data_Start)
                  0001bbfe    0000000a     rtsv7M4_T_le_v4SPD16_eabi.lib : sprintf.c.obj (.text:_outc)
                  0001bc08    00000008     msp432p4xx_driverlib.lib : i2c.o (.text:I2C_enableInterrupt)
                  0001bc10    00000008                              : pcm.o (.text:PCM_setCoreVoltageLevel)
                  0001bc18    00000008                              : pcm.o (.text:PCM_setPowerMode)
                  0001bc20    00000008                              : pcm.o (.text:PCM_setPowerState)
                  0001bc28    00000008     rtsv7M4_T_le_v4SPD16_eabi.lib : errno.c.obj (.text:__aeabi_errno_addr)
                  0001bc30    00000006     msp432p4xx_driverlib.lib : cs.o (.text:CS_startHFXT)
                  0001bc36    00000006                              : spi.o (.text:EUSCI_A_SPI_receiveData)
                  0001bc3c    00000006                              : spi.o (.text:EUSCI_B_SPI_receiveData)
                  0001bc42    00000006                              : i2c.o (.text:I2C_getEnabledInterruptStatus)
                  0001bc48    00000006                              : i2c.o (.text:I2C_getInterruptStatus)
                  0001bc4e    00000006                              : i2c.o (.text:I2C_masterReceiveMultiByteNext)
                  0001bc54    00000006     demo_sysctl.obj (.text:SysCtlDelay)
                  0001bc5a    00000004     msp432p4xx_driverlib.lib : cpu.o (.text:CPU_wfi)
                  0001bc5e    00000004                              : spi.o (.text:EUSCI_A_SPI_transmitData)
                  0001bc62    00000004                              : spi.o (.text:EUSCI_B_SPI_transmitData)
                  0001bc66    00000004                              : i2c.o (.text:I2C_setSlaveAddress)
                  0001bc6a    00000004     rtsv7M4_T_le_v4SPD16_eabi.lib : pre_init.c.obj (.text:_system_pre_init)
                  0001bc6e    00000004                                   : exit.c.obj (.text:abort:abort)

.const     0    0001bc74    000009c2     
                  0001bc74    000005f0     AsciiLib.obj (.const:AsciiLib)
                  0001c264    00000101     rtsv7M4_T_le_v4SPD16_eabi.lib : ctype.c.obj (.const:.string:_ctypes_)
                  0001c365    00000003     bmi160.obj (.const:.string:INVALID_OFFSET)
                  0001c368    000000b0     wlan.obj (.const:$P$T0$1)
                  0001c418    00000050     msp432p4xx_driverlib.lib : interrupt.o (.const:g_pulRegs)
                  0001c468    00000040                              : interrupt.o (.const)
                  0001c4a8    00000038     driver.obj (.const:_SlActionLookupTable)
                  0001c4e0    0000002c     cc3100_usage.obj (.const:$P$T0$1)
                  0001c50c    00000024     BackChannelUart.obj (.const:backChannelUart115200Config)
                  0001c530    00000014     cc3100_usage.obj (.const:$P$T1$2)
                  0001c544    0000000c     cc3100_usage.obj (.const:$P$T2$3)
                  0001c550    0000000c     bmi160.obj (.const:yas532_version_ac_coef)
                  0001c55c    00000008     driver.obj (.const:g_H2NCnysPattern)
                  0001c564    00000008     driver.obj (.const:g_H2NSyncPattern)
                  0001c56c    00000008     bmi160.obj (.const:v_calib_data$2)
                  0001c574    00000005     bme280_support.obj (.const:.string:$P$T0$1)
                  0001c579    00000005     bmi160.obj (.const:.string:v_correct_u8$1)
                  0001c57e    00000004     driver.obj (.const:$P$T0$1)
                  0001c582    00000004     netapp.obj (.const:$P$T0$1)
                  0001c586    00000004     socket.obj (.const:$P$T0$1)
                  0001c58a    00000004     socket.obj (.const:$P$T1$2)
                  0001c58e    00000004     wlan.obj (.const:$P$T1$2)
                  0001c592    00000004     socket.obj (.const:$P$T2$3)
                  0001c596    00000004     wlan.obj (.const:$P$T2$3)
                  0001c59a    00000004     wlan.obj (.const:$P$T3$4)
                  0001c59e    00000004     socket.obj (.const:_SlAcceptCmdCtrl)
                  0001c5a2    00000004     device.obj (.const:_SlDeviceGetCmdCtrl)
                  0001c5a6    00000004     device.obj (.const:_SlDeviceSetCmdCtrl)
                  0001c5aa    00000004     device.obj (.const:_SlEventMaskGetCmdCtrl)
                  0001c5ae    00000004     device.obj (.const:_SlEventMaskSetCmdCtrl)
                  0001c5b2    00000004     netapp.obj (.const:_SlGetHostByNameCtrl)
                  0001c5b6    00000004     netapp.obj (.const:_SlGetHostByServiceCtrl)
                  0001c5ba    00000004     netapp.obj (.const:_SlGetServiceListeCtrl)
                  0001c5be    00000004     socket.obj (.const:_SlGetSockOptCmdCtrl)
                  0001c5c2    00000004     socket.obj (.const:_SlListenCmdCtrl)
                  0001c5c6    00000004     netapp.obj (.const:_SlNetAppGetCmdCtrl)
                  0001c5ca    00000004     netapp.obj (.const:_SlNetAppSendTokenValueCmdCtrl)
                  0001c5ce    00000004     netapp.obj (.const:_SlNetAppSetCmdCtrl)
                  0001c5d2    00000004     netapp.obj (.const:_SlNetAppStartCtrl)
                  0001c5d6    00000004     netapp.obj (.const:_SlNetAppStopCtrl)
                  0001c5da    00000004     netcfg.obj (.const:_SlNetCfgGetCmdCtrl)
                  0001c5de    00000004     netcfg.obj (.const:_SlNetCfgSetCmdCtrl)
                  0001c5e2    00000004     wlan.obj (.const:_SlPolicyGetCmdCtrl)
                  0001c5e6    00000004     wlan.obj (.const:_SlPolicySetCmdCtrl)
                  0001c5ea    00000004     wlan.obj (.const:_SlProfileDelCmdCtrl)
                  0001c5ee    00000004     wlan.obj (.const:_SlProfileGetCmdCtrl)
                  0001c5f2    00000004     socket.obj (.const:_SlRecvCmdCtrl)
                  0001c5f6    00000004     socket.obj (.const:_SlRecvfomCmdCtrl)
                  0001c5fa    00000004     netapp.obj (.const:_SlRegisterServiceCtrl)
                  0001c5fe    00000004     wlan.obj (.const:_SlRxFilterAddtCmdCtrl)
                  0001c602    00000004     wlan.obj (.const:_SlRxFilterGetCmdCtrl)
                  0001c606    00000004     wlan.obj (.const:_SlRxFilterSetCmdCtrl)
                  0001c60a    00000004     socket.obj (.const:_SlSelectCmdCtrl)
                  0001c60e    00000004     socket.obj (.const:_SlSendCmdCtrl)
                  0001c612    00000004     socket.obj (.const:_SlSetSockOptCmdCtrl)
                  0001c616    00000004     wlan.obj (.const:_SlSmartConfigStartCmdCtrl)
                  0001c61a    00000004     socket.obj (.const:_SlSockCloseCmdCtrl)
                  0001c61e    00000004     socket.obj (.const:_SlSockSocketCmdCtrl)
                  0001c622    00000004     device.obj (.const:_SlStopCmdCtrl)
                  0001c626    00000004     wlan.obj (.const:_SlWlanCfgGetCmdCtrl)
                  0001c62a    00000004     wlan.obj (.const:_SlWlanCfgSetCmdCtrl)
                  0001c62e    00000004     wlan.obj (.const:_SlWlanGetNetworkListCtrl)
                  0001c632    00000004     wlan.obj (.const:_SlWlanSetModeCmdCtrl)

.cinit     0    0001c638    00000078     
                  0001c638    0000004e     (.cinit..data.load) [load image, compression = lzss]
                  0001c686    00000002     --HOLE-- [fill = 0]
                  0001c688    0000000c     (__TI_handler_table)
                  0001c694    00000004     --HOLE-- [fill = 0]
                  0001c698    00000008     (.cinit..bss.load) [load image, compression = zero_init]
                  0001c6a0    00000010     (__TI_cinit_table)

.init_array 
*          0    00000000    00000000     UNINITIALIZED

.binit     0    00000000    00000000     

.bss       0    20000000    00008ec1     UNINITIALIZED
                  20000000    00007800     G8RTOS_Scheduler.obj (.bss:threadStacks)
                  20007800    000005a0     G8RTOS_Scheduler.obj (.bss:threadControlBlocks)
                  20007da0    0000036c     (.common:accel_fifo)
                  2000810c    0000036c     (.common:gyro_fifo)
                  20008478    0000036c     (.common:mag_fifo)
                  200087e4    000002d0     G8RTOS_Scheduler.obj (.bss:pthreadControlBlocks)
                  20008ab4    00000164     (.common:g_StatMem)
                  20008c18    00000100     BackChannelUart.obj (.bss:backChannelStringBuff)
                  20008d18    00000070     bmi160.obj (.bss:yas532_data)
                  20008d88    00000051     (.common:gamestate)
                  20008dd9    00000003     bmi160.obj (.bss:akm_asa_data)
                  20008ddc    0000003c     (.common:bme280)
                  20008e18    00000028     (.common:g__SlNonOsCB)
                  20008e40    00000014     (.common:s_bmi160)
                  20008e54    00000010     bmi160.obj (.bss:mag_trim)
                  20008e64    0000000c     G8RTOS_Scheduler.obj (.bss)
                  20008e70    00000007     (.common:clientInfo)
                  20008e77    00000001     (.common:IntIsMasked)
                  20008e78    00000006     (.common:accelxyz)
                  20008e7e    00000006     (.common:gyroxyz)
                  20008e84    00000004     bme280.obj (.bss)
                  20008e88    00000004     bmi160.obj (.bss)
                  20008e8c    00000004     tmp007.obj (.bss:buf)
                  20008e90    00000004     cc3100_usage.obj (.bss)
                  20008e94    00000004     (.common:ButtonFunction)
                  20008e98    00000004     (.common:CurrentlyRunningThread)
                  20008e9c    00000004     (.common:LCD_SEM)
                  20008ea0    00000004     (.common:SystemTime)
                  20008ea4    00000004     (.common:g_ui32ByteCount)
                  20008ea8    00000004     (.common:gamestate_sem)
                  20008eac    00000004     (.common:hfxtFreq)
                  20008eb0    00000004     (.common:lfxtFreq)
                  20008eb4    00000004     (.common:net_sem)
                  20008eb8    00000004     (.common:pData)
                  20008ebc    00000002     tmp007.obj (.bss)
                  20008ebe    00000001     (.common:buttonTap)
                  20008ebf    00000001     (.common:ui8DummyRead)
                  20008ec0    00000001     (.common:ui8Status)

.data      0    20008ec4    00000484     UNINITIALIZED
                  20008ec4    00000400     bmi160.obj (.data:v_fifo_data_u8)
                  200092c4    00000030     msp432p4xx_driverlib.lib : gpio.o (.data:GPIO_PORT_TO_BASE)
                  200092f4    00000014     cc3100_usage.obj (.data)
                  20009308    00000014     i2c_driver.obj (.data:i2cConfig)
                  2000931c    00000009     driver.obj (.data)
                  20009325    00000001     i2c_driver.obj (.data)
                  20009326    00000002     --HOLE--
                  20009328    00000008     rtsv7M4_T_le_v4SPD16_eabi.lib : _lock.c.obj (.data:$O1$$)
                  20009330    00000008     bmi160.obj (.data)
                  20009338    00000004     board.obj (.data)
                  2000933c    00000004     rtsv7M4_T_le_v4SPD16_eabi.lib : errno.c.obj (.data)
                  20009340    00000004                                   : rand.c.obj (.data)
                  20009344    00000004     system_msp432p401r.obj (.data)

.stack     0    2000fe00    00000200     UNINITIALIZED
                  2000fe00    00000004     rtsv7M4_T_le_v4SPD16_eabi.lib : boot_cortex_m.c.obj (.stack)
                  2000fe04    000001fc     --HOLE--

__llvm_prf_cnts 
*          0    20000000    00000000     UNINITIALIZED

MODULE SUMMARY

       Module                        code     ro data   rw data
       ------                        ----     -------   -------
    ./
       Game.obj                      5280     0         210    
       system_msp432p401r.obj        820      0         8      
       startup_msp432p401r_ccs.obj   14       228       0      
       main.obj                      140      0         0      
    +--+-----------------------------+--------+---------+---------+
       Total:                        6254     228       218    
                                                               
    ./BoardSupportPackage/src/
       bmi160.obj                    54752    28        7590   
       bme280.obj                    6160     0         8      
       bmi160_support.obj            3112     0         64     
       LCDLib.obj                    1974     0         0      
       AsciiLib.obj                  64       1520      0      
       BackChannelUart.obj           760      36        512    
       i2c_driver.obj                864      0         62     
       bme280_support.obj            736      5         120    
       tmp007.obj                    564      0         12     
       RGBLeds.obj                   496      0         0      
       Joystick.obj                  376      0         8      
       opt3001.obj                   254      0         0      
       ClockSys.obj                  132      0         0      
       BSP.obj                       64       0         0      
       demo_sysctl.obj               44       0         0      
    +--+-----------------------------+--------+---------+---------+
       Total:                        70352    1589      8376   
                                                               
    ./CC3100SupportPackage/board/
       board.obj                     848      0         10     
    +--+-----------------------------+--------+---------+---------+
       Total:                        848      0         10     
                                                               
    ./CC3100SupportPackage/cc3100_usage/
       cc3100_usage.obj              1680     76        48     
    +--+-----------------------------+--------+---------+---------+
       Total:                        1680     76        48     
                                                               
    ./CC3100SupportPackage/simplelink/source/
       driver.obj                    8244     76        730    
       socket.obj                    3796     52        0      
       wlan.obj                      2752     236       0      
       netapp.obj                    2876     40        0      
       device.obj                    1464     20        0      
       nonos.obj                     304      0         80     
       netcfg.obj                    272      8         0      
       flowcont.obj                  128      0         0      
    +--+-----------------------------+--------+---------+---------+
       Total:                        19836    432       810    
                                                               
    ./CC3100SupportPackage/spi_cc3100/
       spi_cc3100.obj                528      0         0      
    +--+-----------------------------+--------+---------+---------+
       Total:                        528      0         0      
                                                               
    ./G8RTOS_Lab5/
       G8RTOS_Scheduler.obj          1944     0         65792  
       G8RTOS_Semaphores.obj         160      0         0      
       G8RTOS_SchedulerASM.obj       96       0         0      
       G8RTOS_CriticalSection.obj    14       0         0      
    +--+-----------------------------+--------+---------+---------+
       Total:                        2214     0         65792  
                                                               
    ../BoardSupportPackage/DriverLib/msp432p4xx_driverlib.lib
       cs.o                          1202     0         16     
       pcm.o                         1194     0         0      
       interrupt.o                   252      144       0      
       i2c.o                         320      0         0      
       gpio.o                        148      0         96     
       spi.o                         208      0         0      
       uart.o                        196      0         0      
       sysctl.o                      124      0         0      
       wdt_a.o                       48       0         0      
       flash.o                       40       0         0      
       rtc_c.o                       36       0         0      
       cpu.o                         16       0         0      
    +--+-----------------------------+--------+---------+---------+
       Total:                        3784     144       112    
                                                               
    /home/sahil/ti/ccs1020/ccs/tools/compiler/ti-cgt-arm_20.2.4.LTS/lib/rtsv7M4_T_le_v4SPD16_eabi.lib
       _printfi.c.obj                4851     0         0      
       fd_add_t2.asm.obj             438      0         0      
       fd_div_t2.asm.obj             310      0         0      
       s_scalbn.c.obj                272      0         0      
       fd_cmp_t2.asm.obj             268      0         0      
       ctype.c.obj                   0        257       0      
       fd_mul_t2.asm.obj             252      0         0      
       memcpy_t2.asm.obj             156      0         0      
       ull_div_t2.asm.obj            150      0         0      
       snprintf.c.obj                148      0         0      
       memset_t2.asm.obj             122      0         0      
       ll_div_t2.asm.obj             110      0         0      
       copy_decompress_lzss.c.obj    104      0         0      
       s_frexp.c.obj                 100      0         0      
       sprintf.c.obj                 98       0         0      
       _ltoa.c.obj                   84       0         0      
       atoi.c.obj                    76       0         0      
       fd_toi_t2.asm.obj             72       0         0      
       autoinit.c.obj                68       0         0      
       rand.c.obj                    52       0         8      
       boot_cortex_m.c.obj           52       0         0      
       i_tofd_t2.asm.obj             46       0         0      
       memccpy.c.obj                 28       0         0      
       s_copysign.c.obj              26       0         0      
       ll_mul_t2.asm.obj             24       0         0      
       strchr.c.obj                  22       0         0      
       strcpy.c.obj                  20       0         0      
       strlen.c.obj                  20       0         0      
       _lock.c.obj                   2        0         16     
       wcslen.c.obj                  18       0         0      
       errno.c.obj                   8        0         8      
       copy_decompress_none.c.obj    14       0         0      
       copy_zero_init.c.obj          12       0         0      
       exit.c.obj                    4        0         0      
       pre_init.c.obj                4        0         0      
       div0.asm.obj                  2        0         0      
    +--+-----------------------------+--------+---------+---------+
       Total:                        8033     257       32     
                                                               
       Stack:                        0        0         1024   
       Linker Generated:             0        114       0      
    +--+-----------------------------+--------+---------+---------+
       Grand Total:                  113529   2840      76422  


LINKER GENERATED COPY TABLES

__TI_cinit_table @ 0001c6a0 records: 2, size/record: 8, table size: 16
	.data: load addr=0001c638, load size=0000004e bytes, run addr=20008ec4, run size=00000484 bytes, compression=lzss
	.bss: load addr=0001c698, load size=00000008 bytes, run addr=20000000, run size=00008ec1 bytes, compression=zero_init


LINKER GENERATED HANDLER TABLE

__TI_handler_table @ 0001c688 records: 3, size/record: 4, table size: 12
	index: 0, handler: __TI_decompress_lzss
	index: 1, handler: __TI_decompress_none
	index: 2, handler: __TI_zero_init


GLOBAL SYMBOLS: SORTED ALPHABETICALLY BY Name 

address   name                                                  
-------   ----                                                  
0001bb9d  ADC14_IRQHandler                                      
0001bb9d  AES256_IRQHandler                                     
000186fd  BME280_I2C_bus_read                                   
000186d1  BME280_I2C_bus_write                                  
00018729  BME280_SPI_bus_read                                   
0001878f  BME280_SPI_bus_write                                  
000187ff  BME280_delay_msek                                     
0001b429  BSP_InitBoard                                         
00018309  BackChannelEventTrigger                               
00018283  BackChannelInit                                       
00018321  BackChannelOpt3001PrintRaw                            
0001829f  BackChannelPrint                                      
000182eb  BackChannelPrintIntVariable                           
00018363  BackupChannelBmi160PrintAccel                         
0001838f  BackupChannelBmi160PrintGyro                          
000183bb  BackupChannelBmi160PrintMag                           
0001833d  BackupChannelTmp007PrintRaw                           
0001bb9d  BusFault_Handler                                      
20008e94  ButtonFunction                                        
00010f29  ButtonTap_port4                                       
0001bc6f  C$$EXIT                                               
00017c37  CC3100_InterruptDisable                               
00017c0d  CC3100_InterruptEnable                                
00017bf5  CC3100_disable                                        
00017c01  CC3100_enable                                         
0001bb9d  COMP_E0_IRQHandler                                    
0001bb9d  COMP_E1_IRQHandler                                    
0001bb9f  CPU_cpsie                                             
0001bc5b  CPU_wfi                                               
0001bb9d  CS_IRQHandler                                         
0001b7ed  CS_clearInterruptFlag                                 
00019e69  CS_getDCOFrequency                                    
0001b9e5  CS_getMCLK                                            
0001b9fd  CS_getSMCLK                                           
0001a169  CS_initClockSignal                                    
0001b811  CS_setDCOCenteredFrequency                            
0001baa5  CS_setExternalClockSourceFrequency                    
0001bc31  CS_startHFXT                                          
0001a5cd  CS_startHFXTWithTimeout                               
0001aad3  ClockSys_GetSysFreq                                   
0001aa65  ClockSys_SetMaxFreq                                   
00014501  CopyPingResultsToReport                               
00010f43  CreateGame                                            
20008e98  CurrentlyRunningThread                                
0001bb9d  DMA_ERR_IRQHandler                                    
0001bb9d  DMA_INT0_IRQHandler                                   
0001bb9d  DMA_INT1_IRQHandler                                   
0001bb9d  DMA_INT2_IRQHandler                                   
0001bb9d  DMA_INT3_IRQHandler                                   
0001bb9d  DebugMon_Handler                                      
0001bb9d  Default_Handler                                       
00017e93  Delay                                                 
0001b7c5  DelayMs                                               
000196e9  Disable_Joystick_Interrupt                            
00011fbd  DrawObjects                                           
00017ee1  EUSCIA0_IRQHandler                                    
00017ee1  EUSCIA0_IRQHandler                                    
0001bb9d  EUSCIA1_IRQHandler                                    
0001bb9d  EUSCIA2_IRQHandler                                    
0001bb9d  EUSCIA3_IRQHandler                                    
0001bb9d  EUSCIB0_IRQHandler                                    
00017b19  EUSCIB1_IRQHandler                                    
00017b19  EUSCIB1_IRQHandler                                    
0001bb9d  EUSCIB2_IRQHandler                                    
0001bb9d  EUSCIB3_IRQHandler                                    
0001b925  EUSCI_A_SPI_isBusy                                    
0001bc37  EUSCI_A_SPI_receiveData                               
0001bc5f  EUSCI_A_SPI_transmitData                              
0001b941  EUSCI_B_SPI_isBusy                                    
0001bc3d  EUSCI_B_SPI_receiveData                               
0001bc63  EUSCI_B_SPI_transmitData                              
0001bb61  EndCriticalSection                                    
00011dc9  EndOfGameClient                                       
000117b1  EndOfGameHost                                         
0001bb9d  FLCTL_IRQHandler                                      
0001bb9d  FPU_IRQHandler                                        
0001b74d  FlashCtl_setWaitState                                 
000165f1  G8RTOS_AddAPeriodicEvent                              
00016369  G8RTOS_AddPThread                                     
00016161  G8RTOS_AddThread                                      
0001648b  G8RTOS_GetThreadID                                    
000160c9  G8RTOS_Init                                           
0001a52d  G8RTOS_InitSemaphore                                  
00016595  G8RTOS_KillAllOtherThreads                            
00016571  G8RTOS_KillSelf                                       
00016499  G8RTOS_KillThread                                     
000160fd  G8RTOS_Launch                                         
00015fbf  G8RTOS_Scheduler                                      
0001a583  G8RTOS_SignalSemaphore                                
0001af45  G8RTOS_Start                                          
0001a547  G8RTOS_WaitSemaphore                                  
0001b2cd  GPIO_setAsPeripheralModuleFunctionInputPin            
0001b19d  GPIO_setAsPeripheralModuleFunctionOutputPin           
00011225  GenerateBall                                          
0001b3e9  GetASCIICode                                          
000196ff  GetJoystickCoordinates                                
00017ddf  GetLEDStatus                                          
0001bb9d  HardFault_Handler                                     
0001bb67  I2C_clearInterruptFlag                                
0001bb75  I2C_disableInterrupt                                  
0001bbab  I2C_disableModule                                     
0001bc09  I2C_enableInterrupt                                   
0001bbb7  I2C_enableModule                                      
0001bc43  I2C_getEnabledInterruptStatus                         
0001bc49  I2C_getInterruptStatus                                
0001b4e9  I2C_initMaster                                        
0001bab9  I2C_isBusBusy                                         
0001bc4f  I2C_masterReceiveMultiByteNext                        
0001bb07  I2C_masterReceiveStart                                
0001b835  I2C_masterSendMultiByteNext                           
0001b565  I2C_masterSendMultiByteStart                          
0001b639  I2C_masterSendMultiByteStop                           
0001869f  I2C_routine                                           
0001bc67  I2C_setSlaveAddress                                   
0001239f  IdleThread                                            
20008e77  IntIsMasked                                           
0001ae15  Interrupt_disableInterrupt                            
0001ae79  Interrupt_enableInterrupt                             
0001bb17  Interrupt_enableMaster                                
0001b859  Interrupt_setPriority                                 
000119b5  JoinGame                                              
00019635  Joystick_Init_Without_Interrupt                       
00019693  Joystick_Push_Button_Init_With_Interrupt              
000174b9  LCD_Clear                                             
00017371  LCD_DrawRectangle                                     
0001757d  LCD_Init                                              
0001afa1  LCD_ReadData                                          
00017843  LCD_ReadPixelColor                                    
20008e9c  LCD_SEM                                               
0001b8c5  LCD_SetCursor                                         
0001752b  LCD_SetPoint                                          
0001741f  LCD_Text                                              
0001b469  LCD_WriteData                                         
0001b59d  LCD_WriteIndex                                        
0001b95d  LCD_WriteReg                                          
0001b8e5  LCD_Write_Data_Only                                   
0001bbf5  LCD_Write_Data_Start                                  
00018ef1  LP3943_LedModeSet                                     
00017c55  MaskIntHdlr                                           
0001bb9d  MemManage_Handler                                     
000113dd  MoveBall                                              
000120c5  MoveLEDs                                              
0001bb9d  NMI_Handler                                           
00016461  OS_Sleep                                              
0001bb9d  PCM_IRQHandler                                        
0001b6f7  PCM_getCoreVoltageLevel                               
0001b723  PCM_getPowerMode                                      
0001bbc5  PCM_getPowerState                                     
0001b775  PCM_gotoLPM0                                          
0001ab69  PCM_gotoLPM3                                          
0001bb27  PCM_gotoLPM4                                          
0001bc11  PCM_setCoreVoltageLevel                               
0001bc19  PCM_setPowerMode                                      
0001bc21  PCM_setPowerState                                     
0001b0fd  PCM_shutdownDevice                                    
00017e91  PORT1_IRQHandler                                      
00017e91  PORT1_IRQHandler                                      
00017ebb  PORT2_IRQHandler                                      
00017ebb  PORT2_IRQHandler                                      
0001bb9d  PORT3_IRQHandler                                      
0001bb9d  PORT4_IRQHandler                                      
0001bb9d  PORT5_IRQHandler                                      
0001bb9d  PORT6_IRQHandler                                      
0001bb9d  PSS_IRQHandler                                        
0001af5f  PendSV_Handler                                        
0001af5f  PendSV_Handler                                        
0001a489  PutChar                                               
0001bb9d  RTC_C_IRQHandler                                      
0001b87d  RTC_C_holdClock                                       
00011d19  ReadJoystickClient                                    
0001128b  ReadJoystickHost                                      
00016c09  ReceiveData                                           
00011169  ReceiveDataFromClient                                 
00011c49  ReceiveDataFromHost                                   
0001bb91  Reset_Handler                                         
0001317f  SL_FD_CLR                                             
000131a5  SL_FD_ISSET                                           
0001315d  SL_FD_SET                                             
000131cd  SL_FD_ZERO                                            
0001b79d  SPISendRecvByte                                       
0001b995  SPI_isBusy                                            
0001b9af  SPI_receiveData                                       
000186bb  SPI_routine                                           
0001b905  SPI_transmitData                                      
0001bb9d  SVC_Handler                                           
00017e4d  SelAntenna                                            
00016be9  SendData                                              
00011109  SendDataToClient                                      
00011cd5  SendDataToHost                                        
00016ccd  SimpleLinkGeneralEventHandler                         
00016cc1  SimpleLinkHttpServerCallback                          
00016c89  SimpleLinkNetAppEventHandler                          
00016cd7  SimpleLinkSockEventHandler                            
00016c35  SimpleLinkWlanEventHandler                            
20009304  SockIDRx                                              
20009306  SockIDTx                                              
0001bb59  StartCriticalSection                                  
0001bc55  SysCtlDelay                                           
0001bb39  SysCtl_disableNMISource                               
0001bb49  SysCtl_enableNMISource                                
0001bbd1  SysCtl_getNMISourceStatus                             
0001b14d  SysCtl_getTLVInfo                                     
00016029  SysTick_Handler                                       
00016029  SysTick_Handler                                       
20009344  SystemCoreClock                                       
00017f31  SystemCoreClockUpdate                                 
000181a9  SystemInit                                            
20008ea0  SystemTime                                            
0001bb9d  T32_INT1_IRQHandler                                   
0001bb9d  T32_INT2_IRQHandler                                   
0001bb9d  T32_INTC_IRQHandler                                   
0001bb9d  TA0_0_IRQHandler                                      
0001bb9d  TA0_N_IRQHandler                                      
0001bb9d  TA1_0_IRQHandler                                      
0001bb9d  TA1_N_IRQHandler                                      
0001bb9d  TA2_0_IRQHandler                                      
0001bb9d  TA2_N_IRQHandler                                      
0001bb9d  TA3_0_IRQHandler                                      
0001bb9d  TA3_N_IRQHandler                                      
000177a5  TP_ReadXY                                             
0001bbdd  UART_enableModule                                     
0001a839  UART_initModule                                       
0001b8a1  UART_transmitData                                     
00017c5d  UnMaskIntHdlr                                         
00012189  UpdateBallOnScreen                                    
00012269  UpdatePlayerOnScreen                                  
0001bb9d  UsageFault_Handler                                    
20009330  V_bmm150_maual_auto_condition_u8                      
20009334  V_fifo_time_U32                                       
4000480c  WDTCTL_SYM                                            
0001bb9d  WDT_A_IRQHandler                                      
0001ba15  WDT_A_clearTimer                                      
0001ba2d  WDT_A_holdTimer                                       
0001c59e  _SlAcceptCmdCtrl                                      
0001c4a8  _SlActionLookupTable                                  
0000e591  _SlAsyncEventGenericHandler                           
0001c5a2  _SlDeviceGetCmdCtrl                                   
0001c5a6  _SlDeviceSetCmdCtrl                                   
0000efa9  _SlDrvBasicCmd                                        
0000ec57  _SlDrvClassifyRxMsg                                   
0000d88f  _SlDrvCmdOp                                           
0000d93f  _SlDrvCmdSend                                         
0000d995  _SlDrvDataReadOp                                      
0000db99  _SlDrvDataWriteOp                                     
0001724f  _SlDrvDeviceEventHandler                              
0000d7a9  _SlDrvDriverCBDeinit                                  
0000d6c5  _SlDrvDriverCBInit                                    
0001ab27  _SlDrvFlowContDeinit                                  
0001aae9  _SlDrvFlowContInit                                    
0000df59  _SlDrvMsgRead                                         
0000ea79  _SlDrvMsgReadCmdCtx                                   
0000eb73  _SlDrvMsgReadSpawnCtx                                 
0000dd65  _SlDrvMsgWrite                                        
000148d1  _SlDrvNetAppEventHandler                              
0000f4a1  _SlDrvObjDeInit                                       
0000f425  _SlDrvObjInit                                         
0000f219  _SlDrvReleasePoolObj                                  
0000eda5  _SlDrvRxHdrRead                                       
0000d84d  _SlDrvRxIrqHandler                                    
0000ed5d  _SlDrvShiftDWord                                      
0000f011  _SlDrvWaitForPoolObj                                  
0001c5aa  _SlEventMaskGetCmdCtrl                                
0001c5ae  _SlEventMaskSetCmdCtrl                                
0000f57f  _SlFindAndSetActiveObj                                
0001c5b2  _SlGetHostByNameCtrl                                  
0001c5b6  _SlGetHostByServiceCtrl                               
0001c5ba  _SlGetServiceListeCtrl                                
0001c5be  _SlGetSockOptCmdCtrl                                  
0001c5c2  _SlListenCmdCtrl                                      
0001c5c6  _SlNetAppGetCmdCtrl                                   
0001c5ca  _SlNetAppSendTokenValueCmdCtrl                        
0001c5ce  _SlNetAppSetCmdCtrl                                   
0001c5d2  _SlNetAppStartCtrl                                    
0001c5d6  _SlNetAppStopCtrl                                     
0001c5da  _SlNetCfgGetCmdCtrl                                   
0001c5de  _SlNetCfgSetCmdCtrl                                   
00019ab9  _SlNonOsMainLoopTask                                  
00019a0d  _SlNonOsSemGet                                        
000199f5  _SlNonOsSemSet                                        
00019a69  _SlNonOsSpawn                                         
0001c5e2  _SlPolicyGetCmdCtrl                                   
0001c5e6  _SlPolicySetCmdCtrl                                   
0001c5ea  _SlProfileDelCmdCtrl                                  
0001c5ee  _SlProfileGetCmdCtrl                                  
0001c5f2  _SlRecvCmdCtrl                                        
0001c5f6  _SlRecvfomCmdCtrl                                     
0001c5fa  _SlRegisterServiceCtrl                                
0000f4c1  _SlRemoveFromList                                     
0001c5fe  _SlRxFilterAddtCmdCtrl                                
0001c602  _SlRxFilterGetCmdCtrl                                 
0001c606  _SlRxFilterSetCmdCtrl                                 
0001c60a  _SlSelectCmdCtrl                                      
0001c60e  _SlSendCmdCtrl                                        
0001c612  _SlSetSockOptCmdCtrl                                  
0001c616  _SlSmartConfigStartCmdCtrl                            
0001c61a  _SlSockCloseCmdCtrl                                   
0001c61e  _SlSockSocketCmdCtrl                                  
0001c622  _SlStopCmdCtrl                                        
0001c626  _SlWlanCfgGetCmdCtrl                                  
0001c62a  _SlWlanCfgSetCmdCtrl                                  
0001c62e  _SlWlanGetNetworkListCtrl                             
0001c632  _SlWlanSetModeCmdCtrl                                 
20010000  __STACK_END                                           
00000200  __STACK_SIZE                                          
0001c6a0  __TI_CINIT_Base                                       
0001c6b0  __TI_CINIT_Limit                                      
0001c688  __TI_Handler_Table_Base                               
0001c694  __TI_Handler_Table_Limit                              
0001b3a5  __TI_auto_init_nobinit_nopinit                        
0001adad  __TI_decompress_lzss                                  
0001bb83  __TI_decompress_none                                  
0001b057  __TI_ltoa                                             
ffffffff  __TI_pprof_out_hndl                                   
000154a1  __TI_printfi                                          
ffffffff  __TI_prof_data_size                                   
ffffffff  __TI_prof_data_start                                  
00000000  __TI_static_base__                                    
0001bbe9  __TI_zero_init                                        
0001a959  __aeabi_cdcmpeq                                       
0001a959  __aeabi_cdcmple                                       
0001a9df  __aeabi_cdrcmple                                      
0001b35d  __aeabi_d2iz                                          
000192bb  __aeabi_dadd                                          
000198bd  __aeabi_ddiv                                          
0001a06b  __aeabi_dmul                                          
000192b1  __aeabi_dsub                                          
0001bc29  __aeabi_errno_addr                                    
0001b6c9  __aeabi_i2d                                           
00019607  __aeabi_idiv0                                         
00019607  __aeabi_ldiv0                                         
0001ad3f  __aeabi_ldivmod                                       
0001ba75  __aeabi_lmul                                          
0001abe5  __aeabi_memclr                                        
0001abe5  __aeabi_memclr4                                       
0001abe5  __aeabi_memclr8                                       
0001a705  __aeabi_memcpy                                        
0001a705  __aeabi_memcpy4                                       
0001a705  __aeabi_memcpy8                                       
0001abe7  __aeabi_memset                                        
0001abe7  __aeabi_memset4                                       
0001abe7  __aeabi_memset8                                       
0001a7a1  __aeabi_uldivmod                                      
ffffffff  __binit__                                             
ffffffff  __c_args__                                            
UNDEFED   __mpu_init                                            
2000fe00  __stack                                               
20000000  __start___llvm_prf_cnts                               
20000000  __stop___llvm_prf_cnts                                
0001b5d1  _c_int00_noargs                                       
0001c264  _ctypes_                                              
20009328  _lock                                                 
00015eef  _nop                                                  
000123a9  _sl_BuildAddress                                      
00016d19  _sl_GetStartResponseConvert                           
00012dbd  _sl_HandleAsync_Accept                                
000129b7  _sl_HandleAsync_Connect                               
000142eb  _sl_HandleAsync_DnsGetHostByAddr                      
00014439  _sl_HandleAsync_DnsGetHostByName                      
0001421d  _sl_HandleAsync_DnsGetHostByService                   
00016e7d  _sl_HandleAsync_InitComplete                          
0001453d  _sl_HandleAsync_PingResponse                          
000131e5  _sl_HandleAsync_Select                                
00016f2f  _sl_HandleAsync_Stop                                  
000124c1  _sl_ParseAddress                                      
000123f9  _sl_TruncatePayloadByProtocol                         
UNDEFED   _system_post_cinit                                    
0001bc6b  _system_pre_init                                      
2000932c  _unlock                                               
0001bc6f  abort                                                 
20007da0  accel_fifo                                            
20008e78  accelxyz                                              
0001b235  atoi                                                  
ffffffff  binit                                                 
20008ddc  bme280                                                
0000fa37  bme280_compensate_humidity_int32                      
0000faed  bme280_compensate_humidity_int32_sixteen_bit_output   
0000f8b1  bme280_compensate_pressure_int32                      
00010c75  bme280_compensate_pressure_int64                      
00010e77  bme280_compensate_pressure_int64_twentyfour_bit_output
0000f7af  bme280_compensate_temperature_int32                   
0000f827  bme280_compensate_temperature_int32_sixteen_bit_output
00010e91  bme280_compute_wait_time                              
0001855d  bme280_data_readout_template                          
0000fc07  bme280_get_calib_param                                
000106c7  bme280_get_filter                                     
00010a2b  bme280_get_forced_uncomp_pressure_temperature_humidity
00010123  bme280_get_oversamp_humidity                          
0000ff6b  bme280_get_oversamp_pressure                          
0000fda9  bme280_get_oversamp_temperature                       
00010311  bme280_get_power_mode                                 
00010519  bme280_get_spi3                                       
0001087b  bme280_get_standby_durn                               
0000f6f9  bme280_init                                           
00018649  bme280_initialize_sensor                              
0000fba7  bme280_read_pressure_temperature_humidity             
00010c2f  bme280_read_register                                  
0000f9e1  bme280_read_uncomp_humidity                           
0000f851  bme280_read_uncomp_pressure                           
0000fb15  bme280_read_uncomp_pressure_temperature_humidity      
0000f74f  bme280_read_uncomp_temperature                        
00010717  bme280_set_filter                                     
0001017d  bme280_set_oversamp_humidity                          
0000ffc7  bme280_set_oversamp_pressure                          
0000fe05  bme280_set_oversamp_temperature                       
0001035f  bme280_set_power_mode                                 
000104d9  bme280_set_soft_rst                                   
00010567  bme280_set_spi3                                       
000108cb  bme280_set_standby_durn                               
00010be9  bme280_write_register                                 
00007511  bmi160_accel_foc_trigger_xyz                          
0000ac11  bmi160_bmm150_mag_compensate_X                        
0000acbb  bmi160_bmm150_mag_compensate_Y                        
0000ad65  bmi160_bmm150_mag_compensate_Z                        
0000abb5  bmi160_bmm150_mag_compensate_xyz                      
0000ae05  bmi160_bmm150_mag_interface_init                      
0000b2a7  bmi160_bmm150_mag_set_power_mode                      
0000b0b1  bmi160_bmm150_mag_wakeup                              
0000c00d  bmi160_bst_akm_compensate_X                           
0000c03f  bmi160_bst_akm_compensate_Y                           
0000c071  bmi160_bst_akm_compensate_Z                           
0000c0a3  bmi160_bst_akm_compensate_xyz                         
0000bc05  bmi160_bst_akm_mag_interface_init                     
0000c0f1  bmi160_bst_akm_set_powermode                          
0000caa1  bmi160_bst_yamaha_yas532_calib_values                 
0000c47b  bmi160_bst_yamaha_yas532_mag_interface_init           
0000d4e1  bmi160_bst_yas532_acquisition_command_register        
0000c911  bmi160_bst_yas532_magnetic_measure_set_offset         
0000d069  bmi160_bst_yas532_measurement_xyz_data                
0000cef5  bmi160_bst_yas532_normal_measurement_data             
0000c7b1  bmi160_bst_yas532_set_initial_values                  
0000d5a5  bmi160_bst_yas532_set_offset                          
0000ce59  bmi160_bst_yas532_xy1y2_to_linear                     
000095c1  bmi160_clear_step_counter                             
000132b9  bmi160_config_running_mode                            
00013e69  bmi160_delay_ms                                       
00001805  bmi160_fifo_data                                      
000017a5  bmi160_fifo_length                                    
0000191d  bmi160_get_accel_bw                                   
00000e21  bmi160_get_accel_data_rdy                             
000021f7  bmi160_get_accel_fifo_filter_data                     
000086ab  bmi160_get_accel_offset_compensation_xaxis            
00008791  bmi160_get_accel_offset_compensation_yaxis            
0000887b  bmi160_get_accel_offset_compensation_zaxis            
00008edb  bmi160_get_accel_offset_enable                        
0000183f  bmi160_get_accel_output_data_rate                     
00000481  bmi160_get_accel_power_mode_stat                      
00001ad9  bmi160_get_accel_range                                
0000829d  bmi160_get_accel_selftest_amp                         
000080e7  bmi160_get_accel_selftest_axis                        
000081bf  bmi160_get_accel_selftest_sign                        
000019ff  bmi160_get_accel_under_sampling_parameter             
00000d85  bmi160_get_data_rdy_mag                               
000002b5  bmi160_get_drop_cmd_err                               
00000219  bmi160_get_err_code                                   
00000351  bmi160_get_error_status                               
000001cd  bmi160_get_fatal_err                                  
000028a5  bmi160_get_fifo_accel_enable                          
0000212f  bmi160_get_fifo_down_accel                            
00001f87  bmi160_get_fifo_down_gyro                             
00002985  bmi160_get_fifo_gyro_enable                           
000026f1  bmi160_get_fifo_header_enable                         
000027cb  bmi160_get_fifo_mag_enable                            
0000235f  bmi160_get_fifo_stop_on_full                          
000025ff  bmi160_get_fifo_tag_intr1_enable                      
00002511  bmi160_get_fifo_tag_intr2_enable                      
00002437  bmi160_get_fifo_time_enable                           
000022d1  bmi160_get_fifo_wm                                    
000070db  bmi160_get_foc_accel_x                                
00007001  bmi160_get_foc_accel_y                                
00006f3b  bmi160_get_foc_accel_z                                
0000775b  bmi160_get_foc_gyro_enable                            
00000ce5  bmi160_get_foc_rdy                                    
00001ce5  bmi160_get_gyro_bw                                    
00000dd3  bmi160_get_gyro_data_rdy                              
00002055  bmi160_get_gyro_fifo_filter_data                      
00008961  bmi160_get_gyro_offset_compensation_xaxis             
00008b31  bmi160_get_gyro_offset_compensation_yaxis             
00008d09  bmi160_get_gyro_offset_compensation_zaxis             
00008fab  bmi160_get_gyro_offset_enable                         
00001bc9  bmi160_get_gyro_output_data_rate                      
00000433  bmi160_get_gyro_power_mode_stat                       
00001dbf  bmi160_get_gyro_range                                 
00000c49  bmi160_get_gyro_selftest                              
00008377  bmi160_get_gyro_selftest_start                        
00007f33  bmi160_get_gyro_sleep_state                           
00007d7b  bmi160_get_gyro_sleep_trigger                         
0000800d  bmi160_get_gyro_wakeup_intr                           
00007e53  bmi160_get_gyro_wakeup_trigger                        
00002a5f  bmi160_get_i2c_device_addr                            
00000267  bmi160_get_i2c_fail_err                               
00007bc7  bmi160_get_i2c_wdt_enable                             
00007ae7  bmi160_get_i2c_wdt_select                             
00007ca1  bmi160_get_if_mode                                    
000041f3  bmi160_get_input_enable                               
000046ed  bmi160_get_intr_any_motion                            
00005dbf  bmi160_get_intr_any_motion_durn                       
00005f53  bmi160_get_intr_any_motion_thres                      
00005519  bmi160_get_intr_data_rdy                              
00004a31  bmi160_get_intr_double_tap                            
00003ae5  bmi160_get_intr_edge_ctrl                             
00002f23  bmi160_get_intr_enable_0                              
00003393  bmi160_get_intr_enable_1                              
000037fb  bmi160_get_intr_enable_2                              
000051fd  bmi160_get_intr_fifo_full                             
00005389  bmi160_get_intr_fifo_wm                               
00004ee1  bmi160_get_intr_flat                                  
00006d83  bmi160_get_intr_flat_hold                             
00006e63  bmi160_get_intr_flat_hyst                             
00006cab  bmi160_get_intr_flat_theta                            
00004561  bmi160_get_intr_high_g                                
00005cb3  bmi160_get_intr_high_g_durn                           
00005beb  bmi160_get_intr_high_g_hyst                           
00005d39  bmi160_get_intr_high_g_thres                          
00003c6d  bmi160_get_intr_level                                 
0000437f  bmi160_get_intr_low_g                                 
00005937  bmi160_get_intr_low_g_durn                            
00005a43  bmi160_get_intr_low_g_hyst                            
00005b11  bmi160_get_intr_low_g_mode                            
000059bd  bmi160_get_intr_low_g_thres                           
0000577f  bmi160_get_intr_low_high_source                       
0000585d  bmi160_get_intr_motion_source                         
000048a5  bmi160_get_intr_nomotion                              
00004d4f  bmi160_get_intr_orient                                
00006bd1  bmi160_get_intr_orient_axes_enable                    
00006879  bmi160_get_intr_orient_blocking                       
00006953  bmi160_get_intr_orient_hyst                           
0000679b  bmi160_get_intr_orient_mode                           
00006a1b  bmi160_get_intr_orient_theta                          
00006af3  bmi160_get_intr_orient_ud_enable                      
00003dff  bmi160_get_intr_output_type                           
0000506d  bmi160_get_intr_pmu_trig                              
000062f1  bmi160_get_intr_significant_motion_proof              
0000613d  bmi160_get_intr_significant_motion_select             
00006217  bmi160_get_intr_significant_motion_skip               
00004bc3  bmi160_get_intr_single_tap                            
00005e8b  bmi160_get_intr_slow_no_motion_durn                   
0000605f  bmi160_get_intr_slow_no_motion_select                 
00005fd9  bmi160_get_intr_slow_no_motion_thres                  
000063cb  bmi160_get_intr_tap_durn                              
000065fb  bmi160_get_intr_tap_quiet                             
00006521  bmi160_get_intr_tap_shock                             
000056a5  bmi160_get_intr_tap_source                            
000066d5  bmi160_get_intr_tap_thres                             
0000411b  bmi160_get_latch_intr                                 
00002b27  bmi160_get_mag_burst                                  
00000303  bmi160_get_mag_dada_rdy_err                           
00002cb9  bmi160_get_mag_manual_enable                          
00000c97  bmi160_get_mag_manual_operation_stat                  
00002bed  bmi160_get_mag_offset                                 
00001e97  bmi160_get_mag_output_data_rate                       
000003e1  bmi160_get_mag_power_mode_stat                        
00002d91  bmi160_get_mag_read_addr                              
00002e17  bmi160_get_mag_write_addr                             
00002e9d  bmi160_get_mag_write_data                             
000085e3  bmi160_get_nvm_counter                                
00007935  bmi160_get_nvm_prog_enable                            
00000d33  bmi160_get_nvm_rdy                                    
00003f8b  bmi160_get_output_enable                              
00009701  bmi160_get_paging_enable                              
0000d6ab  bmi160_get_ptr                                        
000097db  bmi160_get_pullup_configuration                       
00000bed  bmi160_get_sensor_time                                
00008517  bmi160_get_spare0_trim                                
00007a0f  bmi160_get_spi3                                       
00008451  bmi160_get_spi_enable                                 
00000f09  bmi160_get_stat0_any_motion_intr                      
00000fa5  bmi160_get_stat0_double_tap_intr                      
00001095  bmi160_get_stat0_flat_intr                            
00001041  bmi160_get_stat0_orient_intr                          
00000f57  bmi160_get_stat0_pmu_trigger_intr                     
00000ebb  bmi160_get_stat0_significant_intr                     
00000ff3  bmi160_get_stat0_single_tap_intr                      
00000e6f  bmi160_get_stat0_step_intr                            
0000117f  bmi160_get_stat1_data_rdy_intr                        
000011cd  bmi160_get_stat1_fifo_full_intr                       
0000121b  bmi160_get_stat1_fifo_wm_intr                         
000010e3  bmi160_get_stat1_high_g_intr                          
00001131  bmi160_get_stat1_low_g_intr                           
00001269  bmi160_get_stat1_nomotion_intr                        
000012b7  bmi160_get_stat2_any_motion_first_x                   
00001303  bmi160_get_stat2_any_motion_first_y                   
00001351  bmi160_get_stat2_any_motion_first_z                   
000013a5  bmi160_get_stat2_any_motion_sign                      
000013f3  bmi160_get_stat2_tap_first_x                          
00001441  bmi160_get_stat2_tap_first_y                          
0000148f  bmi160_get_stat2_tap_first_z                          
000014dd  bmi160_get_stat2_tap_sign                             
00001703  bmi160_get_stat3_flat                                 
0000152b  bmi160_get_stat3_high_g_first_x                       
00001577  bmi160_get_stat3_high_g_first_y                       
000015c5  bmi160_get_stat3_high_g_first_z                       
00001613  bmi160_get_stat3_high_g_sign                          
00001661  bmi160_get_stat3_orient_xy                            
000016b5  bmi160_get_stat3_orient_z                             
000090c7  bmi160_get_step_config                                
00009299  bmi160_get_step_counter_enable                        
00003a15  bmi160_get_step_detector_enable                       
00009627  bmi160_get_target_page                                
00001751  bmi160_get_temp                                       
00013dcf  bmi160_i2c_burst_read                                 
00013da3  bmi160_i2c_bus_read                                   
00013e01  bmi160_i2c_bus_write                                  
000000e5  bmi160_init                                           
0001327d  bmi160_initialize_sensor                              
00013cf1  bmi160_interrupt_configuration                        
000093f1  bmi160_map_significant_motion_intr                    
000094d9  bmi160_map_step_detector_intr                         
00000a7d  bmi160_read_accel_x                                   
00000b79  bmi160_read_accel_xyz                                 
00000ad1  bmi160_read_accel_y                                   
00000b25  bmi160_read_accel_z                                   
0000b761  bmi160_read_bmm150_mag_trim                           
0000bf25  bmi160_read_bst_akm_sensitivity_data                  
000098b9  bmi160_read_fifo_header_data                          
0000a289  bmi160_read_fifo_headerless_mode                      
00000909  bmi160_read_gyro_x                                    
00000a05  bmi160_read_gyro_xyz                                  
0000095d  bmi160_read_gyro_y                                    
000009b1  bmi160_read_gyro_z                                    
000006d9  bmi160_read_mag_r                                     
000004cf  bmi160_read_mag_x                                     
00000743  bmi160_read_mag_xyz                                   
0000084d  bmi160_read_mag_xyzr                                  
0000057d  bmi160_read_mag_y                                     
0000062b  bmi160_read_mag_z                                     
00000189  bmi160_read_reg                                       
00009073  bmi160_read_step_count                                
0000196b  bmi160_set_accel_bw                                   
00002245  bmi160_set_accel_fifo_filter_data                     
000071b9  bmi160_set_accel_foc_trigger                          
000086f7  bmi160_set_accel_offset_compensation_xaxis            
000087dd  bmi160_set_accel_offset_compensation_yaxis            
000088c7  bmi160_set_accel_offset_compensation_zaxis            
00008f29  bmi160_set_accel_offset_enable                        
0000188b  bmi160_set_accel_output_data_rate                     
00001b25  bmi160_set_accel_range                                
000082eb  bmi160_set_accel_selftest_amp                         
00008133  bmi160_set_accel_selftest_axis                        
00008211  bmi160_set_accel_selftest_sign                        
00001a4d  bmi160_set_accel_under_sampling_parameter             
0000b181  bmi160_set_bmm150_mag_and_secondary_if_power_mode     
0000b405  bmi160_set_bmm150_mag_presetmode                      
0000c315  bmi160_set_bst_akm_and_secondary_if_powermode         
000095ed  bmi160_set_command_register                           
000028f3  bmi160_set_fifo_accel_enable                          
0000217d  bmi160_set_fifo_down_accel                            
00001fd3  bmi160_set_fifo_down_gyro                             
000029d3  bmi160_set_fifo_gyro_enable                           
0000273f  bmi160_set_fifo_header_enable                         
00002819  bmi160_set_fifo_mag_enable                            
000023ab  bmi160_set_fifo_stop_on_full                          
00002651  bmi160_set_fifo_tag_intr1_enable                      
0000255f  bmi160_set_fifo_tag_intr2_enable                      
00002485  bmi160_set_fifo_time_enable                           
00002325  bmi160_set_fifo_wm                                    
00007129  bmi160_set_foc_accel_x                                
0000704f  bmi160_set_foc_accel_y                                
00006f87  bmi160_set_foc_accel_z                                
000077a9  bmi160_set_foc_gyro_enable                            
00001d33  bmi160_set_gyro_bw                                    
000020a3  bmi160_set_gyro_fifo_filter_data                      
00008a15  bmi160_set_gyro_offset_compensation_xaxis             
00008bed  bmi160_set_gyro_offset_compensation_yaxis             
00008dbf  bmi160_set_gyro_offset_compensation_zaxis             
00008ff9  bmi160_set_gyro_offset_enable                         
00001c15  bmi160_set_gyro_output_data_rate                      
00001e0b  bmi160_set_gyro_range                                 
000083c5  bmi160_set_gyro_selftest_start                        
[...]
00018ce1  spi_Close                                             
00018ced  spi_Open                                              
00018ddd  spi_Write                                             
00018e37  spi_Read                                              
00018ef1  LP3943_LedModeSet                                     
0001906b  init_RGBLEDS                                          
000192b1  __aeabi_dsub                                          
000192bb  __aeabi_dadd                                          
00019607  __aeabi_idiv0                                         
00019607  __aeabi_ldiv0                                         
00019635  Joystick_Init_Without_Interrupt                       
00019693  Joystick_Push_Button_Init_With_Interrupt              
000196e9  Disable_Joystick_Interrupt                            
000196ff  GetJoystickCoordinates                                
000198bd  __aeabi_ddiv                                          
000199f5  _SlNonOsSemSet                                        
00019a0d  _SlNonOsSemGet                                        
00019a69  _SlNonOsSpawn                                         
00019ab9  _SlNonOsMainLoopTask                                  
00019c49  sl_NetCfgSet                                          
00019caf  sl_NetCfgGet                                          
00019d59  ldexp                                                 
00019d59  ldexpl                                                
00019d59  scalbn                                                
00019d59  scalbnl                                               
00019e69  CS_getDCOFrequency                                    
00019f6d  sensorOpt3001Init                                     
00019f79  sensorOpt3001Enable                                   
00019fa5  sensorOpt3001Read                                     
0001a009  sensorOpt3001Test                                     
0001a06b  __aeabi_dmul                                          
0001a169  CS_initClockSignal                                    
0001a489  PutChar                                               
0001a52d  G8RTOS_InitSemaphore                                  
0001a547  G8RTOS_WaitSemaphore                                  
0001a583  G8RTOS_SignalSemaphore                                
0001a5cd  CS_startHFXTWithTimeout                               
0001a705  __aeabi_memcpy                                        
0001a705  __aeabi_memcpy4                                       
0001a705  __aeabi_memcpy8                                       
0001a705  memcpy                                                
0001a7a1  __aeabi_uldivmod                                      
0001a839  UART_initModule                                       
0001a8cd  main                                                  
0001a959  __aeabi_cdcmpeq                                       
0001a959  __aeabi_cdcmple                                       
0001a9df  __aeabi_cdrcmple                                      
0001aa65  ClockSys_SetMaxFreq                                   
0001aad3  ClockSys_GetSysFreq                                   
0001aae9  _SlDrvFlowContInit                                    
0001ab27  _SlDrvFlowContDeinit                                  
0001ab69  PCM_gotoLPM3                                          
0001abe5  __aeabi_memclr                                        
0001abe5  __aeabi_memclr4                                       
0001abe5  __aeabi_memclr8                                       
0001abe7  __aeabi_memset                                        
0001abe7  __aeabi_memset4                                       
0001abe7  __aeabi_memset8                                       
0001abed  memset                                                
0001ad3f  __aeabi_ldivmod                                       
0001adad  __TI_decompress_lzss                                  
0001ae15  Interrupt_disableInterrupt                            
0001ae79  Interrupt_enableInterrupt                             
0001aedd  frexp                                                 
0001aedd  frexpl                                                
0001af45  G8RTOS_Start                                          
0001af5f  PendSV_Handler                                        
0001af5f  PendSV_Handler                                        
0001afa1  LCD_ReadData                                          
0001b057  __TI_ltoa                                             
0001b0fd  PCM_shutdownDevice                                    
0001b14d  SysCtl_getTLVInfo                                     
0001b19d  GPIO_setAsPeripheralModuleFunctionOutputPin           
0001b235  atoi                                                  
0001b281  snprintf                                              
0001b2cd  GPIO_setAsPeripheralModuleFunctionInputPin            
0001b35d  __aeabi_d2iz                                          
0001b3a5  __TI_auto_init_nobinit_nopinit                        
0001b3e9  GetASCIICode                                          
0001b429  BSP_InitBoard                                         
0001b469  LCD_WriteData                                         
0001b4a9  sprintf                                               
0001b4e9  I2C_initMaster                                        
0001b565  I2C_masterSendMultiByteStart                          
0001b59d  LCD_WriteIndex                                        
0001b5d1  _c_int00_noargs                                       
0001b605  rand                                                  
0001b639  I2C_masterSendMultiByteStop                           
0001b6c9  __aeabi_i2d                                           
0001b6f7  PCM_getCoreVoltageLevel                               
0001b723  PCM_getPowerMode                                      
0001b74d  FlashCtl_setWaitState                                 
0001b775  PCM_gotoLPM0                                          
0001b79d  SPISendRecvByte                                       
0001b7c5  DelayMs                                               
0001b7ed  CS_clearInterruptFlag                                 
0001b811  CS_setDCOCenteredFrequency                            
0001b835  I2C_masterSendMultiByteNext                           
0001b859  Interrupt_setPriority                                 
0001b87d  RTC_C_holdClock                                       
0001b8a1  UART_transmitData                                     
0001b8c5  LCD_SetCursor                                         
0001b8e5  LCD_Write_Data_Only                                   
0001b905  SPI_transmitData                                      
0001b925  EUSCI_A_SPI_isBusy                                    
0001b941  EUSCI_B_SPI_isBusy                                    
0001b95d  LCD_WriteReg                                          
0001b979  memccpy                                               
0001b995  SPI_isBusy                                            
0001b9af  SPI_receiveData                                       
0001b9c9  copysign                                              
0001b9c9  copysignl                                             
0001b9e5  CS_getMCLK                                            
0001b9fd  CS_getSMCLK                                           
0001ba15  WDT_A_clearTimer                                      
0001ba2d  WDT_A_holdTimer                                       
0001ba75  __aeabi_lmul                                          
0001ba8d  strchr                                                
0001baa5  CS_setExternalClockSourceFrequency                    
0001bab9  I2C_isBusBusy                                         
0001bacd  strcpy                                                
0001bae1  strlen                                                
0001baf5  wcslen                                                
0001bb07  I2C_masterReceiveStart                                
0001bb17  Interrupt_enableMaster                                
0001bb27  PCM_gotoLPM4                                          
0001bb39  SysCtl_disableNMISource                               
0001bb49  SysCtl_enableNMISource                                
0001bb59  StartCriticalSection                                  
0001bb61  EndCriticalSection                                    
0001bb67  I2C_clearInterruptFlag                                
0001bb75  I2C_disableInterrupt                                  
0001bb83  __TI_decompress_none                                  
0001bb91  Reset_Handler                                         
0001bb9d  ADC14_IRQHandler                                      
0001bb9d  AES256_IRQHandler                                     
0001bb9d  BusFault_Handler                                      
0001bb9d  COMP_E0_IRQHandler                                    
0001bb9d  COMP_E1_IRQHandler                                    
0001bb9d  CS_IRQHandler                                         
0001bb9d  DMA_ERR_IRQHandler                                    
0001bb9d  DMA_INT0_IRQHandler                                   
0001bb9d  DMA_INT1_IRQHandler                                   
0001bb9d  DMA_INT2_IRQHandler                                   
0001bb9d  DMA_INT3_IRQHandler                                   
0001bb9d  DebugMon_Handler                                      
0001bb9d  Default_Handler                                       
0001bb9d  EUSCIA1_IRQHandler                                    
0001bb9d  EUSCIA2_IRQHandler                                    
0001bb9d  EUSCIA3_IRQHandler                                    
0001bb9d  EUSCIB0_IRQHandler                                    
0001bb9d  EUSCIB2_IRQHandler                                    
0001bb9d  EUSCIB3_IRQHandler                                    
0001bb9d  FLCTL_IRQHandler                                      
0001bb9d  FPU_IRQHandler                                        
0001bb9d  HardFault_Handler                                     
0001bb9d  MemManage_Handler                                     
0001bb9d  NMI_Handler                                           
0001bb9d  PCM_IRQHandler                                        
0001bb9d  PORT3_IRQHandler                                      
0001bb9d  PORT4_IRQHandler                                      
0001bb9d  PORT5_IRQHandler                                      
0001bb9d  PORT6_IRQHandler                                      
0001bb9d  PSS_IRQHandler                                        
0001bb9d  RTC_C_IRQHandler                                      
0001bb9d  SVC_Handler                                           
0001bb9d  T32_INT1_IRQHandler                                   
0001bb9d  T32_INT2_IRQHandler                                   
0001bb9d  T32_INTC_IRQHandler                                   
0001bb9d  TA0_0_IRQHandler                                      
0001bb9d  TA0_N_IRQHandler                                      
0001bb9d  TA1_0_IRQHandler                                      
0001bb9d  TA1_N_IRQHandler                                      
0001bb9d  TA2_0_IRQHandler                                      
0001bb9d  TA2_N_IRQHandler                                      
0001bb9d  TA3_0_IRQHandler                                      
0001bb9d  TA3_N_IRQHandler                                      
0001bb9d  UsageFault_Handler                                    
0001bb9d  WDT_A_IRQHandler                                      
0001bb9f  CPU_cpsie                                             
0001bbab  I2C_disableModule                                     
0001bbb7  I2C_enableModule                                      
0001bbc5  PCM_getPowerState                                     
0001bbd1  SysCtl_getNMISourceStatus                             
0001bbdd  UART_enableModule                                     
0001bbe9  __TI_zero_init                                        
0001bbf5  LCD_Write_Data_Start                                  
0001bc09  I2C_enableInterrupt                                   
0001bc11  PCM_setCoreVoltageLevel                               
0001bc19  PCM_setPowerMode                                      
0001bc21  PCM_setPowerState                                     
0001bc29  __aeabi_errno_addr                                    
0001bc31  CS_startHFXT                                          
0001bc37  EUSCI_A_SPI_receiveData                               
0001bc3d  EUSCI_B_SPI_receiveData                               
0001bc43  I2C_getEnabledInterruptStatus                         
0001bc49  I2C_getInterruptStatus                                
0001bc4f  I2C_masterReceiveMultiByteNext                        
0001bc55  SysCtlDelay                                           
0001bc5b  CPU_wfi                                               
0001bc5f  EUSCI_A_SPI_transmitData                              
0001bc63  EUSCI_B_SPI_transmitData                              
0001bc67  I2C_setSlaveAddress                                   
0001bc6b  _system_pre_init                                      
0001bc6f  C$$EXIT                                               
0001bc6f  abort                                                 
0001c264  _ctypes_                                              
0001c4a8  _SlActionLookupTable                                  
0001c55c  g_H2NCnysPattern                                      
0001c564  g_H2NSyncPattern                                      
0001c59e  _SlAcceptCmdCtrl                                      
0001c5a2  _SlDeviceGetCmdCtrl                                   
0001c5a6  _SlDeviceSetCmdCtrl                                   
0001c5aa  _SlEventMaskGetCmdCtrl                                
0001c5ae  _SlEventMaskSetCmdCtrl                                
0001c5b2  _SlGetHostByNameCtrl                                  
0001c5b6  _SlGetHostByServiceCtrl                               
0001c5ba  _SlGetServiceListeCtrl                                
0001c5be  _SlGetSockOptCmdCtrl                                  
0001c5c2  _SlListenCmdCtrl                                      
0001c5c6  _SlNetAppGetCmdCtrl                                   
0001c5ca  _SlNetAppSendTokenValueCmdCtrl                        
0001c5ce  _SlNetAppSetCmdCtrl                                   
0001c5d2  _SlNetAppStartCtrl                                    
0001c5d6  _SlNetAppStopCtrl                                     
0001c5da  _SlNetCfgGetCmdCtrl                                   
0001c5de  _SlNetCfgSetCmdCtrl                                   
0001c5e2  _SlPolicyGetCmdCtrl                                   
0001c5e6  _SlPolicySetCmdCtrl                                   
0001c5ea  _SlProfileDelCmdCtrl                                  
0001c5ee  _SlProfileGetCmdCtrl                                  
0001c5f2  _SlRecvCmdCtrl                                        
0001c5f6  _SlRecvfomCmdCtrl                                     
0001c5fa  _SlRegisterServiceCtrl                                
0001c5fe  _SlRxFilterAddtCmdCtrl                                
0001c602  _SlRxFilterGetCmdCtrl                                 
0001c606  _SlRxFilterSetCmdCtrl                                 
0001c60a  _SlSelectCmdCtrl                                      
0001c60e  _SlSendCmdCtrl                                        
0001c612  _SlSetSockOptCmdCtrl                                  
0001c616  _SlSmartConfigStartCmdCtrl                            
0001c61a  _SlSockCloseCmdCtrl                                   
0001c61e  _SlSockSocketCmdCtrl                                  
0001c622  _SlStopCmdCtrl                                        
0001c626  _SlWlanCfgGetCmdCtrl                                  
0001c62a  _SlWlanCfgSetCmdCtrl                                  
0001c62e  _SlWlanGetNetworkListCtrl                             
0001c632  _SlWlanSetModeCmdCtrl                                 
0001c688  __TI_Handler_Table_Base                               
0001c694  __TI_Handler_Table_Limit                              
0001c6a0  __TI_CINIT_Base                                       
0001c6b0  __TI_CINIT_Limit                                      
20000000  __start___llvm_prf_cnts                               
20000000  __stop___llvm_prf_cnts                                
20007da0  accel_fifo                                            
2000810c  gyro_fifo                                             
20008478  mag_fifo                                              
20008ab4  g_StatMem                                             
20008d88  gamestate                                             
20008ddc  bme280                                                
20008e18  g__SlNonOsCB                                          
20008e40  s_bmi160                                              
20008e70  clientInfo                                            
20008e77  IntIsMasked                                           
20008e78  accelxyz                                              
20008e7e  gyroxyz                                               
20008e94  ButtonFunction                                        
20008e98  CurrentlyRunningThread                                
20008e9c  LCD_SEM                                               
20008ea0  SystemTime                                            
20008ea4  g_ui32ByteCount                                       
20008ea8  gamestate_sem                                         
20008eb4  net_sem                                               
20008eb8  pData                                                 
20008ebe  buttonTap                                             
20008ebf  ui8DummyRead                                          
20008ec0  ui8Status                                             
20008ec4  v_fifo_data_u8                                        
200092f4  g_Status                                              
200092f8  retVal                                                
200092fc  receivedAlready                                       
20009300  transmitedAlready                                     
20009304  SockIDRx                                              
20009306  SockIDTx                                              
20009308  i2cConfig                                             
2000931c  g_pCB                                                 
20009320  pPingCallBackFunc                                     
20009324  gFirstCmdMode                                         
20009325  burstMode                                             
20009328  _lock                                                 
2000932c  _unlock                                               
20009330  V_bmm150_maual_auto_condition_u8                      
20009334  V_fifo_time_U32                                       
20009338  pIraEventHandler                                      
2000933c  errno                                                 
20009344  SystemCoreClock                                       
2000fe00  __stack                                               
20010000  __STACK_END                                           
4000480c  WDTCTL_SYM                                            
ffffffff  __TI_pprof_out_hndl                                   
ffffffff  __TI_prof_data_size                                   
ffffffff  __TI_prof_data_start                                  
ffffffff  __binit__                                             
ffffffff  __c_args__                                            
ffffffff  binit                                                 
UNDEFED   __mpu_init                                            
UNDEFED   _system_post_cinit                                    

[887 symbols]
